
 Start         Length     Name                   Class
 0001:00000000 00071498H .text                   CODE
 0002:00000000 00001C0CH .data                   DATA
 0002:00001C0C 00000C49H .bss                    BSS


Detailed map of segments

 0001:00000000 00004E97 C=CODE     S=.text    G=(none)   M=System   ACBP=A9
 0001:00004E98 00000140 C=CODE     S=.text    G=(none)   M=SysInit  ACBP=A9
 0001:00004FD8 00000078 C=CODE     S=.text    G=(none)   M=Types    ACBP=A9
 0001:00005050 00000CBC C=CODE     S=.text    G=(none)   M=Windows  ACBP=A9
 0001:00005D0C 00000038 C=CODE     S=.text    G=(none)   M=Messages ACBP=A9
 0001:00005D44 00000310 C=CODE     S=.text    G=(none)   M=SysConst ACBP=A9
 0001:00006054 00006848 C=CODE     S=.text    G=(none)   M=SysUtils ACBP=A9
 0001:0000C89C 000007FB C=CODE     S=.text    G=(none)   M=VarUtils ACBP=A9
 0001:0000D098 00005B12 C=CODE     S=.text    G=(none)   M=Variants ACBP=A9
 0001:00012BAC 00000120 C=CODE     S=.text    G=(none)   M=RTLConsts ACBP=A9
 0001:00012CCC 000007E8 C=CODE     S=.text    G=(none)   M=TypInfo  ACBP=A9
 0001:000134B4 000000C8 C=CODE     S=.text    G=(none)   M=ActiveX  ACBP=A9
 0001:0001357C 000097BE C=CODE     S=.text    G=(none)   M=Classes  ACBP=A9
 0001:0001CD3C 000002E8 C=CODE     S=.text    G=(none)   M=Consts   ACBP=A9
 0001:0001D024 000090CF C=CODE     S=.text    G=(none)   M=Graphics ACBP=A9
 0001:000260F4 00000048 C=CODE     S=.text    G=(none)   M=Math     ACBP=A9
 0001:0002613C 000002B8 C=CODE     S=.text    G=(none)   M=Contnrs  ACBP=A9
 0001:000263F4 000000FC C=CODE     S=.text    G=(none)   M=CommCtrl ACBP=A9
 0001:000264F0 00000787 C=CODE     S=.text    G=(none)   M=MultiMon ACBP=A9
 0001:00026C78 00000038 C=CODE     S=.text    G=(none)   M=Imm      ACBP=A9
 0001:00026CB0 00000FF8 C=CODE     S=.text    G=(none)   M=HelpIntfs ACBP=A9
 0001:00027CA8 00000038 C=CODE     S=.text    G=(none)   M=WinSpool ACBP=A9
 0001:00027CE0 00000044 C=CODE     S=.text    G=(none)   M=Printers ACBP=A9
 0001:00027D24 0000031F C=CODE     S=.text    G=(none)   M=FlatSB   ACBP=A9
 0001:00028044 000001A4 C=CODE     S=.text    G=(none)   M=SyncObjs ACBP=A9
 0001:000281E8 000009BB C=CODE     S=.text    G=(none)   M=UxTheme  ACBP=A9
 0001:00028BA4 00000038 C=CODE     S=.text    G=(none)   M=RichEdit ACBP=A9
 0001:00028BDC 00000038 C=CODE     S=.text    G=(none)   M=ToolWin  ACBP=A9
 0001:00028C14 00000038 C=CODE     S=.text    G=(none)   M=ShellAPI ACBP=A9
 0001:00028C4C 00000038 C=CODE     S=.text    G=(none)   M=RegStr   ACBP=A9
 0001:00028C84 00000038 C=CODE     S=.text    G=(none)   M=WinInet  ACBP=A9
 0001:00028CBC 00000038 C=CODE     S=.text    G=(none)   M=UrlMon   ACBP=A9
 0001:00028CF4 00000038 C=CODE     S=.text    G=(none)   M=ShlObj   ACBP=A9
 0001:00028D2C 00000038 C=CODE     S=.text    G=(none)   M=CommDlg  ACBP=A9
 0001:00028D64 00000038 C=CODE     S=.text    G=(none)   M=Dlgs     ACBP=A9
 0001:00028D9C 0000130D C=CODE     S=.text    G=(none)   M=Dialogs  ACBP=A9
 0001:0002A0AC 000026FA C=CODE     S=.text    G=(none)   M=ExtCtrls ACBP=A9
 0001:0002C7A8 00000038 C=CODE     S=.text    G=(none)   M=ComStrs  ACBP=A9
 0001:0002C7E0 00000094 C=CODE     S=.text    G=(none)   M=Clipbrd  ACBP=A9
 0001:0002C874 00000038 C=CODE     S=.text    G=(none)   M=StrUtils ACBP=A9
 0001:0002C8AC 000023BD C=CODE     S=.text    G=(none)   M=Buttons  ACBP=A9
 0001:0002EC6C 00000038 C=CODE     S=.text    G=(none)   M=ExtDlgs  ACBP=A9
 0001:0002ECA4 00000068 C=CODE     S=.text    G=(none)   M=IniFiles ACBP=A9
 0001:0002ED0C 00000068 C=CODE     S=.text    G=(none)   M=Registry ACBP=A9
 0001:0002ED74 0000006C C=CODE     S=.text    G=(none)   M=Mapi     ACBP=A9
 0001:0002EDE0 00000058 C=CODE     S=.text    G=(none)   M=ExtActns ACBP=A9
 0001:0002EE38 00000038 C=CODE     S=.text    G=(none)   M=ListActns ACBP=A9
 0001:0002EE70 00000180 C=CODE     S=.text    G=(none)   M=ComCtrls ACBP=A9
 0001:0002EFF0 00000B28 C=CODE     S=.text    G=(none)   M=Themes   ACBP=A9
 0001:0002FB18 00003C7C C=CODE     S=.text    G=(none)   M=StdCtrls ACBP=A9
 0001:00033794 00000168 C=CODE     S=.text    G=(none)   M=StdActns ACBP=A9
 0001:000338FC 00000D1F C=CODE     S=.text    G=(none)   M=WinHelpViewer ACBP=A9
 0001:0003461C 00010E73 C=CODE     S=.text    G=(none)   M=Controls ACBP=A9
 0001:00045490 00001292 C=CODE     S=.text    G=(none)   M=ActnList ACBP=A9
 0001:00046724 00001B9C C=CODE     S=.text    G=(none)   M=ImgList  ACBP=A9
 0001:000482C0 00006639 C=CODE     S=.text    G=(none)   M=Menus    ACBP=A9
 0001:0004E8FC 0000C408 C=CODE     S=.text    G=(none)   M=Forms    ACBP=A9
 0001:0005AD04 00000050 C=CODE     S=.text    G=(none)   M=JConsts  ACBP=A9
 0001:0005AD54 000133EC C=CODE     S=.text    G=(none)   M=jpeg     ACBP=A9
 0001:0006E140 00000058 C=CODE     S=.text    G=(none)   M=ComConst ACBP=A9
 0001:0006E198 00000E65 C=CODE     S=.text    G=(none)   M=ComObj   ACBP=A9
 0001:0006F000 00000038 C=CODE     S=.text    G=(none)   M=StdVCL   ACBP=A9
 0001:0006F038 0000079B C=CODE     S=.text    G=(none)   M=AxCtrls  ACBP=A9
 0001:0006F7D4 00001A44 C=CODE     S=.text    G=(none)   M=Unit1    ACBP=A9
 0001:00071218 0000027D C=CODE     S=.text    G=(none)   M=Project1 ACBP=A9
 0002:00000000 000000A0 C=DATA     S=.data    G=DGROUP   M=System   ACBP=A9
 0002:000000A0 00000020 C=DATA     S=.data    G=DGROUP   M=SysInit  ACBP=A9
 0002:000000C0 00000254 C=DATA     S=.data    G=DGROUP   M=SysUtils ACBP=A9
 0002:00000314 00000008 C=DATA     S=.data    G=DGROUP   M=VarUtils ACBP=A9
 0002:0000031C 0000008E C=DATA     S=.data    G=DGROUP   M=Variants ACBP=A9
 0002:000003AC 0000000C C=DATA     S=.data    G=DGROUP   M=TypInfo  ACBP=A9
 0002:000003B8 00000010 C=DATA     S=.data    G=DGROUP   M=ActiveX  ACBP=A9
 0002:000003C8 00000064 C=DATA     S=.data    G=DGROUP   M=Classes  ACBP=A9
 0002:0000042C 0000030C C=DATA     S=.data    G=DGROUP   M=Graphics ACBP=A9
 0002:00000738 00000004 C=DATA     S=.data    G=DGROUP   M=Printers ACBP=A9
 0002:0000073C 000000B4 C=DATA     S=.data    G=DGROUP   M=Dialogs  ACBP=A9
 0002:000007F0 00000178 C=DATA     S=.data    G=DGROUP   M=ExtCtrls ACBP=A9
 0002:00000968 00000088 C=DATA     S=.data    G=DGROUP   M=Buttons  ACBP=A9
 0002:000009F0 00000008 C=DATA     S=.data    G=DGROUP   M=IniFiles ACBP=A9
 0002:000009F8 00000008 C=DATA     S=.data    G=DGROUP   M=Registry ACBP=A9
 0002:00000A00 00000008 C=DATA     S=.data    G=DGROUP   M=Mapi     ACBP=A9
 0002:00000A08 00000018 C=DATA     S=.data    G=DGROUP   M=ComCtrls ACBP=A9
 0002:00000A20 00000068 C=DATA     S=.data    G=DGROUP   M=Themes   ACBP=A9
 0002:00000A88 00000080 C=DATA     S=.data    G=DGROUP   M=StdCtrls ACBP=A9
 0002:00000B08 0000013C C=DATA     S=.data    G=DGROUP   M=Controls ACBP=A9
 0002:00000C44 00000020 C=DATA     S=.data    G=DGROUP   M=ImgList  ACBP=A9
 0002:00000C64 000000EC C=DATA     S=.data    G=DGROUP   M=Menus    ACBP=A9
 0002:00000D50 0000011C C=DATA     S=.data    G=DGROUP   M=Forms    ACBP=A9
 0002:00000E6C 00000908 C=DATA     S=.data    G=DGROUP   M=jpeg     ACBP=A9
 0002:00001774 00000030 C=DATA     S=.data    G=DGROUP   M=ComObj   ACBP=A9
 0002:00002000 00000664 C=BSS      S=.bss     G=DGROUP   M=System   ACBP=A9
 0002:00002664 00000010 C=BSS      S=.bss     G=DGROUP   M=SysInit  ACBP=A9
 0002:00002674 00000004 C=BSS      S=.bss     G=DGROUP   M=Types    ACBP=A9
 0002:00002678 00000004 C=BSS      S=.bss     G=DGROUP   M=Windows  ACBP=A9
 0002:0000267C 00000004 C=BSS      S=.bss     G=DGROUP   M=Messages ACBP=A9
 0002:00002680 00000004 C=BSS      S=.bss     G=DGROUP   M=SysConst ACBP=A9
 0002:00002684 00000120 C=BSS      S=.bss     G=DGROUP   M=SysUtils ACBP=A9
 0002:000027A4 0000005C C=BSS      S=.bss     G=DGROUP   M=VarUtils ACBP=A9
 0002:00002800 00000040 C=BSS      S=.bss     G=DGROUP   M=Variants ACBP=A9
 0002:00002840 00000004 C=BSS      S=.bss     G=DGROUP   M=RTLConsts ACBP=A9
 0002:00002844 00000004 C=BSS      S=.bss     G=DGROUP   M=TypInfo  ACBP=A9
 0002:00002848 00000004 C=BSS      S=.bss     G=DGROUP   M=ActiveX  ACBP=A9
 0002:0000284C 00000040 C=BSS      S=.bss     G=DGROUP   M=Classes  ACBP=A9
 0002:0000288C 00000004 C=BSS      S=.bss     G=DGROUP   M=Consts   ACBP=A9
 0002:00002890 00000060 C=BSS      S=.bss     G=DGROUP   M=Graphics ACBP=A9
 0002:000028F0 00000004 C=BSS      S=.bss     G=DGROUP   M=Math     ACBP=A9
 0002:000028F4 00000004 C=BSS      S=.bss     G=DGROUP   M=Contnrs  ACBP=A9
 0002:000028F8 00000004 C=BSS      S=.bss     G=DGROUP   M=CommCtrl ACBP=A9
 0002:000028FC 00000031 C=BSS      S=.bss     G=DGROUP   M=MultiMon ACBP=A9
 0002:00002930 00000004 C=BSS      S=.bss     G=DGROUP   M=Imm      ACBP=A9
 0002:00002934 00000008 C=BSS      S=.bss     G=DGROUP   M=HelpIntfs ACBP=A9
 0002:0000293C 00000004 C=BSS      S=.bss     G=DGROUP   M=WinSpool ACBP=A9
 0002:00002940 00000004 C=BSS      S=.bss     G=DGROUP   M=Printers ACBP=A9
 0002:00002944 00000034 C=BSS      S=.bss     G=DGROUP   M=FlatSB   ACBP=A9
 0002:00002978 00000004 C=BSS      S=.bss     G=DGROUP   M=SyncObjs ACBP=A9
 0002:0000297C 000000CC C=BSS      S=.bss     G=DGROUP   M=UxTheme  ACBP=A9
 0002:00002A48 00000004 C=BSS      S=.bss     G=DGROUP   M=RichEdit ACBP=A9
 0002:00002A4C 00000004 C=BSS      S=.bss     G=DGROUP   M=ToolWin  ACBP=A9
 0002:00002A50 00000004 C=BSS      S=.bss     G=DGROUP   M=ShellAPI ACBP=A9
 0002:00002A54 00000004 C=BSS      S=.bss     G=DGROUP   M=RegStr   ACBP=A9
 0002:00002A58 00000004 C=BSS      S=.bss     G=DGROUP   M=WinInet  ACBP=A9
 0002:00002A5C 00000004 C=BSS      S=.bss     G=DGROUP   M=UrlMon   ACBP=A9
 0002:00002A60 00000004 C=BSS      S=.bss     G=DGROUP   M=ShlObj   ACBP=A9
 0002:00002A64 00000004 C=BSS      S=.bss     G=DGROUP   M=CommDlg  ACBP=A9
 0002:00002A68 00000004 C=BSS      S=.bss     G=DGROUP   M=Dlgs     ACBP=A9
 0002:00002A6C 00000038 C=BSS      S=.bss     G=DGROUP   M=Dialogs  ACBP=A9
 0002:00002AA4 00000004 C=BSS      S=.bss     G=DGROUP   M=ExtCtrls ACBP=A9
 0002:00002AA8 00000004 C=BSS      S=.bss     G=DGROUP   M=ComStrs  ACBP=A9
 0002:00002AAC 0000000C C=BSS      S=.bss     G=DGROUP   M=Clipbrd  ACBP=A9
 0002:00002AB8 00000004 C=BSS      S=.bss     G=DGROUP   M=StrUtils ACBP=A9
 0002:00002ABC 00000030 C=BSS      S=.bss     G=DGROUP   M=Buttons  ACBP=A9
 0002:00002AEC 00000004 C=BSS      S=.bss     G=DGROUP   M=ExtDlgs  ACBP=A9
 0002:00002AF0 00000004 C=BSS      S=.bss     G=DGROUP   M=IniFiles ACBP=A9
 0002:00002AF4 00000004 C=BSS      S=.bss     G=DGROUP   M=Registry ACBP=A9
 0002:00002AF8 00000004 C=BSS      S=.bss     G=DGROUP   M=Mapi     ACBP=A9
 0002:00002AFC 00000009 C=BSS      S=.bss     G=DGROUP   M=ExtActns ACBP=A9
 0002:00002B08 00000004 C=BSS      S=.bss     G=DGROUP   M=ListActns ACBP=A9
 0002:00002B0C 00000010 C=BSS      S=.bss     G=DGROUP   M=ComCtrls ACBP=A9
 0002:00002B1C 00000008 C=BSS      S=.bss     G=DGROUP   M=Themes   ACBP=A9
 0002:00002B24 00000004 C=BSS      S=.bss     G=DGROUP   M=StdCtrls ACBP=A9
 0002:00002B28 00000004 C=BSS      S=.bss     G=DGROUP   M=StdActns ACBP=A9
 0002:00002B2C 00000014 C=BSS      S=.bss     G=DGROUP   M=WinHelpViewer ACBP=A9
 0002:00002B40 00000080 C=BSS      S=.bss     G=DGROUP   M=Controls ACBP=A9
 0002:00002BC0 00000004 C=BSS      S=.bss     G=DGROUP   M=ActnList ACBP=A9
 0002:00002BC4 0000000C C=BSS      S=.bss     G=DGROUP   M=ImgList  ACBP=A9
 0002:00002BD0 00000010 C=BSS      S=.bss     G=DGROUP   M=Menus    ACBP=A9
 0002:00002BE0 00000020 C=BSS      S=.bss     G=DGROUP   M=Forms    ACBP=A9
 0002:00002C00 00000004 C=BSS      S=.bss     G=DGROUP   M=JConsts  ACBP=A9
 0002:00002C04 00000004 C=BSS      S=.bss     G=DGROUP   M=jpeg     ACBP=A9
 0002:00002C08 00000004 C=BSS      S=.bss     G=DGROUP   M=ComConst ACBP=A9
 0002:00002C0C 00000011 C=BSS      S=.bss     G=DGROUP   M=ComObj   ACBP=A9
 0002:00002C20 00000004 C=BSS      S=.bss     G=DGROUP   M=StdVCL   ACBP=A9
 0002:00002C24 0000001C C=BSS      S=.bss     G=DGROUP   M=AxCtrls  ACBP=A9
 0002:00002C40 00000008 C=BSS      S=.bss     G=DGROUP   M=Unit1    ACBP=A9


  Address         Publics by Name

 0001:0005F368       ..
 0001:00068C88       ..
 0001:0006C344       ..
 0002:00000F88       ..
 0001:00067CDC       ..
 0002:000016B4       ..
 0002:00000F08       ..
 0001:0006442C       ..
 0001:0006BE2C       ..
 0001:0005FEF4       ..
 0001:0005E640       ..
 0001:0006A13C       ..
 0001:0005DF00       ..
 0001:0005DA3C       ..
 0002:00001114       ..
 0001:000646FC       ..
 0002:00001314       ..
 0001:00065C50       ..
 0001:000604E0       ..
 0001:00060A88       ..
 0001:0006D3B0       ..
 0002:00001008       ..
 0001:00069FE0       ..
 0001:0006B504       ..
 0001:0005D4D8       ..
 0002:00000EF8       ..
 0001:00064138       ..
 0001:0006A678       ..
 0001:000630A8       ..
 0001:000629D0       ..
 0001:0005C874       ..
 0001:00067BCC       ..
 0001:0006AE7C       ..
 0001:000616D0       ..
 0001:000694B0       ..
 0002:00002C24       .02
 0002:0000288C       .1
 0002:00002680       .1
 0002:0000267C       .1
 0002:00002A5C       .1
 0002:00002A64       .1
 0002:00002C08       .1
 0002:00002A58       .1
 0002:00002A68       .1
 0002:00002AF8       .1
 0002:00002A54       .1
 0002:00002B34       .1
 0002:00002A50       .1
 0002:0000266C       .1
 0002:00002C20       .1
 0002:00002AB8       .1
 0002:00002C00       .1
 0002:00002AA8       .1
 0002:00002674       .1
 0002:00002A48       .1
 0002:00002964       .1
 0002:00002840       .1
 0002:000028F8       .1
 0002:00002A38       .1
 0002:00002930       .1
 0002:0000291C       .1
 0002:00002A60       .1
 0002:00002A6C       .11
 0002:00002AA4       .12
 0002:00002894       .12
 0002:00002B1C       .2
 0002:00002934       .2
 0002:00002AB0       .2
 0002:000028F0       .2
 0002:000028F4       .21
 0002:0000293C       .3
 0002:00002940       .3
 0002:00002678       .3
 0002:00002AEC       .3
 0002:00002BC4       .3
 0002:00002848       .3
 0002:00002C04       .3
 0002:00002794       .35
 0002:00002B0C       .36
 0002:00002A4C       .4
 0002:00002ABC       .4
 0002:00002BE8       .41
 0002:00002C0C       .41
 0002:00002B24       .42
 0002:00002858       .45
 0002:000025BC       .5
 0002:00002AF4       .5
 0002:000027FC       .5
 0002:00002978       .6
 0002:00002844       .6
 0002:00002C44       .7
 0002:00002AFC       .72
 0002:00002B48       .72
 0002:00002B28       .73
 0002:00002B08       .8
 0002:00002AF0       .8
 0002:00002BC0       .8
 0002:00002820       .81
 0002:00002BD8       .9
 0001:00001994       @AbstractError
 0001:000024F0       @AfterConstruction
 0001:00002324       @AsClass
 0001:00001AFC       @AStrCmp
 0001:00002500       @BeforeDestruction
 0001:000020B4       @BoundErr
 0001:00002370       @CallDynaInst
 0001:00002498       @ClassCreate
 0001:000024E8       @ClassDestroy
 0001:00001A04       @Close
 0001:00001874       @Copy
 0001:00003BA4       @CopyArray
 0001:00003A88       @CopyRecord
 0001:00003D10       @DispCallByIDError
 0001:0000DBBC       @DispInvokeError
 0001:00003CAC       @Dispose
 0001:0000297C       @DoneExcept
 0001:00004170       @DynArrayAsg
 0001:00004134       @DynArrayClear
 0001:00003F74       @DynArrayHigh
 0001:00003F6C       @DynArrayLength
 0001:00004128       @DynArraySetLength
 0001:00002A64       @ExceptionHandler
 0001:00001B6C       @FillChar
 0001:00003A64       @Finalize
 0001:00003978       @FinalizeArray
 0001:0000392C       @FinalizeRecord
 0001:00002388       @FindDynaInst
 0001:000020A8       @FpuInit
 0001:00001FE4       @FpuMaskInit
 0001:000016FC       @FreeMem
 0001:000016DC       @GetMem
 0001:00004F10       @GetTls
 0001:00002EAC       @Halt
 0001:00002DD4       @Halt0
 0001:00002614       @HandleAnyException
 0001:000028C8       @HandleFinally
 0001:00002740       @HandleOnException
 0001:00004F5C       @InitExe
 0001:00003920       @Initialize
 0001:0000388C       @InitializeArray
 0001:0000385C       @InitializeRecord
 0001:00002C98       @InitImports
 0001:00002C70       @InitResStringImports
 0001:00002C4C       @InitResStrings
 0001:00004854       @IntfAddRef
 0001:00004824       @IntfCast
 0001:000047E0       @IntfClear
 0001:000047F8       @IntfCopy
 0001:00002300       @IsClass
 0001:00001FB4       @isNECWindows
 0001:00067B1C       @jcopy_block_row
 0001:00067AD0       @jcopy_sample_rows
 0001:00067AA8       @jdiv_round_up
 0001:0006163C       @jinit_1pass_quantizer
 0001:000628B0       @jinit_2pass_quantizer
 0001:0006B2B8       @jinit_color_converter
 0001:000608BC       @jinit_color_deconverter
 0001:00068BDC       @jinit_compress_master
 0001:0006ADB4       @jinit_c_coef_controller
 0001:0006A0B8       @jinit_c_main_controller
 0001:00069F18       @jinit_c_master_control
 0001:0006A5D0       @jinit_c_prep_controller
 0001:0006BCA4       @jinit_downsampler
 0001:00064024       @jinit_d_coef_controller
 0001:00062FC8       @jinit_d_main_controller
 0001:00064398       @jinit_d_post_controller
 0001:0006C2C8       @jinit_forward_dct
 0001:0005FEB4       @jinit_huff_decoder
 0001:0006E00C       @jinit_huff_encoder
 0001:0005D9F4       @jinit_input_controller
 0001:00064680       @jinit_inverse_dct
 0001:0006794C       @jinit_marker_reader
 0001:0006945C       @jinit_marker_writer
 0001:0005E608       @jinit_master_decompress
 0001:0005D3A0       @jinit_memory_mgr
 0001:00060460       @jinit_merged_upsampler
 0001:0005F2F4       @jinit_phuff_decoder
 0001:0006CDD4       @jinit_phuff_encoder
 0001:00064BE0       @jinit_upsampler
 0001:00067B3C       @jpeg_abort
 0001:00067BB4       @jpeg_alloc_huff_table
 0001:00067B9C       @jpeg_alloc_quant_table
 0001:0006D084       @jpeg_fdct_float
 0001:0006CE18       @jpeg_fdct_ifast
 0001:0005F79C       @jpeg_fill_bit_buffer
 0001:0005D4AC       @jpeg_free_large
 0001:0005D49C       @jpeg_free_small
 0001:0006DD50       @jpeg_gen_optimal_table
 0001:0005D4A4       @jpeg_get_large
 0001:0005D494       @jpeg_get_small
 0001:0005F8E8       @jpeg_huff_decode
 0001:00065C14       @jpeg_idct_1x1
 0001:00065A24       @jpeg_idct_2x2
 0001:00065670       @jpeg_idct_4x4
 0001:00064DF8       @jpeg_idct_float
 0001:0006523C       @jpeg_idct_ifast
 0001:0006D540       @jpeg_make_c_derived_tbl
 0001:0005F4A0       @jpeg_make_d_derived_tbl
 0001:0005D4B4       @jpeg_mem_available
 0001:0005D4D0       @jpeg_mem_init
 0001:0005D4D4       @jpeg_mem_term
 0001:0005D4C0       @jpeg_open_backing_store
 0001:00067818       @jpeg_resync_to_restart
 0001:000689A0       @jpeg_suppress_tables
 0001:00067AB8       @jround_up
 0001:00067B2C       @jzero_far
 0001:00003374       @LStrAddRef
 0001:00002EE8       @LStrArrayClr
 0001:00002F18       @LStrAsg
 0001:0000318C       @LStrCat
 0001:000031D0       @LStrCat3
 0001:00003244       @LStrCatN
 0001:00002EC4       @LStrClr
 0001:000032D0       @LStrCmp
 0001:000033E4       @LStrCopy
 0001:00003424       @LStrDelete
 0001:00003134       @LStrFromArray
 0001:000030AC       @LStrFromChar
 0001:000030BC       @LStrFromPChar
 0001:00002FB4       @LStrFromPCharLen
 0001:000030EC       @LStrFromPWChar
 0001:00003020       @LStrFromPWCharLen
 0001:00003128       @LStrFromString
 0001:0000314C       @LStrFromWStr
 0001:0000346C       @LStrInsert
 0001:00002F5C       @LStrLAsg
 0001:00003184       @LStrLen
 0001:00003574       @LStrOfChar
 0001:000034C8       @LStrPos
 0001:00003510       @LStrSetLength
 0001:00003384       @LStrToPChar
 0001:00003160       @LStrToString
 0001:00003C98       @New
 0001:00002F88       @NewAnsiString
 0001:000035A8       @NewWideString
 0001:00001CC8       @Pow10
 0001:00001A78       @PStrCmp
 0001:00001A5C       @PStrNCpy
 0001:00002928       @RaiseAgain
 0001:00002900       @RaiseExcept
 0001:00001B8C       @RandInt
 0001:0000171C       @ReallocMem
 0001:00001964       @ROUND
 0001:00002EB8       @RunError
 0001:00001CAC       @SetEq
 0001:00002C0C       @StartExe
 0001:000002AC       @strlen
 0001:00001970       @TRUNC
 0001:000029AC       @TryFinallyExit
 0001:000033DC       @UniqueStringA
 0001:00003D3C       @ValInt64
 0001:00001BA8       @ValLong
 0001:00012300       @VarAddRef
 0001:0000E49C       @VarCast
 0001:0000DEA8       @VarClear
 0001:00003960       @VarClr
 0001:0000DEBC       @VarClr
 0001:00003A70       @VarCopy
 0001:0000E1D0       @VarCopy
 0001:000121E0       @VarFromBool
 0001:0001206C       @VarFromByte
 0001:00012230       @VarFromCurr
 0001:00012188       @VarFromCurrency
 0001:000121B4       @VarFromDate
 0001:000122D4       @VarFromDisp
 0001:0001215C       @VarFromDouble
 0001:00012010       @VarFromInt
 0001:0001210C       @VarFromInt64
 0001:0001204C       @VarFromInteger
 0001:000122A8       @VarFromIntf
 0001:000120AC       @VarFromLongWord
 0001:00012244       @VarFromLStr
 0001:00012208       @VarFromReal
 0001:000120CC       @VarFromShortInt
 0001:00012138       @VarFromSingle
 0001:000120EC       @VarFromSmallInt
 0001:0001221C       @VarFromTDateTime
 0001:0001208C       @VarFromWord
 0001:00012270       @VarFromWStr
 0001:0000DC10       @VarNull
 0001:0000F920       @VarToBoolean
 0001:0000ED60       @VarToByte
 0001:00010AE4       @VarToCurrency
 0001:0001057C       @VarToDate
 0001:00011F64       @VarToDisp
 0001:0000FE28       @VarToDouble
 0001:0000F324       @VarToInt64
 0001:0000E860       @VarToInteger
 0001:00011E98       @VarToIntf
 0001:0000EFD8       @VarToLongWord
 0001:00011198       @VarToLStr
 0001:0000ECB0       @VarToShortInt
 0001:000101A4       @VarToSingle
 0001:0000EE08       @VarToSmallInt
 0001:0000EF00       @VarToWord
 0001:000118C0       @VarToWStr
 0001:000035E8       @WStrArrayClr
 0001:0000360C       @WStrAsg
 0001:000035D0       @WStrClr
 0001:00003748       @WStrCmp
 0001:000037CC       @WStrCopy
 0001:0000371C       @WStrFromLStr
 0001:00003630       @WStrFromPCharLen
 0001:000036E0       @WStrFromPWChar
 0001:000036BC       @WStrFromPWCharLen
 0001:0000373C       @WStrLen
 0001:00003818       @WStrSetLength
 0001:0000372C       @WStrToPWChar
 0001:00001C88       @_CLenToPasStr
 0001:00001C7C       @_CToPasStr
 0001:00001844       @_IOTest
 0001:00003D18       @_llmul
 0001:00037454       AbsMin
 0001:0000AB38       AbstractErrorHandler
 0002:0000202C       AbstractErrorProc
 0002:00000144       AccessMode
 0001:000017AC       AcquireExceptionObject
 0001:000158D8       ActivateClassGroup
 0001:00005564       ActivateKeyboardLayout
 0002:00002B7C       ActiveDrag
 0001:00013574       ActiveX
 0001:000466F8       ActnList
 0001:000003E8       AddBlockAfter
 0002:000003C8       AddDataModule
 0001:00006CD0       AddExitProc
 0001:000189B8       AddFinished
 0001:00049EF4       AddIn
 0001:00004674       AddModuleUnloadProc
 0001:00004684       AddModuleUnloadProc
 0001:000189F0       AddNotFinished
 0001:00019414       AddSubComponentsToLoaded
 0001:000209D0       AdjustColor
 0001:00006FA8       AdjustLineBreaks
 0001:00050F04       Adjustment
 0001:0000556C       AdjustWindowRectEx
 0002:00000A90       Alignments
 0002:00000D38       Alignments
 0002:00000D28       Alignments
 0002:00000AD0       Alignments
 0001:00057DFC       AlignWork
 0001:0003CAC0       AlignWork
 0001:0001CB1C       AllocateHWnd
 0001:00006C84       AllocMem
 0002:000025B4       AllocMemCount
 0002:000025B8       AllocMemSize
 0001:00025EEC       AllocPatternBitmap
 0001:00004EB8       AllocTlsBuffer
 0002:00000B14       AnchorAlign
 0002:00000B08       AnimateWindowProc
 0002:00000C10       AnimationStyle
 0001:00006EB0       AnsiCompareStr
 0001:00006EE8       AnsiCompareText
 0001:00007660       AnsiLastChar
 0001:00005574       AnsiLower
 0001:00006E7C       AnsiLowerCase
 0001:0000B478       AnsiLowerCaseFileName
 0001:0000B440       AnsiPos
 0001:0004E708       AnsiSameCaption
 0001:00006F20       AnsiSameText
 0001:00006F38       AnsiStrLIComp
 0001:0000B504       AnsiStrPos
 0001:0000B5A4       AnsiStrRScan
 0001:0000B5CC       AnsiStrScan
 0001:00004C54       AnsiToUtf8
 0001:00006E48       AnsiUpperCase
 0001:00011E20       AnyToIntf
 0001:00008AB0       AppendChars
 0001:00008E74       AppendFormat
 0001:00008B14       AppendNumber
 0001:00008AF4       AppendString
 0002:00002BE0       Application
 0002:000003D8       ApplicationHandleException
 0002:000003E0       ApplicationShowException
 0002:00000E64       AppVisible
 0001:0000AB1C       AssertErrorHandler
 0002:00002024       AssertErrorProc
 0001:00012F7C       AssignLongStr
 0001:00013320       AssignVariant
 0002:0000260C       avail
 0001:0006F7B0       AxCtrls
 0001:0000779C       BackfillGetDiskFreeSpaceEx
 0001:00039FE8       BackgroundClipped
 0001:0000CB2C       BackupVarBoolFromStr
 0001:0000CC8C       BackupVarBStrFromBool
 0001:0000CBAC       BackupVarBStrFromCy
 0001:0000CC1C       BackupVarBStrFromDate
 0001:0000CAC0       BackupVarCyFromStr
 0001:0000CA54       BackupVarDateFromStr
 0001:0000C910       BackupVarI4FromStr
 0001:0000C8BC       BackupVariantChangeTypeEx
 0001:0000C97C       BackupVarR4FromStr
 0001:0000C9E8       BackupVarR8FromStr
 0001:0000B110       Beep
 0001:00015C30       BeginGlobalLoading
 0001:0000557C       BeginPaint
 0001:000209DC       BetterSize
 0001:0004AD68       BiDiDraw
 0001:00005344       BitBlt
 0002:00000994       BitBtnCaptions
 0002:00002AC0       BitBtnGlyphs
 0002:000009C0       BitBtnModalResults
 0002:00000968       BitBtnResNames
 0002:000006EC       BitCounts
 0002:000006E4       BitmapCanvasList
 0002:000028AC       BitmapImageLock
 0001:0000C8F8       BiUnimplemented
 0002:00000400       BlockCode
 0002:000025E4       blockDescBlockList
 0002:000025E8       blockDescFreeList
 0002:000003AC       BooleanIdents
 0002:00000328       BooleanToStringRule
 0001:000074F8       BoolToStr
 0001:00010F20       BoolToWStrViaOS
 0002:00000A88       BorderStyles
 0001:00014BF0       Bounds
 0001:00004FFC       Bounds
 0002:00000CD0       Breaks
 0002:000028E4       BrushManager
 0001:0005BA2C       BuildColorMap
 0001:0004D51C       BuildImage
 0001:0005B984       BuildPalette
 0002:00000798       ButtonCaptions
 0002:0000076C       ButtonNames
 0002:00000D4C       Buttons
 0001:0002EC44       Buttons
 0002:00000B00       ButtonStyles
 0002:00002A78       ButtonWidths
 0001:000201BC       BytesPerScanline
 0001:00020514       ByteSwapColors
 0001:0000B1F4       ByteToCharIndex
 0001:0000B1CC       ByteToCharLen
 0001:0000B190       ByteType
 0001:0000B118       ByteTypeTest
 0002:00002BC8       CachedComCtrlVer
 0001:0001CA58       CalcJmpOffset
 0001:00044780       CalcSplitterPos
 0001:00005584       CallNextHookEx
 0001:0000BDCC       CallTerminateProcs
 0001:0000558C       CallWindowProc
 0001:0003848C       CancelDrag
 0002:00002B90       CanvasList
 0002:000028E8       CanvasList
 0002:00000744       Captions
 0002:00000BCC       CaptureControl
 0002:00000C70       cBooleanToItemAutoFlag
 0002:00002AAE       CF_COMPONENT
 0002:00002AAC       CF_PICTURE
 0002:00002818       ChangeAnyProc
 0001:00036A0C       ChangeBiDiModeAlignment
 0002:00000AB0       CharCases
 0001:00002FE4       CharFromWChar
 0001:0000B3C8       CharLength
 0001:00005594       CharLowerBuff
 0001:0000559C       CharNext
 0001:0000022C       CharNext
 0001:0001EAEC       CharsetToIdent
 0001:0000B2DC       CharToByteIndex
 0001:0000B340       CharToByteLen
 0001:000055A4       CharToOemA
 0001:000055AC       CharUpperBuff
 0001:00020FA4       CheckBool
 0001:00002590       CheckJmp
 0001:000055B4       CheckMenuItem
 0002:00000CC0       Checks
 0001:00019450       CheckSubComponents
 0001:0001B81C       CheckSynchronize
 0001:00050940       CheckTaskWindow
 0001:00038140       CheckUndock
 0001:0000B004       CheckWin32Version
 0002:0000032C       CInvalidCustomVariantType
 0002:00000C74       cItemAutoFlagToBoolean
 0002:00000C6C       cItemAutoFlagToMenu
 0001:0001CCA8       Classes
 0001:0001569C       ClassNotFound
 0002:00002814       ClearAnyProc
 0001:0001E37C       ClearColor
 0001:0006ECE0       ClearExcepInfo
 0001:0001263C       ClearVariantTypeList
 0001:000055BC       ClientToScreen
 0001:00041D24       ClientToWindow
 0002:000006DC       ClipboardFormats
 0001:0002C81C       Clipbrd
 0001:000055C4       CloseClipboard
 0001:00005134       CloseHandle
 0002:00002980       CloseThemeData
 0002:00002040       CmdLine
 0002:0000203C       CmdShow
 0002:00000C68       cMenuAutoFlagToItem
 0001:0000C904       CmpUnimplemented
 0002:0000177C       CoAddRefServerProcess
 0002:00001774       CoCreateInstanceEx
 0002:0000178C       CoInitFlags
 0001:00013518       CoInitialize
 0002:00001778       CoInitializeEx
 0002:0000045C       Colors
 0001:0001E8E4       ColorToIdent
 0002:000007F0       ColorToPretyName
 0001:0001E8D4       ColorToRGB
 0002:00002C14       ComClassManagerVar
 0001:0006E190       ComConst
 0002:00002B18       ComCtlVersion
 0001:0002EFE8       ComCtrls
 0002:00002BDC       CommandPool
 0001:000264E8       CommCtrl
 0001:00028D5C       CommDlg
 0001:000006C8       Commit
 0002:00002628       committedRoot
 0001:0006EFA8       ComObj
 0001:000494D8       CompareFront
 0001:00006DB0       CompareMem
 0001:00006D80       CompareStr
 0001:0000513C       CompareString
 0001:00006DD0       CompareText
 0001:00007420       CompareWith
 0001:00019530       ComponentCreated
 0001:00020D74       ComputeAldusChecksum
 0001:0002C7D8       ComStrs
 0001:0001D01C       Consts
 0001:000263EC       Contnrs
 0002:00002B4E       ControlAtom
 0002:00002B54       ControlAtomString
 0001:000556CC       ControlHasHelp
 0001:00045400       Controls
 0001:0000A530       ConvertAddr
 0001:00008C04       ConvertEraString
 0001:00006C60       ConvertErrorFmt
 0001:00008D6C       ConvertYearString
 0001:00003F7C       CopyArray
 0001:00023228       CopyBitmap
 0001:000238F0       CopyBitmapAsMask
 0001:0000534C       CopyEnhMetaFile
 0001:0002E9F4       CopyImage
 0001:0002388C       CopyPalette
 0002:00000A24       Copyright
 0001:0004C5C8       CopyToBest
 0002:00001780       CoReleaseServerProcess
 0002:00001784       CoResumeClassObjects
 0002:00001788       CoSuspendClassObjects
 0001:00013520       CoUninitialize
 0001:0000B24C       CountChars
 0002:000028C4       CounterLock
 0002:00000330       CRangeToType
 0001:0000AA60       CreateAssertException
 0001:0000ABE8       CreateAVObject
 0001:00005354       CreateBitmap
 0001:0000535C       CreateBrushIndirect
 0001:00005364       CreateCompatibleBitmap
 0001:0000536C       CreateCompatibleDC
 0001:000195B0       CreateComponent
 0001:0000537C       CreateDIBitmap
 0001:00005374       CreateDIBSection
 0001:00005144       CreateEvent
 0001:0000514C       CreateFile
 0001:00005384       CreateFontIndirect
 0001:0000538C       CreateHalftonePalette
 0001:000055CC       CreateIcon
 0001:0000A98C       CreateInOutError
 0001:000055D4       CreateMenu
 0001:0002981C       CreateMessageDialog
 0001:00005394       CreatePalette
 0001:0000539C       CreatePenIndirect
 0001:000055DC       CreatePopupMenu
 0001:000053A4       CreateSolidBrush
 0001:0002056C       CreateSystemPalette
 0001:00005154       CreateThread
 0001:00005B84       CreateWindow
 0001:00005B2C       CreateWindowEx
 0002:00000B0C       CreationControl
 0002:0000073C       CreationControl
 0002:00000398       CRelationshipToBoolean
 0002:00000314       CResult
 0002:0000013C       cSimpleBoolStrs
 0002:00000344       CText
 0002:00000C08       Ctl3DStyles
 0002:00002620       curAlloc
 0002:0000268C       CurrencyDecimals
 0002:00002688       CurrencyFormat
 0002:00002684       CurrencyString
 0001:00008A9C       CurrentYear
 0001:00008634       CurrToStr
 0001:00010EB0       CurrToWStrViaOS
 0002:00000DE8       CursorMap
 0002:00000B1C       Cursors
 0001:00036D2C       CursorToIdent
 0002:00000DD8       cUseAlpha
 0002:00000DE0       cUseColorKey
 0001:00007174       CvtInt
 0001:000071E0       CvtInt64
 0002:0000017C       CWNear
 0002:0000268D       DateSeparator
 0001:00009684       DateTimeToStr
 0001:00009628       DateTimeToString
 0001:000086F4       DateTimeToTimeStamp
 0001:00010EE8       DateToWStrViaOS
 0001:00008A74       DayOfWeek
 0002:00000178       DCon10
 0002:00000458       DDBsOnly
 0001:0001CBD0       DeallocateHWnd
 0002:0000002C       DebugHook
 0002:0000268B       DecimalSeparator
 0001:00008A54       DecodeDate
 0001:00008908       DecodeDateFully
 0001:000087A8       DecodeTime
 0001:0000075C       Decommit
 0001:00000D78       DecommitFree
 0002:000025FC       decommittedRoot
 0001:00058A24       Default
 0001:00053354       Default
 0002:00000024       Default8087CW
 0002:00000B10       DefaultDockTreeClass
 0002:000025C0       DefaultUserCodePage
 0002:000006AC       DefBrushData
 0002:0000042C       DefFontData
 0001:000055E4       DefFrameProc
 0002:00000208       DefLongDayNames
 0002:000001BC       DefLongMonthNames
 0001:000055EC       DefMDIChildProc
 0002:0000068C       DefPenData
 0002:000001EC       DefShortDayNames
 0002:0000018C       DefShortMonthNames
 0001:000055F4       DefWindowProc
 0001:000041C8       DelayLoadResourceModule
 0001:00000418       DeleteBlock
 0001:00000388       DeleteCriticalSection
 0001:0000515C       DeleteCriticalSection
 0001:000053AC       DeleteDC
 0001:000053B4       DeleteEnhMetaFile
 0001:00000BC0       DeleteFree
 0001:000055FC       DeleteMenu
 0001:000053BC       DeleteObject
 0001:00022DE4       DeselectBitmap
 0001:00005604       DestroyCursor
 0001:0000560C       DestroyIcon
 0001:0002EB04       DestroyLocals
 0001:00005614       DestroyMenu
 0001:0000561C       DestroyWindow
 0001:000342D0       DialogEnumerationTester
 0001:0002A06C       Dialogs
 0002:000006E8       DIBPalSizes
 0002:00000090       dig
 0001:00050794       DisableTaskWindows
 0001:0006E6F4       DispatchInvoke
 0001:0006ECD4       DispatchInvokeError
 0001:00005624       DispatchMessage
 0001:000569AC       DispatchShortCut
 0001:0006ECF0       DispCall
 0001:0006EDD4       DispCallByID
 0002:00002000       DispCallByIDProc
 0001:0006EC00       DispCallError
 0001:00006C44       DivMod
 0001:00028D94       Dlgs
 0001:00057CB0       DoAlign
 0001:0003C950       DoAlign
 0001:00040A04       DoCalcConstraints
 0002:00002B84       DockSiteList
 0001:0004D1E8       DoClick
 0001:0003E094       DoControlMsg
 0001:00050744       DoDisableWindow
 0001:00037A6C       DoDragOver
 0001:00006CA4       DoExitProc
 0001:00042A54       DoFindControlZone
 0001:00050880       DoFindWindow
 0001:00042FE0       DoFindZone
 0001:00042AD8       DoForEach
 0001:000443E4       DoGetNextLimit
 0001:0005070C       DoneApplication
 0001:00045144       DoneControls
 0001:0000AF14       DoneExceptions
 0001:00054D28       DoNestedActivation
 0001:0001B7DC       DoneThreadSynchronization
 0001:00057B00       DoPosition
 0001:0003C510       DoPosition
 0001:00043A0C       DoPrune
 0001:00043EE4       DoSaveZone
 0001:000440E8       DoSetNewBounds
 0002:000003B4       DotSep
 0001:00047B38       DoWrite
 0001:000211FC       DoWrite
 0001:00021F00       DoWrite
 0001:00016A84       DoWrite
 0001:0003D67C       DoWriteDesignSize
 0001:0003B0E8       DoWriteIsControl
 0002:00002B68       DragCapture
 0002:00002B5C       DragControl
 0001:000381B4       DragDone
 0001:00037A1C       DragFindTarget
 0001:000379F0       DragFindWindow
 0002:00002B80       DragImageList
 0001:00037E0C       DragInit
 0001:00037F7C       DragInitControl
 0002:00002B64       DragInternalObject
 0001:00037938       DragMessage
 0002:00002B60       DragObject
 0002:00002B8C       DragSave
 0002:00002B74       DragSaveCursor
 0002:00002B6C       DragStartPos
 0002:00002B78       DragThreshold
 0001:00037B3C       DragTo
 0001:00058A60       DrawAppIcon
 0001:00043578       DrawCloseButton
 0001:0000562C       DrawEdge
 0001:00005634       DrawFocusRect
 0001:0000563C       DrawFrameControl
 0001:000435D0       DrawGrabberLine
 0001:00005644       DrawIcon
 0001:0000564C       DrawIconEx
 0002:00000C44       DrawingStyles
 0001:00005654       DrawMenuBar
 0001:0004E528       DrawMenuItem
 0001:0000565C       DrawText
 0002:00002984       DrawThemeBackground
 0002:000029A8       DrawThemeEdge
 0002:000029AC       DrawThemeIcon
 0002:00002A30       DrawThemeParentBackground
 0002:00002988       DrawThemeText
 0001:0002003C       DupBits
 0001:00003F94       DynArrayClear
 0001:00003F9C       DynArraySetLength
 0002:00000D30       EdgeStyle
 0002:00000BF8       EdgeStyles
 0001:0000A960       EHeapException.FreeInstance
 0001:0005B014       EmitMessage
 0002:00000ACC       Empty
 0001:00005664       EmptyClipboard
 0002:00002800       EmptyParam
 0002:000000C0       EmptyStr
 0002:000000C4       EmptyWideStr
 0001:0000566C       EnableMenuItem
 0002:00000CC8       Enables
 0001:00005674       EnableScrollBar
 0001:00050848       EnableTaskWindows
 0002:00002A18       EnableThemeDialogTexture
 0002:00002A34       EnableTheming
 0001:0000567C       EnableWindow
 0001:00015CB8       EndGlobalLoading
 0001:00005684       EndPaint
 0001:00005164       EnterCriticalSection
 0001:00000378       EnterCriticalSection
 0001:0000516C       EnumCalendarInfoA
 0002:00002918       EnumDisplayMonitors
 0001:0000A1A4       EnumEraNames
 0001:0000A1E0       EnumEraYearOffsets
 0001:00053918       EnumMonitorsProc
 0001:0000568C       EnumThreadWindows
 0001:00018D60       EnumValue
 0001:00005694       EnumWindows
 0001:0006E424       EOleException.Create
 0001:0006E354       EOleSysError.Create
 0001:0000569C       EqualRect
 0002:00002754       EraNames
 0001:000098FC       EraToYear
 0002:00002770       EraYearOffsets
 0002:00000068       errCaption
 0001:00001838       Error
 0001:00015240       Error
 0001:00049228       Error
 0001:00018544       Error
 0002:00000004       ErrorAddr
 0001:000017EC       ErrorAt
 0001:0000AA0C       ErrorHandler
 0002:00000224       ErrorMap
 0002:00002008       ErrorProc
 0002:000023E8       ErrOutput
 0001:0000178C       ExceptAddr
 0002:0000200C       ExceptClsProc
 0001:0000AE80       ExceptHandler
 0001:0000A78C       Exception.Create
 0001:0000A7C8       Exception.CreateFmt
 0001:0000A918       Exception.CreateHelp
 0001:0000A848       Exception.CreateRes
 0001:0000A884       Exception.CreateResFmt
 0002:0000201C       ExceptionClass
 0001:0000A53C       ExceptionErrorMessage
 0002:0000025C       ExceptMap
 0001:0000176C       ExceptObject
 0002:00002010       ExceptObjProc
 0002:00002004       ExceptProc
 0001:000053C4       ExcludeClipRect
 0002:00000000       ExitCode
 0001:00002D18       ExitDll
 0002:00002048       ExitProc
 0001:00000234       ExitProcess
 0002:00002028       ExitProcessProc
 0002:00000138       ExitProcList
 0001:00007760       ExpandFileName
 0001:0002EE30       ExtActns
 0001:0002C778       ExtCtrls
 0001:0002EC9C       ExtDlgs
 0001:00007718       ExtractFileExt
 0001:000076E0       ExtractFileName
 0002:00002790       FalseBoolStrs
 0002:00002AB4       FClipboard
 0002:0000016C       FCon1E18
 0001:00007658       FileClose
 0001:0000759C       FileCreate
 0001:000075C0       FileCreate
 0002:000006E0       FileFormats
 0002:0000000C       FileMode
 0001:00007544       FileOpen
 0001:000075C8       FileRead
 0002:000003F0       FilerSignature
 0001:00007620       FileSeek
 0001:000075F4       FileWrite
 0001:00000CA8       FillAfterGap
 0001:00000C54       FillBeforeGap
 0001:00000D40       FillerSizeAfterGap
 0001:00000CD0       FillerSizeBeforeGap
 0001:000056A4       FillRect
 0001:00028C14       Finalization
 0001:00028C4C       Finalization
 0001:0003375C       Finalization
 0001:000338C4       Finalization
 0001:00028BDC       Finalization
 0001:0006E050       Finalization
 0001:000263BC       Finalization
 0001:00028C84       Finalization
 0001:0002FACC       Finalization
 0001:00034548       Finalization
 0001:0001CFEC       Finalization
 0001:0006E160       Finalization
 0001:00027C60       Finalization
 0001:00028CBC       Finalization
 0001:0004E804       Finalization
 0001:00028BA4       Finalization
 0001:0001CBF8       Finalization
 0001:000264B8       Finalization
 0001:00028B34       Finalization
 0001:0002EF70       Finalization
 0001:00026C78       Finalization
 0001:00028CF4       Finalization
 0001:00028D2C       Finalization
 0001:0002EE38       Finalization
 0001:0002EDE0       Finalization
 0001:00012C94       Finalization
 0001:00027CA8       Finalization
 0001:00012A88       Finalization
 0001:00026C38       Finalization
 0001:0001345C       Finalization
 0001:00025F24       Finalization
 0001:0002ED88       Finalization
 0001:0002ED24       Finalization
 0001:00027CE0       Finalization
 0001:00028D64       Finalization
 0001:0002ECBC       Finalization
 0001:0002EC6C       Finalization
 0001:0002EC0C       Finalization
 0001:0000601C       Finalization
 0001:00005D0C       Finalization
 0001:00013544       Finalization
 0001:0000D058       Finalization
 0001:00005CD4       Finalization
 0001:00004D70       Finalization
 0001:0006EF28       Finalization
 0001:0000C69C       Finalization
 0001:0002C874       Finalization
 0001:0006F000       Finalization
 0001:0002C7E0       Finalization
 0001:0002C7A8       Finalization
 0001:0005AD1C       Finalization
 0001:00028004       Finalization
 0001:00045398       Finalization
 0001:000281B0       Finalization
 0001:000466C8       Finalization
 0001:00004FA0       Finalization
 0001:0005AC64       Finalization
 0001:0002C730       Finalization
 0001:00005018       Finalization
 0001:00048288       Finalization
 0001:0002A010       Finalization
 0001:0006F750       Finalization
 0001:000711E0       Finalization
 0001:00071218       Finalization
 0001:00026104       Finalization
 0001:00003F8C       FinalizeArray
 0001:00002B4C       FinalizeUnits
 0001:0004CFA8       Find
 0001:00004238       FindBS
 0001:0001575C       FindClass
 0001:000041C0       FindClassHInstance
 0001:00000244       FindClose
 0001:00000C24       FindCommitted
 0001:00036B0C       FindControl
 0001:0004320C       FindControlAtPos
 0001:000128E0       FindCustomVariantType
 0001:00012998       FindCustomVariantType
 0001:000384D8       FindDragTarget
 0001:00019760       FindExistingComponent
 0001:0000024C       FindFirstFile
 0001:00015B48       FindGlobalComponent
 0001:0005098C       FindGlobalComponent
 0002:00002864       FindGlobalComponentProcs
 0001:00004198       FindHInstance
 0001:000159F0       FindIdentToInt
 0002:00002A74       FindMsg
 0001:000188F0       FindNestedComponent
 0001:000491F0       FindPopupControl
 0001:0000CD20       FindProc
 0001:00005174       FindResource
 0001:00004210       FindResourceHInstance
 0001:0005A4B8       FindScanline
 0001:000508E4       FindTopMostWindow
 0001:0001A644       FindUniqueName
 0001:000384A4       FindVCLWindow
 0001:000056AC       FindWindow
 0001:00034328       FindWinHelp
 0001:000231DC       FixupBitFields
 0002:00000D40       Flags
 0002:000027A0       FLanguages
 0001:00028034       FlatSB
 0002:00002944       FlatSB_EnableScrollBar
 0002:00002950       FlatSB_GetScrollInfo
 0002:00002954       FlatSB_GetScrollPos
 0002:0000294C       FlatSB_GetScrollRange
 0002:0000295C       FlatSB_SetScrollInfo
 0002:00002958       FlatSB_SetScrollPos
 0001:00027D24       FlatSB_SetScrollProp
 0002:00002960       FlatSB_SetScrollRange
 0002:00002948       FlatSB_ShowScrollBar
 0001:000082C4       FloatToDecimal
 0001:00008604       FloatToStr
 0001:00007FF0       FloatToText
 0001:000019F8       Flush
 0002:00000180       FMSecsPerDay
 0001:00007EEC       FmtStr
 0002:00000D5C       FocusCount
 0002:00000D58       FocusMessages
 0002:000005FC       FontCharsets
 0002:000028DC       FontManager
 0001:00050960       ForegroundTask
 0002:00002C40       Form1
 0002:00000188       Format
 0001:00007ED8       Format
 0001:00007AE0       FormatBuf
 0001:00007AD4       FormatClearStr
 0001:00007A58       FormatError
 0002:00000164       FormatErrorStrs
 0001:0000517C       FormatMessage
 0001:0005B01C       FormatMessage
 0001:00007AB0       FormatVarToStr
 0001:0005ACC0       Forms
 0001:00001CC0       FPower10
 0002:00000738       FPrinter
 0001:000056B4       FrameRect
 0001:0000C27C       FreeAndNil
 0001:00000990       FreeCommitted
 0001:00000EB0       FreeCurAlloc
 0001:00038598       FreeDeviceContext
 0001:00038654       FreeDeviceContexts
 0001:0001C9C4       FreeIntConstList
 0001:00000254       FreeLibrary
 0001:00005184       FreeLibrary
 0001:00022D38       FreeMemoryContexts
 0001:0001CAF8       FreeObjectInstance
 0001:00005194       FreeResource
 0001:00000610       FreeSpace
 0001:0000BDE8       FreeTerminateProcs
 0001:000281E8       FreeThemeLibrary
 0002:00002B14       FRichEditModule
 0001:0002002C       GDICheck
 0001:0001FF84       GDIError
 0001:000053CC       GdiFlush
 0001:0000195C       Get8087CW
 0001:0000519C       GetACP
 0001:000056BC       GetActiveWindow
 0001:0005818C       GetAnimation
 0001:00029178       GetAveCharSize
 0001:0002CF00       GetBitBtnGlyph
 0001:000053D4       GetBitmapBits
 0001:00000390       GetBlockDesc
 0001:000053DC       GetBrushOrgEx
 0001:000056C4       GetCapture
 0001:00036DD4       GetCaptureControl
 0001:00015708       GetClass
 0001:000056CC       GetClassInfo
 0001:000056D4       GetClassName
 0001:000056DC       GetClientRect
 0001:000056E4       GetClipboardData
 0001:00021A58       GetClipboardFormats
 0001:000053E4       GetClipBox
 0001:0000032C       GetCmdShow
 0001:00046920       GetColor
 0001:0002EF10       GetComCtlVersion
 0001:0000025C       GetCommandLine
 0001:000007DC       GetCommitted
 0001:0000086C       GetCommittedAt
 0001:0003DC48       GetControlAtPos
 0001:00008B60       GetCount
 0001:000051A4       GetCPInfo
 0001:000053EC       GetCurrentPositionEx
 0001:000051AC       GetCurrentProcessId
 0002:00002A28       GetCurrentThemeName
 0001:000051B4       GetCurrentThreadId
 0001:0000030C       GetCurrentThreadId
 0001:00005A98       GetCurrentTime
 0001:000056EC       GetCursor
 0001:0005A4C8       GetCursorHeightMargin
 0001:000056F4       GetCursorPos
 0001:00008B8C       GetDate
 0001:000051BC       GetDateFormat
 0001:00009814       GetDateOrder
 0001:000056FC       GetDC
 0001:00005704       GetDCEx
 0001:000053F4       GetDCOrgEx
 0001:00025B34       GetDefFontCharSet
 0001:0000570C       GetDesktopWindow
 0001:0000540C       GetDeviceCaps
 0001:00020F8C       GetDIB
 0001:000053FC       GetDIBColorTable
 0001:00005404       GetDIBits
 0001:00020ED4       GetDIBSizes
 0001:0002019C       GetDInColors
 0001:000051C4       GetDiskFreeSpaceA
 0002:00000134       GetDiskFreeSpaceEx
 0001:000444C4       GetDockAlign
 0001:0003777C       GetDockSiteAtPos
 0001:00037AA8       GetDropCtl
 0001:00002340       GetDynaMethod
 0001:00005414       GetEnhMetaFileBits
 0001:0000541C       GetEnhMetaFileHeader
 0001:00005424       GetEnhMetaFilePaletteEntries
 0001:00012D04       GetEnumNameValue
 0001:00012D50       GetEnumValue
 0001:0000A258       GetEraNamesAndYearOffsets
 0001:000098A8       GetEraYearOffset
 0001:00013530       GetErrorInfo
 0001:0000ABD0       GetExceptionClass
 0001:0000ADB4       GetExceptionObject
 0001:00015690       GetFieldClassTable
 0001:00021A38       GetFileFormats
 0001:0000B024       GetFileVersion
 0001:0000532C       GetFileVersionInfo
 0001:00005334       GetFileVersionInfoSize
 0001:00005714       GetFocus
 0001:0001EB0C       GetFontData
 0001:0000571C       GetForegroundWindow
 0001:0000B86C       GetFormatSettings
 0001:000051CC       GetFullPathName
 0001:0001E078       GetHashCode
 0001:00055704       GetHelpInfo
 0001:000270F8       GetHelpSystem
 0001:00057F70       GetHint
 0001:00057FA8       GetHintControl
 0001:0004E6A4       GetHotkey
 0001:00005724       GetIconInfo
 0001:0006EA6C       GetIDsOfNames
 0001:0000573C       GetKeyboardLayout
 0001:00005744       GetKeyboardLayoutList
 0001:0000574C       GetKeyboardState
 0001:00001FAC       GetKeyboardType
 0001:0000572C       GetKeyNameText
 0001:00005734       GetKeyState
 0001:00005754       GetLastActivePopup
 0001:0004278C       GetLastChildZone
 0001:000051D4       GetLastError
 0001:0000A01C       GetLocaleChar
 0001:00000264       GetLocaleInfo
 0001:000051E4       GetLocaleInfo
 0001:00009FD0       GetLocaleStr
 0001:000051DC       GetLocalTime
 0001:00036D90       GetLongHint
 0001:0000575C       GetMenu
 0001:0005568C       GetMenuHelpContext
 0001:00005764       GetMenuItemCount
 0001:0000576C       GetMenuItemID
 0001:00005774       GetMenuItemInfo
 0001:0004B7F4       GetMenuSize
 0001:0000577C       GetMenuState
 0001:00005784       GetMenuString
 0001:000051EC       GetModuleFileName
 0001:0000026C       GetModuleFileName
 0001:000051F4       GetModuleHandle
 0001:00004E98       GetModuleHandle
 0001:00000274       GetModuleHandle
 0002:0000290C       GetMonitorInfo
 0002:00002910       GetMonitorInfoA
 0002:00002914       GetMonitorInfoW
 0001:0000A080       GetMonthDayNames
 0001:0000578C       GetNextWindow
 0001:0000542C       GetObject
 0001:00012E24       GetOrdProp
 0001:00005434       GetPaletteEntries
 0001:00005794       GetParent
 0001:00050B58       GetParentForm
 0001:0000543C       GetPixel
 0001:0000027C       GetProcAddress
 0001:000051FC       GetProcAddress
 0001:0000579C       GetProp
 0001:00012DB4       GetPropInfo
 0001:00051018       GetRealScrollPosition
 0001:00046900       GetRGBColor
 0001:000057A4       GetScrollInfo
 0001:000057AC       GetScrollPos
 0001:000057B4       GetScrollRange
 0001:00036D4C       GetShortHint
 0001:00000534       GetSpace
 0001:00000598       GetSpaceAt
 0001:00049280       GetSpecialName
 0001:00000284       GetStartupInfo
 0001:00000204       GetStdHandle
 0001:00005204       GetStdHandle
 0001:00005444       GetStockObject
 0001:0000520C       GetStringTypeEx
 0001:000057BC       GetSubMenu
 0001:000057C4       GetSysColor
 0001:000057CC       GetSysColorBrush
 0001:00005214       GetSystemInfo
 0001:000057D4       GetSystemMenu
 0001:000057DC       GetSystemMetrics
 0002:000028FC       GetSystemMetrics
 0001:0000544C       GetSystemPaletteEntries
 0001:0000545C       GetTextExtentPoint
 0001:00005454       GetTextExtentPoint32
 0001:00005464       GetTextMetrics
 0002:00002A20       GetThemeAppProperties
 0002:0000298C       GetThemeBackgroundContentRect
 0002:00002990       GetThemeBackgroundExtent
 0002:000029A0       GetThemeBackgroundRegion
 0002:000029C4       GetThemeBool
 0002:000029B8       GetThemeColor
 0002:00002A2C       GetThemeDocumentationProperty
 0002:000029CC       GetThemeEnumValue
 0002:000029EC       GetThemeFilename
 0002:000029D4       GetThemeFont
 0002:000029C8       GetThemeInt
 0002:000029E0       GetThemeIntList
 0002:000029DC       GetThemeMargins
 0002:000029BC       GetThemeMetric
 0002:00002994       GetThemePartSize
 0002:000029D0       GetThemePosition
 0002:000029E4       GetThemePropertyOrigin
 0002:000029D8       GetThemeRect
 0002:000029C0       GetThemeString
 0002:000029F8       GetThemeSysBool
 0002:000029F0       GetThemeSysColor
 0002:000029F4       GetThemeSysColorBrush
 0002:00002A00       GetThemeSysFont
 0002:00002A08       GetThemeSysInt
 0002:000029FC       GetThemeSysSize
 0002:00002A04       GetThemeSysString
 0002:00002998       GetThemeTextExtent
 0002:0000299C       GetThemeTextMetrics
 0001:0000521C       GetThreadLocale
 0001:0000028C       GetThreadLocale
 0001:00000324       GetTickCount
 0001:00005224       GetTickCount
 0001:00008BC4       GetTime
 0001:00004EC4       GetTlsSize
 0001:0005873C       GetTopMostWindows
 0001:00036EDC       GetTopParent
 0001:000057E4       GetTopWindow
 0001:00012CF8       GetTypeData
 0001:0000522C       GetVersion
 0001:00000314       GetVersion
 0001:00005234       GetVersionEx
 0001:000057EC       GetWindow
 0001:000057F4       GetWindowDC
 0001:000057FC       GetWindowLong
 0001:00005474       GetWindowOrgEx
 0001:00005804       GetWindowPlacement
 0001:0000580C       GetWindowRect
 0001:00005814       GetWindowText
 0002:00002A14       GetWindowTheme
 0001:0000581C       GetWindowThreadProcessId
 0001:00005824       GetWindowThreadProcessId
 0001:0000546C       GetWinMetaFileBits
 0001:0000523C       GlobalAddAtom
 0001:00005244       GlobalAlloc
 0001:00005AA4       GlobalAllocPtr
 0001:0000524C       GlobalDeleteAtom
 0001:00005254       GlobalFindAtom
 0002:00002868       GlobalFixupList
 0001:00018A38       GlobalFixupReferences
 0001:0000525C       GlobalFree
 0001:00005AD0       GlobalFreePtr
 0001:0000526C       GlobalHandle
 0001:00005264       GlobalLock
 0002:0000284C       GlobalNameSpace
 0001:00005274       GlobalReAlloc
 0001:00005AB4       GlobalReAllocPtr
 0001:0000527C       GlobalUnlock
 0002:000009EC       GlyphCache
 0001:00025FF8       Graphics
 0001:00015884       GroupDescendentsWith
 0002:000003B8       GUID_NULL
 0001:0000DB38       HandleConversionException
 0001:0005590C       HandleEdge
 0001:00019E9C       HandleException
 0002:00000028       HeapAllocFlags
 0002:000025C8       heapErrorCode
 0002:000025CC       heapLock
 0001:00027CA0       HelpIntfs
 0002:00002938       HelpManager
 0002:00002A70       HelpMsg
 0002:00002B38       HelpViewer
 0002:00002B3C       HelpViewerIntf
 0002:00000130       HexDisplayPrefix
 0002:00000ABC       HideSelections
 0001:00044540       HideZone
 0001:0006F2A0       HIMETRICtoDP
 0002:00002668       HInstance
 0002:00002BF4       HintDoneEvent
 0001:00058078       HintGetMsgHook
 0002:00002BF8       HintHook
 0001:0005801C       HintMouseThread
 0002:00002BFC       HintThread
 0002:00002BF0       HintThreadID
 0001:00057FC8       HintTimerProc
 0002:00000D50       HintWindowClass
 0002:000029A4       HitTestThemeBackground
 0001:000580BC       HookHintHooks
 0001:00005BDC       HwndMSWheel
 0002:00000CE4       IBreaks
 0002:00000CF0       IChecks
 0002:00000758       IconIDs
 0002:00000CF8       IDefaults
 0001:0001EAFC       IdentToCharset
 0001:0001E8F4       IdentToColor
 0001:00036D3C       IdentToCursor
 0001:00015A6C       IdentToInt
 0002:00000D00       IEnables
 0001:0004C598       IfHotkeyAvailable
 0002:00002BCC       ImageListWriteExProc
 0001:0002640C       ImageList_Add
 0001:0002642C       ImageList_AddIcon
 0001:00026458       ImageList_BeginDrag
 0001:000263F4       ImageList_Create
 0001:000263FC       ImageList_Destroy
 0001:00026468       ImageList_DragEnter
 0001:00026470       ImageList_DragLeave
 0001:00026478       ImageList_DragMove
 0001:00026488       ImageList_DragShowNolock
 0001:00026438       ImageList_Draw
 0001:00026448       ImageList_DrawEx
 0001:00026460       ImageList_EndDrag
 0001:00026424       ImageList_GetBkColor
 0001:00026490       ImageList_GetDragImage
 0001:000264A8       ImageList_GetIconSize
 0001:00026404       ImageList_GetImageCount
 0001:00026498       ImageList_Read
 0001:00026450       ImageList_Remove
 0001:00026440       ImageList_Replace
 0001:00026414       ImageList_ReplaceIcon
 0001:0002641C       ImageList_SetBkColor
 0001:00026480       ImageList_SetDragCursorImage
 0001:000264B0       ImageList_SetIconSize
 0001:000264A0       ImageList_Write
 0002:00000C54       Images
 0001:000482B8       ImgList
 0001:00026CA8       Imm
 0002:00000C38       IMM32DLL
 0001:00045130       Imm32IsIME
 0002:00000184       IMSecsPerDay
 0001:0000DC24       InBounds
 0001:0000DEC4       InBounds
 0001:0000DEF4       Increment
 0001:0000DC54       Increment
 0001:0000582C       InflateRect
 0001:0002ED04       IniFiles
 0001:00000A1C       InitAllocator
 0001:000264F0       InitAnApi
 0002:00002924       InitApis
 0001:0006EEB0       InitComObj
 0001:00015D14       InitComponent
 0002:00002638       InitContext
 0001:000451CC       InitControls
 0001:0005B2EC       InitDecompressor
 0001:0005C33C       InitDefaults
 0001:00025B78       InitDefFontData
 0001:0000BE08       InitDriveSpacePtr
 0001:0000AE90       InitExceptions
 0001:00027D80       InitFlatSB
 0001:00029EBC       InitGlobals
 0001:00020D8C       InitializeBitmapInfoHeader
 0001:00005284       InitializeCriticalSection
 0001:00000370       InitializeCriticalSection
 0002:000025C4       initialized
 0001:00027D58       InitializeFlatSB
 0001:00004F50       InitializeModule
 0001:0000CD4C       InitializeVarUtils
 0001:00044DD0       InitIMM32
 0001:00015DBC       InitInheritedComponent
 0001:0000B680       InitLeadBytes
 0001:00026BCC       InitMultiMonStubs
 0001:0006F5F0       InitOlePro32
 0001:0000AF94       InitPlatformId
 0002:00002044       InitProc
 0001:0005ABD8       InitProcs
 0001:00025AFC       InitScreenLogPixels
 0001:0000B6F8       InitSysLocale
 0001:000283A8       InitThemeLibrary
 0001:0001B7A8       InitThreadSynchronization
 0001:00004ECC       InitThreadTLS
 0001:00002BAC       InitUnits
 0001:00036A20       InitWndProc
 0002:00000BD8       InnerStyles
 0002:00002050       Input
 0001:0003C484       InsertBefore
 0001:00057AA0       InsertBefore
 0001:00000E28       InsertFree
 0001:0004C64C       InsertHotkeyFarEastFormat
 0001:00005834       InsertMenu
 0001:0000583C       InsertMenuItem
 0002:00002884       InstBlockList
 0002:00002888       InstFreeList
 0002:0000285C       IntConstList
 0001:0000BE70       InterlockedDecrement
 0001:00000304       InterlockedDecrement
 0001:0000BE7C       InterlockedExchange
 0001:0000518C       InterlockedExchange
 0001:0000BE84       InterlockedExchangeAdd
 0001:000002FC       InterlockedIncrement
 0001:0000BE64       InterlockedIncrement
 0001:0001E004       InternalDeletePalette
 0001:000019B0       InternalFlush
 0001:00000C84       InternalFreeMem
 0001:00020EDC       InternalGetDIB
 0001:00020E70       InternalGetDIBSizes
 0001:00015BAC       InternalReadComponentRes
 0002:00002B20       InternalServices
 0001:00003390       InternalUniqueString
 0001:0000547C       IntersectClipRect
 0001:00005844       IntersectRect
 0001:000072D4       IntToHex
 0001:00015AAC       IntToIdent
 0001:000072AC       IntToStr
 0001:000071C0       IntToStr
 0001:0000584C       InvalidateRect
 0001:0001FF0C       InvalidBitmap
 0001:0001FEF4       InvalidGraphic
 0001:0001FF18       InvalidIcon
 0001:0001FF24       InvalidMetafile
 0001:0006F3B8       InvalidOperation
 0001:0005AF88       InvalidOperation
 0001:0001FEDC       InvalidOperation
 0001:00014C18       InvalidPoint
 0002:0000279C       InvalidPointer
 0001:000021F8       InvokeImplGetter
 0001:000018B8       IOResult
 0002:00000D20       IOwnerDraw
 0002:00000D08       IRadios
 0002:00000D18       IRTL
 0001:00050AE8       IsAccel
 0001:0004D7FC       IsAccelChar
 0002:00002A10       IsAppThemed
 0001:00037534       IsBeforeTargetWindow
 0001:00005854       IsChild
 0002:0000204C       IsConsole
 0001:00037990       IsDelphiHandle
 0001:0000585C       IsDialogMessage
 0002:00000D10       ISeparators
 0001:00005864       IsIconic
 0001:0004D858       IsInitialChar
 0001:00008804       IsLeapYear
 0002:00002038       IsLibrary
 0002:0000204D       IsMultiThread
 0001:000421F0       IsOrientationSet
 0001:0000586C       IsRectEmpty
 0001:00037738       IsSiteChildOfClient
 0002:00002A0C       IsThemeActive
 0002:000029B4       IsThemeBackgroundPartiallyTransparent
 0002:00002A1C       IsThemeDialogTextureEnabled
 0002:000029B0       IsThemePartDefined
 0001:00015B88       IsUniqueGlobalComponentName
 0002:00002850       IsUniqueGlobalComponentNameProc
 0001:00007110       IsValidIdent
 0001:0000B6E0       IsWesternGroup
 0001:00005874       IsWindow
 0001:0000587C       IsWindowEnabled
 0001:00005884       IsWindowVisible
 0001:0000588C       IsZoomed
 0001:0004964C       Iterate
 0001:000496AC       IterateMenus
 0001:0005AD4C       JConsts
 0002:00000030       JITEnable
 0001:0006E090       jpeg
 0002:00000E6C       JPEGDefaults
 0001:0005AFA0       JpegError
 0001:0005DF90       jpeg_calc_output_dimensions
 0001:0005C6B0       jpeg_consume_input
 0001:000688C8       jpeg_CreateCompress
 0001:0005C37C       jpeg_CreateDecompress
 0001:00067B7C       jpeg_destroy
 0001:0005C44C       jpeg_destroy_decompress
 0001:000689E8       jpeg_finish_compress
 0001:0005C7C4       jpeg_finish_decompress
 0001:0005DE78       jpeg_finish_output
 0001:0005C790       jpeg_has_multiple_scans
 0001:0005C644       jpeg_read_header
 0001:0005DCDC       jpeg_read_scanlines
 0001:000679C0       jpeg_save_markers
 0001:00068068       jpeg_set_colorspace
 0001:00067EF4       jpeg_set_defaults
 0001:00067DF8       jpeg_set_quality
 0001:000684D0       jpeg_simple_progression
 0001:000686E8       jpeg_start_compress
 0001:0005DB54       jpeg_start_decompress
 0001:0005DE18       jpeg_start_output
 0001:00067C9C       jpeg_stdio_dest
 0001:0005DAE8       jpeg_stdio_src
 0002:00000E74       jpeg_std_error
 0001:0006875C       jpeg_write_scanlines
 0001:00050A9C       KeyboardStateToShiftState
 0001:00050A60       KeyDataToShiftState
 0001:00050A0C       KeysToShiftState
 0001:00005894       KillTimer
 0001:00007690       LastDelimiter
 0001:0000B60C       LCIDToCodePage
 0001:00004CFC       LCIDToCodePage
 0002:00000110       LeadBytes
 0001:00000380       LeaveCriticalSection
 0001:0000528C       LeaveCriticalSection
 0002:00000038       LibModuleList
 0001:0000548C       LineTo
 0001:0002EE68       ListActns
 0001:00038520       ListAdd
 0001:00038548       ListRemove
 0002:00002752       ListSeparator
 0001:0000589C       LoadBitmap
 0001:0006E4F0       LoadComExProcs
 0001:000058A4       LoadCursor
 0001:000058AC       LoadIcon
 0001:000058B4       LoadKeyboardLayout
 0001:00005294       LoadLibrary
 0001:00000294       LoadLibraryEx
 0001:0000529C       LoadResource
 0001:00004404       LoadResourceModule
 0001:00004CA4       LoadResString
 0001:0000029C       LoadString
 0001:000058BC       LoadString
 0001:00004EA0       LocalAlloc
 0001:00000350       LocalAlloc
 0001:00000358       LocalFree
 0001:0000A044       LocalGetLocaleStr
 0002:00002A44       Lock
 0001:000052A4       LockResource
 0002:00002694       LongDateFormat
 0002:00002728       LongDayNames
 0002:000026DC       LongMonthNames
 0002:000026A8       LongTimeFormat
 0001:00006D44       LowerCase
 0001:00005484       LPtoDP
 0001:00005324       lstrcpy
 0001:000002A4       lstrcpyn
 0002:00002824       LVarTypes
 0002:00002828       LVarTypeSync
 0002:00002030       MainInstance
 0002:00002034       MainThreadID
 0001:000003E0       MakeEmpty
 0001:00002CBC       MakeErrorMessage
 0002:00000C24       MakeLast
 0001:00005A8C       MakeLong
 0001:0001CA60       MakeObjectInstance
 0001:00005AE4       MakeROP4
 0001:00005B1C       MakeWParam
 0001:0000AB50       MapException
 0001:0002EDD8       Mapi
 0002:00000A00       MAPIDLL
 0002:00000A04       MAPIModule
 0001:000029C4       MapToRunError
 0001:000058C4       MapVirtualKey
 0001:000058CC       MapWindowPoints
 0002:00000C5C       Mask
 0001:00005494       MaskBlt
 0001:00026134       Math
 0001:000260FC       Max
 0001:000533A0       MaximizedChildren
 0002:00000040       MemoryManager
 0002:00000C78       MenuKeyCaps
 0001:0004E874       Menus
 0001:00000430       MergeBlockAfter
 0001:00000EFC       MergeCommit
 0001:000058D4       MessageBeep
 0001:0000023C       MessageBox
 0001:000058DC       MessageBox
 0001:00029DC0       MessageDlgPos
 0001:00029DE4       MessageDlgPosHelp
 0001:00005D3C       Messages
 0001:00016420       Min
 0001:000260F4       Min
 0001:0003BDCC       MinVar
 0002:0000292C       MMAvailable
 0002:000007C4       ModalResults
 0002:00000C3C       ModeMap
 0001:00055098       ModifySystemMenu
 0002:000000A8       Module
 0002:00002665       ModuleIsCpp
 0002:00002664       ModuleIsLib
 0001:0001CA30       ModuleUnload
 0002:0000003C       ModuleUnloadList
 0002:00002908       MonitorFromPoint
 0002:00002904       MonitorFromRect
 0002:00002900       MonitorFromWindow
 0002:000000E0       MonthDays
 0002:00002B40       Mouse
 0001:000018D8       Move
 0001:0000549C       MoveToEx
 0001:00038568       MoveWindowOrg
 0001:000052AC       MulDiv
 0001:000052B4       MultiByteToWideChar
 0001:000002B4       MultiByteToWideChar
 0001:0005A67C       MultiLineWidth
 0001:00026C68       MultiMon
 0002:00002C1C       NeedToUninitialize
 0002:00002689       NegCurrFormat
 0001:00000F88       NewCommit
 0001:00000FB4       NewCommitAt
 0002:00002B44       NewStyleControls
 0001:0000B404       NextCharIndex
 0001:000421D4       NextVisibleZone
 0002:000003F4       NilMethod
 0002:00000034       NoErrMsg
 0001:0004A460       NormalDraw
 0001:0000257C       NotifyAnyExcept
 0001:00002550       NotifyExcept
 0001:000025B0       NotifyExceptFinally
 0001:00015C88       NotifyGlobalLoading
 0001:00004704       NotifyModuleUnload
 0001:0000252C       NotifyNonDelphiException
 0001:00002568       NotifyOnExcept
 0001:00002510       NotifyReRaise
 0001:000025D8       NotifyTerminate
 0001:000025F4       NotifyUnhandled
 0001:0004D1D8       NthParentOf
 0001:00012A80       Null
 0002:00000320       NullAsStringValue
 0002:0000031C       NullStrictConvert
 0001:00036AD8       ObjectFromHWnd
 0002:00000AC4       OEMConverts
 0001:000058E4       OemToAnsi
 0001:000058EC       OffsetRect
 0001:0006E4D8       OleCheck
 0001:0006E4BC       OleError
 0001:0006F6E0       OleLoadPicture
 0002:00002C2C       OlePro32DLL
 0001:00003CC8       OleStrToStrVar
 0002:00002C10       OleUninitializing
 0001:000058F4       OpenClipboard
 0002:0000297C       OpenThemeData
 0002:00000C1C       OrientArray
 0002:00000BE8       OuterStyles
 0002:00002798       OutOfMemory
 0001:0001FF30       OutOfResources
 0002:0000221C       Output
 0001:0005B018       OutputMessage
 0002:00000324       PackVarCreation
 0002:000006F8       Pal16
 0001:0001E3E8       PaletteChanged
 0001:0002071C       PaletteFromDIBColorTable
 0001:000207C0       PaletteToDIBColorTable
 0002:000006F4       PalSize
 0001:000425B8       ParentNotLast
 0002:00000AA0       Passwords
 0001:000054A4       PatBlt
 0002:000028EC       PatternManager
 0001:000058FC       PeekMessage
 0002:000028E0       PenManager
 0002:000006BC       PenModes
 0002:0000069C       PenStyles
 0001:000054AC       PlayEnhMetaFile
 0001:00014BA0       Point
 0001:00004FF4       Point
 0001:00014FD8       PointerInModule
 0001:0003D668       PointsEqual
 0001:00005B04       PointToSmallPoint
 0002:00002BD0       PopupList
 0001:00005904       PostMessage
 0001:0000590C       PostQuitMessage
 0001:00027D1C       Printers
 0001:000567AC       ProcessExecute
 0001:00050D18       ProcessHorz
 0001:000568AC       ProcessUpdate
 0001:00050D84       ProcessVert
 0001:0005B1D4       ProgressCallback
 0001:00071450       Project1
 0001:00018D34       PropertyNotFound
 0001:00019F9C       PropPathError
 0002:00000D80       Props
 0001:00018D28       PropValueError
 0001:00005914       PtInRect
 0002:000000A4       PtrToNil
 0001:00007FAC       PutExponent
 0002:00002B88       QualifyingSites
 0001:0000031C       QueryPerformanceCounter
 0001:0000AB0C       RaiseAssertException
 0001:0006EB4C       RaiseException
 0001:0000020C       RaiseException
 0001:00017D48       RaiseException
 0002:00002014       RaiseExceptionProc
 0001:0000BD20       RaiseLastOSError
 0001:0006EA38       RaiseNameException
 0001:00001918       Randomize
 0002:00000008       RandSeed
 0001:00043328       ReadControlName
 0001:0001B1DC       ReadCustomVariant
 0001:00018D10       ReadError
 0001:000052BC       ReadFile
 0001:00020A6C       ReadIcon
 0002:00000AA8       ReadOnlys
 0001:000054B4       RealizePalette
 0001:00019550       Recover
 0001:00004FD8       Rect
 0001:00014BC8       Rect
 0001:000054C4       Rectangle
 0001:000054BC       RectVisible
 0001:0000591C       RedrawWindow
 0002:0000281C       RefAnyProc
 0002:00002A40       ReferenceCount
 0001:0000511C       RegCloseKey
 0001:000002BC       RegCloseKey
 0002:00002860       RegGroups
 0001:00005924       RegisterClass
 0001:0001577C       RegisterClass
 0001:0000592C       RegisterClipboardFormat
 0001:000378D8       RegisterDockSite
 0001:00015AF0       RegisterFindGlobalComponentProc
 0001:000159C4       RegisterIntegerConsts
 0001:00004760       RegisterModule
 0001:00027074       RegisterViewer
 0001:00005934       RegisterWindowMessage
 0001:0002ED6C       Registry
 0001:000002C4       RegOpenKeyEx
 0001:00005124       RegOpenKeyEx
 0001:0000512C       RegQueryValueEx
 0001:000002CC       RegQueryValueEx
 0001:00028C7C       RegStr
 0001:0000593C       ReleaseCapture
 0001:0005B2C8       ReleaseContext
 0001:00005944       ReleaseDC
 0002:0000004C       reMap
 0002:0000261C       remBytes
 0001:000004A0       RemoveBlock
 0002:000003D0       RemoveDataModule
 0001:00018BE0       RemoveFixupReferences
 0001:00018C8C       RemoveFixups
 0001:00018F84       RemoveGlobalFixup
 0001:0000594C       RemoveMenu
 0001:000046A4       RemoveModuleUnloadProc
 0001:0000467C       RemoveModuleUnloadProc
 0001:00005954       RemoveProp
 0001:0005B020       ResetErrorMgr
 0001:000052C4       ResetEvent
 0001:0001B7F4       ResetSyncEvent
 0001:0000143C       ResizeInPlace
 0001:000054CC       RestoreDC
 0001:000506B8       RestoreFocusState
 0001:00015F4C       ReturnAddr
 0001:00049220       ReturnAddr
 0001:00016BE4       ReturnAddr
 0001:0002049C       RGBQuadToTriple
 0001:00020464       RGBTripleToQuad
 0001:00028BD4       RichEdit
 0002:00002B58       RM_GetObjectInstance
 0002:00002BEC       RM_TaskbarCreated
 0002:00002618       rover
 0002:00000A08       RTFConversionFormat
 0001:00012CC4       RTLConsts
 0001:00000214       RtlUnwind
 0002:00002018       RTLUnwindProc
 0002:00000070       runErrMsg
 0001:000017E0       RunErrorAt
 0001:0000CD00       SafeArrayCreate
 0001:0000CD08       SafeArrayGetLBound
 0001:0000CD10       SafeArrayGetUBound
 0001:0000CD18       SafeArrayPtrOfIndex
 0001:0006E5F4       SafeCallError
 0002:00002020       SafeCallErrorProc
 0001:0000C348       SafeLoadLibrary
 0001:00006E24       SameText
 0001:000054D4       SaveDC
 0001:000506B0       SaveFocusState
 0002:00002C18       SaveInitProc
 0001:00009698       ScanBlanks
 0001:000097DC       ScanChar
 0001:00009958       ScanDate
 0001:000096BC       ScanNumber
 0001:00009750       ScanString
 0001:00009C9C       ScanTime
 0001:00009860       ScanToNumber
 0002:00002BE4       Screen
 0002:00002898       ScreenLogPixels
 0001:0000595C       ScreenToClient
 0002:00000AE8       ScrollBar
 0001:00050ED0       ScrollBarVisible
 0001:00005964       ScrollWindow
 0001:00000FE8       SearchSmallBlocks
 0001:000054DC       SelectObject
 0001:000054E4       SelectPalette
 0001:00036B68       SendAppMessage
 0001:00050920       SendFocusMessage
 0001:0000596C       SendMessage
 0002:00000CDC       Separators
 0001:0000194C       Set8087CW
 0001:00005974       SetActiveWindow
 0001:000581BC       SetAnimation
 0001:000054EC       SetBkColor
 0001:000054F4       SetBkMode
 0001:000054FC       SetBrushOrgEx
 0001:0000597C       SetCapture
 0001:00036DFC       SetCaptureControl
 0001:00005984       SetClassLong
 0001:0001260C       SetClearVarToEmptyParam
 0001:0000598C       SetClipboardData
 0001:000196C0       SetCompName
 0001:00005994       SetCursor
 0001:00005504       SetDIBColorTable
 0001:000052CC       SetEndOfFile
 0001:0000550C       SetEnhMetaFileBits
 0001:000052D4       SetErrorMode
 0001:000052DC       SetEvent
 0001:00002B04       SetExceptionHandler
 0001:000052E4       SetFilePointer
 0001:00013128       SetFloatProp
 0001:0000599C       SetFocus
 0001:000059A4       SetForegroundWindow
 0001:00045054       SetImeMode
 0001:00001864       SetInOutRes
 0001:000133AC       SetInt64Prop
 0001:000133E8       SetInterfaceProp
 0001:0001A27C       SetInterfaceReference
 0001:0001A198       SetIntIdent
 0002:00000D54       SetLayeredWindowAttributes
 0001:00012F90       SetLongStrProp
 0001:00005514       SetMapMode
 0001:000059AC       SetMenu
 0001:000059B4       SetMenuItemInfo
 0001:00013374       SetMethodProp
 0001:0001A1E0       SetObjectIdent
 0001:00012E98       SetOrdProp
 0001:000059BC       SetParent
 0001:0000551C       SetPixel
 0001:000059C4       SetProp
 0001:000059CC       SetRect
 0001:00005524       SetROP2
 0001:000059D4       SetScrollInfo
 0001:000059DC       SetScrollPos
 0001:000059E4       SetScrollRange
 0001:00012EF4       SetShortStrProp
 0001:00012F48       SetShortStrPropAsLongStr
 0001:0000552C       SetStretchBltMode
 0001:00013028       SetStrProp
 0001:000194C8       SetSubComponentState
 0001:00005534       SetTextColor
 0002:00002A24       SetThemeAppProperties
 0001:000052EC       SetThreadLocale
 0001:000059EC       SetTimer
 0001:000125F4       SetVarAsError
 0001:00013334       SetVariantProp
 0001:0001A220       SetVariantReference
 0001:0000553C       SetViewportOrgEx
 0001:0005A18C       SetVisible
 0001:00013054       SetWideStrProp
 0001:00012FD0       SetWideStrPropAsLongStr
 0001:000059F4       SetWindowLong
 0001:0000554C       SetWindowOrgEx
 0001:000059FC       SetWindowPlacement
 0001:00005A04       SetWindowPos
 0001:00005A14       SetWindowsHookEx
 0001:00005A0C       SetWindowText
 0002:000029E8       SetWindowTheme
 0001:00005544       SetWinMetaFileBits
 0002:00000150       ShareMode
 0001:00028C44       ShellAPI
 0002:00002B10       ShellModule
 0001:00028D24       ShlObj
 0001:00049248       ShortCut
 0002:00002BD4       ShortCutItems
 0001:000492D4       ShortCutToText
 0002:00002690       ShortDateFormat
 0002:0000270C       ShortDayNames
 0002:000026AC       ShortMonthNames
 0002:000026A4       ShortTimeFormat
 0002:00000DCC       ShowCommands
 0002:00000DB4       ShowCommands
 0002:00000DC0       ShowCommands
 0001:00005A1C       ShowCursor
 0001:0000A6C4       ShowException
 0002:00000BD0       ShowFlags
 0002:00000E68       ShowFlags
 0001:000506C0       ShowMDIClientEdge
 0001:00029E98       ShowMessage
 0001:00029EA4       ShowMessagePos
 0001:00005A24       ShowOwnedPopups
 0001:00005A2C       ShowScrollBar
 0001:00005A34       ShowWindow
 0001:000581E4       ShowWinNoAnimate
 0001:000445C0       ShowZone
 0002:00000C30       SizeCursors
 0001:000052F4       SizeofResource
 0001:0001AD10       SkipBinary
 0001:0001AD40       SkipCollection
 0001:0001ACE8       SkipList
 0001:000052FC       Sleep
 0001:0000BD18       Sleep
 0001:00014BB8       SmallPoint
 0001:00005AF0       SmallPointToPoint
 0002:00002624       smallTab
 0002:000025EC       spaceRoot
 0001:00015838       StartClassGroup
 0001:000338F4       StdActns
 0001:0003378C       StdCtrls
 0001:0006F030       StdVCL
 0001:0001CA38       StdWndProc
 0002:000028A0       StockBrush
 0002:000028A4       StockFont
 0002:000028A8       StockIcon
 0002:0000289C       StockPen
 0001:000079FC       StrAlloc
 0001:00007A10       StrBufSize
 0001:0000B1B4       StrByteType
 0001:0000B3A0       StrCharLength
 0001:000078EC       StrComp
 0001:0000784C       StrCopy
 0001:00007A48       StrDispose
 0001:00047A04       StreamsEqual
 0001:00007828       StrEnd
 0001:00005554       StretchBlt
 0001:00007E58       StrFmt
 0001:00007910       StrIComp
 0001:00017BE4       StringListCompareStrings
 0001:0000BBE4       StringReplace
 0001:00003CEC       StringToOleStr
 0001:0004E610       StripHotkey
 0001:00007874       StrLCopy
 0001:00007810       StrLen
 0001:00007E98       StrLFmt
 0001:00007950       StrLIComp
 0001:0000783C       StrMove
 0001:00007A1C       StrNew
 0001:0000B3C0       StrNextChar
 0001:000078A8       StrPCopy
 0001:000078CC       StrPLCopy
 0001:000079A8       StrPos
 0001:00007994       StrScan
 0001:000072FC       StrToInt
 0001:00007338       StrToIntDef
 0001:0002C8A4       StrUtils
 0002:00000DA8       Styles
 0001:00013538       Succeeded
 0001:0000C2B0       Supports
 0001:0000C28C       Supports
 0002:00002854       SyncEvent
 0002:000003FC       SyncList
 0001:000281E0       SyncObjs
 0001:000002E4       SysAllocStringLen
 0001:0000604C       SysConst
 0002:00000D78       SysConsts
 0002:00000D70       SysConsts
 0001:00009F84       SysErrorMessage
 0001:00001298       SysFreeMem
 0001:00013528       SysFreeString
 0001:000002F4       SysFreeString
 0001:00001108       SysGetMem
 0001:00004FD0       SysInit
 0002:00002744       SysLocale
 0001:00001618       SysReallocMem
 0001:000002EC       SysReAllocStringLen
 0001:00004DC4       System
 0002:00002890       SystemPalette16
 0001:00020684       SystemPaletteOverride
 0001:00005A3C       SystemParametersInfo
 0001:0000C81C       SysUtils
 0001:00045EE8       TActionLink.IsCaptionLinked
 0001:00045EFC       TActionLink.IsCheckedLinked
 0001:00045F10       TActionLink.IsEnabledLinked
 0001:00045F24       TActionLink.IsGroupIndexLinked
 0001:00045F38       TActionLink.IsHelpContextLinked
 0001:00045F4C       TActionLink.IsHelpLinked
 0001:00045F60       TActionLink.IsHintLinked
 0001:00045F74       TActionLink.IsImageIndexLinked
 0001:00045F88       TActionLink.IsShortCutLinked
 0001:00045F9C       TActionLink.IsVisibleLinked
 0001:00045FB0       TActionLink.SetAutoCheck
 0001:00045FB4       TActionLink.SetCaption
 0001:00045FB8       TActionLink.SetChecked
 0001:00045FBC       TActionLink.SetEnabled
 0001:00045FC0       TActionLink.SetGroupIndex
 0001:00045FC4       TActionLink.SetHelpContext
 0001:00045FC8       TActionLink.SetHelpKeyword
 0001:00045FCC       TActionLink.SetHelpType
 0001:00045FD0       TActionLink.SetHint
 0001:00045FD4       TActionLink.SetImageIndex
 0001:00045FD8       TActionLink.SetShortCut
 0001:00045FDC       TActionLink.SetVisible
 0001:0005A728       TApplication.ActivateHint
 0001:0005937C       TApplication.BringToFront
 0001:0005A490       TApplication.CancelHint
 0001:00058960       TApplication.CheckIniChange
 0001:000586DC       TApplication.ControlDestroyed
 0001:00058224       TApplication.Create
 0001:0005977C       TApplication.CreateForm
 0001:0005852C       TApplication.CreateHandle
 0001:00058410       TApplication.Destroy
 0001:0005AAF8       TApplication.DispatchAction
 0001:00059E5C       TApplication.DoActionIdle
 0001:00059EC0       TApplication.DoMouseIdle
 0001:000587AC       TApplication.DoNormalizeTopMosts
 0001:0005AB88       TApplication.ExecuteAction
 0001:0005AABC       TApplication.GetCurrentHelpFile
 0001:000591B0       TApplication.GetIconHandle
 0001:000593B8       TApplication.GetTitle
 0001:000598FC       TApplication.HandleException
 0001:00059668       TApplication.HandleMessage
 0001:00059E04       TApplication.HelpCommand
 0001:00059D9C       TApplication.HelpContext
 0001:00059D34       TApplication.HelpKeyword
 0001:0005A44C       TApplication.HideHint
 0001:0005A304       TApplication.HintMouseMessage
 0001:0005A414       TApplication.HintTimerExpired
 0001:0005968C       TApplication.HookMainWindow
 0001:0005AC34       TApplication.HookSynchronizeWakeup
 0001:0005A094       TApplication.IconChanged
 0001:00059F38       TApplication.Idle
 0001:00059764       TApplication.Initialize
 0001:00059BCC       TApplication.InvokeHelp
 0001:00059404       TApplication.IsDlgMsg
 0001:00059530       TApplication.IsHintMsg
 0001:00059478       TApplication.IsKeyMsg
 0001:00059428       TApplication.IsMDIMsg
 0001:00059564       TApplication.IsShortCut
 0001:0005998C       TApplication.MessageBox
 0001:000591CC       TApplication.Minimize
 0001:00058888       TApplication.ModalFinished
 0001:0005885C       TApplication.ModalStarted
 0001:000588BC       TApplication.NormalizeAllTopMosts
 0001:000588B4       TApplication.NormalizeTopMosts
 0001:0005A058       TApplication.NotifyForms
 0001:000595D0       TApplication.ProcessMessage
 0001:0005927C       TApplication.Restore
 0001:000588C4       TApplication.RestoreTopMosts
 0001:000597FC       TApplication.Run
 0001:0005A0F8       TApplication.SetHint
 0001:00059E0C       TApplication.SetShowHint
 0001:000589B8       TApplication.SettingChange
 0001:00059AF4       TApplication.ShowException
 0001:0005A298       TApplication.StartHintTimer
 0001:0005A2DC       TApplication.StopHintTimer
 0001:000598E8       TApplication.Terminate
 0001:000596E8       TApplication.UnhookMainWindow
 0001:0005AC44       TApplication.UnhookSynchronizeWakeup
 0001:0005ABB0       TApplication.UpdateAction
 0001:0005A1E8       TApplication.UpdateVisible
 0001:00058948       TApplication.UseRightToLeftAlignment
 0001:00058930       TApplication.UseRightToLeftReading
[...]
 0002:00000D00       IEnables
 0002:00000D08       IRadios
 0002:00000D10       ISeparators
 0002:00000D18       IRTL
 0002:00000D20       IOwnerDraw
 0002:00000D28       Alignments
 0002:00000D30       EdgeStyle
 0002:00000D38       Alignments
 0002:00000D40       Flags
 0002:00000D4C       Buttons
 0002:00000D50       HintWindowClass
 0002:00000D54       SetLayeredWindowAttributes
 0002:00000D58       FocusMessages
 0002:00000D5C       FocusCount
 0002:00000D60       TaskActiveWindow
 0002:00000D64       TaskFirstWindow
 0002:00000D68       TaskFirstTopMost
 0002:00000D6C       TaskWindowList
 0002:00000D70       SysConsts
 0002:00000D78       SysConsts
 0002:00000D80       Props
 0002:00000DA8       Styles
 0002:00000DB4       ShowCommands
 0002:00000DC0       ShowCommands
 0002:00000DCC       ShowCommands
 0002:00000DD8       cUseAlpha
 0002:00000DE0       cUseColorKey
 0002:00000DE8       CursorMap
 0002:00000E3C       WindowClass
 0002:00000E64       AppVisible
 0002:00000E68       ShowFlags
 0002:00000E6C       JPEGDefaults
 0002:00000E74       jpeg_std_error
 0002:00000EF8       ..
 0002:00000F08       ..
 0002:00000F88       ..
 0002:00001008       ..
 0002:00001114       ..
 0002:000011D4       _jpeg_natural_order
 0002:00001314       ..
 0002:000016B4       ..
 0002:00001774       CoCreateInstanceEx
 0002:00001778       CoInitializeEx
 0002:0000177C       CoAddRefServerProcess
 0002:00001780       CoReleaseServerProcess
 0002:00001784       CoResumeClassObjects
 0002:00001788       CoSuspendClassObjects
 0002:0000178C       CoInitFlags
 0002:00001790       ThreadStrs
 0002:00002000       DispCallByIDProc
 0002:00002004       ExceptProc
 0002:00002008       ErrorProc
 0002:0000200C       ExceptClsProc
 0002:00002010       ExceptObjProc
 0002:00002014       RaiseExceptionProc
 0002:00002018       RTLUnwindProc
 0002:0000201C       ExceptionClass
 0002:00002020       SafeCallErrorProc
 0002:00002024       AssertErrorProc
 0002:00002028       ExitProcessProc
 0002:0000202C       AbstractErrorProc
 0002:00002030       MainInstance
 0002:00002034       MainThreadID
 0002:00002038       IsLibrary
 0002:0000203C       CmdShow
 0002:00002040       CmdLine
 0002:00002044       InitProc
 0002:00002048       ExitProc
 0002:0000204C       IsConsole
 0002:0000204D       IsMultiThread
 0002:0000204E       Test8086
 0002:00002050       Input
 0002:0000221C       Output
 0002:000023E8       ErrOutput
 0002:000025B4       AllocMemCount
 0002:000025B8       AllocMemSize
 0002:000025BC       .5
 0002:000025C0       DefaultUserCodePage
 0002:000025C4       initialized
 0002:000025C8       heapErrorCode
 0002:000025CC       heapLock
 0002:000025E4       blockDescBlockList
 0002:000025E8       blockDescFreeList
 0002:000025EC       spaceRoot
 0002:000025FC       decommittedRoot
 0002:0000260C       avail
 0002:00002618       rover
 0002:0000261C       remBytes
 0002:00002620       curAlloc
 0002:00002624       smallTab
 0002:00002628       committedRoot
 0002:00002638       InitContext
 0002:00002664       ModuleIsLib
 0002:00002665       ModuleIsCpp
 0002:00002668       HInstance
 0002:0000266C       .1
 0002:00002670       tlsBuffer
 0002:00002674       .1
 0002:00002678       .3
 0002:0000267C       .1
 0002:00002680       .1
 0002:00002684       CurrencyString
 0002:00002688       CurrencyFormat
 0002:00002689       NegCurrFormat
 0002:0000268A       ThousandSeparator
 0002:0000268B       DecimalSeparator
 0002:0000268C       CurrencyDecimals
 0002:0000268D       DateSeparator
 0002:00002690       ShortDateFormat
 0002:00002694       LongDateFormat
 0002:00002698       TimeSeparator
 0002:0000269C       TimeAMString
 0002:000026A0       TimePMString
 0002:000026A4       ShortTimeFormat
 0002:000026A8       LongTimeFormat
 0002:000026AC       ShortMonthNames
 0002:000026DC       LongMonthNames
 0002:0000270C       ShortDayNames
 0002:00002728       LongDayNames
 0002:00002744       SysLocale
 0002:00002752       ListSeparator
 0002:00002754       EraNames
 0002:00002770       EraYearOffsets
 0002:0000278C       TrueBoolStrs
 0002:00002790       FalseBoolStrs
 0002:00002794       .35
 0002:00002798       OutOfMemory
 0002:0000279C       InvalidPointer
 0002:000027A0       FLanguages
 0002:000027A4       VariantChangeTypeEx
 0002:000027A8       VarNeg
 0002:000027AC       VarNot
 0002:000027B0       VarAdd
 0002:000027B4       VarSub
 0002:000027B8       VarMul
 0002:000027BC       VarDiv
 0002:000027C0       VarIDiv
 0002:000027C4       VarMod
 0002:000027C8       VarAnd
 0002:000027CC       VarOr
 0002:000027D0       VarXor
 0002:000027D4       VarCmp
 0002:000027D8       VarI4FromStr
 0002:000027DC       VarR4FromStr
 0002:000027E0       VarR8FromStr
 0002:000027E4       VarDateFromStr
 0002:000027E8       VarCyFromStr
 0002:000027EC       VarBoolFromStr
 0002:000027F0       VarBstrFromCy
 0002:000027F4       VarBstrFromDate
 0002:000027F8       VarBstrFromBool
 0002:000027FC       .5
 0002:00002800       EmptyParam
 0002:00002810       VarDispProc
 0002:00002814       ClearAnyProc
 0002:00002818       ChangeAnyProc
 0002:0000281C       RefAnyProc
 0002:00002820       .81
 0002:00002824       LVarTypes
 0002:00002828       LVarTypeSync
 0002:00002840       .1
 0002:00002844       .6
 0002:00002848       .3
 0002:0000284C       GlobalNameSpace
 0002:00002850       IsUniqueGlobalComponentNameProc
 0002:00002854       SyncEvent
 0002:00002858       .45
 0002:0000285C       IntConstList
 0002:00002860       RegGroups
 0002:00002864       FindGlobalComponentProcs
 0002:00002868       GlobalFixupList
 0002:0000286C       ThreadLock
 0002:00002884       InstBlockList
 0002:00002888       InstFreeList
 0002:0000288C       .1
 0002:00002890       SystemPalette16
 0002:00002894       .12
 0002:00002898       ScreenLogPixels
 0002:0000289C       StockPen
 0002:000028A0       StockBrush
 0002:000028A4       StockFont
 0002:000028A8       StockIcon
 0002:000028AC       BitmapImageLock
 0002:000028C4       CounterLock
 0002:000028DC       FontManager
 0002:000028E0       PenManager
 0002:000028E4       BrushManager
 0002:000028E8       CanvasList
 0002:000028EC       PatternManager
 0002:000028F0       .2
 0002:000028F4       .21
 0002:000028F8       .1
 0002:000028FC       GetSystemMetrics
 0002:00002900       MonitorFromWindow
 0002:00002904       MonitorFromRect
 0002:00002908       MonitorFromPoint
 0002:0000290C       GetMonitorInfo
 0002:00002910       GetMonitorInfoA
 0002:00002914       GetMonitorInfoW
 0002:00002918       EnumDisplayMonitors
 0002:0000291C       .1
 0002:00002920       User32Dll
 0002:00002924       InitApis
 0002:0000292C       MMAvailable
 0002:00002930       .1
 0002:00002934       .2
 0002:00002938       HelpManager
 0002:0000293C       .3
 0002:00002940       .3
 0002:00002944       FlatSB_EnableScrollBar
 0002:00002948       FlatSB_ShowScrollBar
 0002:0000294C       FlatSB_GetScrollRange
 0002:00002950       FlatSB_GetScrollInfo
 0002:00002954       FlatSB_GetScrollPos
 0002:00002958       FlatSB_SetScrollPos
 0002:0000295C       FlatSB_SetScrollInfo
 0002:00002960       FlatSB_SetScrollRange
 0002:00002964       .1
 0002:00002968       _FlatSB_GetScrollProp
 0002:0000296C       _FlatSB_SetScrollProp
 0002:00002970       _InitializeFlatSB
 0002:00002974       _UninitializeFlatSB
 0002:00002978       .6
 0002:0000297C       OpenThemeData
 0002:00002980       CloseThemeData
 0002:00002984       DrawThemeBackground
 0002:00002988       DrawThemeText
 0002:0000298C       GetThemeBackgroundContentRect
 0002:00002990       GetThemeBackgroundExtent
 0002:00002994       GetThemePartSize
 0002:00002998       GetThemeTextExtent
 0002:0000299C       GetThemeTextMetrics
 0002:000029A0       GetThemeBackgroundRegion
 0002:000029A4       HitTestThemeBackground
 0002:000029A8       DrawThemeEdge
 0002:000029AC       DrawThemeIcon
 0002:000029B0       IsThemePartDefined
 0002:000029B4       IsThemeBackgroundPartiallyTransparent
 0002:000029B8       GetThemeColor
 0002:000029BC       GetThemeMetric
 0002:000029C0       GetThemeString
 0002:000029C4       GetThemeBool
 0002:000029C8       GetThemeInt
 0002:000029CC       GetThemeEnumValue
 0002:000029D0       GetThemePosition
 0002:000029D4       GetThemeFont
 0002:000029D8       GetThemeRect
 0002:000029DC       GetThemeMargins
 0002:000029E0       GetThemeIntList
 0002:000029E4       GetThemePropertyOrigin
 0002:000029E8       SetWindowTheme
 0002:000029EC       GetThemeFilename
 0002:000029F0       GetThemeSysColor
 0002:000029F4       GetThemeSysColorBrush
 0002:000029F8       GetThemeSysBool
 0002:000029FC       GetThemeSysSize
 0002:00002A00       GetThemeSysFont
 0002:00002A04       GetThemeSysString
 0002:00002A08       GetThemeSysInt
 0002:00002A0C       IsThemeActive
 0002:00002A10       IsAppThemed
 0002:00002A14       GetWindowTheme
 0002:00002A18       EnableThemeDialogTexture
 0002:00002A1C       IsThemeDialogTextureEnabled
 0002:00002A20       GetThemeAppProperties
 0002:00002A24       SetThemeAppProperties
 0002:00002A28       GetCurrentThemeName
 0002:00002A2C       GetThemeDocumentationProperty
 0002:00002A30       DrawThemeParentBackground
 0002:00002A34       EnableTheming
 0002:00002A38       .1
 0002:00002A3C       ThemeLibrary
 0002:00002A40       ReferenceCount
 0002:00002A44       Lock
 0002:00002A48       .1
 0002:00002A4C       .4
 0002:00002A50       .1
 0002:00002A54       .1
 0002:00002A58       .1
 0002:00002A5C       .1
 0002:00002A60       .1
 0002:00002A64       .1
 0002:00002A68       .1
 0002:00002A6C       .11
 0002:00002A70       HelpMsg
 0002:00002A74       FindMsg
 0002:00002A78       ButtonWidths
 0002:00002AA4       .12
 0002:00002AA8       .1
 0002:00002AAC       CF_PICTURE
 0002:00002AAE       CF_COMPONENT
 0002:00002AB0       .2
 0002:00002AB4       FClipboard
 0002:00002AB8       .1
 0002:00002ABC       .4
 0002:00002AC0       BitBtnGlyphs
 0002:00002AEC       .3
 0002:00002AF0       .8
 0002:00002AF4       .5
 0002:00002AF8       .1
 0002:00002AFC       .72
 0002:00002B00       UrlMonHandle
 0002:00002B04       UrlMonInitialized
 0002:00002B08       .8
 0002:00002B0C       .36
 0002:00002B10       ShellModule
 0002:00002B14       FRichEditModule
 0002:00002B18       ComCtlVersion
 0002:00002B1C       .2
 0002:00002B20       InternalServices
 0002:00002B24       .42
 0002:00002B28       .73
 0002:00002B2C       WinHelpTester
 0002:00002B30       ViewerName
 0002:00002B34       .1
 0002:00002B38       HelpViewer
 0002:00002B3C       HelpViewerIntf
 0002:00002B40       Mouse
 0002:00002B44       NewStyleControls
 0002:00002B48       .72
 0002:00002B4C       WindowAtom
 0002:00002B4E       ControlAtom
 0002:00002B50       WindowAtomString
 0002:00002B54       ControlAtomString
 0002:00002B58       RM_GetObjectInstance
 0002:00002B5C       DragControl
 0002:00002B60       DragObject
 0002:00002B64       DragInternalObject
 0002:00002B68       DragCapture
 0002:00002B6C       DragStartPos
 0002:00002B74       DragSaveCursor
 0002:00002B78       DragThreshold
 0002:00002B7C       ActiveDrag
 0002:00002B80       DragImageList
 0002:00002B84       DockSiteList
 0002:00002B88       QualifyingSites
 0002:00002B8C       DragSave
 0002:00002B90       CanvasList
 0002:00002B94       _WINNLSEnableIME
 0002:00002B98       _ImmGetContext
 0002:00002B9C       _ImmReleaseContext
 0002:00002BA0       _ImmGetConversionStatus
 0002:00002BA4       _ImmSetConversionStatus
 0002:00002BA8       _ImmSetOpenStatus
 0002:00002BAC       _ImmSetCompositionWindow
 0002:00002BB0       _ImmSetCompositionFont
 0002:00002BB4       _ImmGetCompositionString
 0002:00002BB8       _ImmIsIME
 0002:00002BBC       _ImmNotifyIME
 0002:00002BC0       .8
 0002:00002BC4       .3
 0002:00002BC8       CachedComCtrlVer
 0002:00002BCC       ImageListWriteExProc
 0002:00002BD0       PopupList
 0002:00002BD4       ShortCutItems
 0002:00002BD8       .9
 0002:00002BDC       CommandPool
 0002:00002BE0       Application
 0002:00002BE4       Screen
 0002:00002BE8       .41
 0002:00002BEC       RM_TaskbarCreated
 0002:00002BF0       HintThreadID
 0002:00002BF4       HintDoneEvent
 0002:00002BF8       HintHook
 0002:00002BFC       HintThread
 0002:00002C00       .1
 0002:00002C04       .3
 0002:00002C08       .1
 0002:00002C0C       .41
 0002:00002C10       OleUninitializing
 0002:00002C14       ComClassManagerVar
 0002:00002C18       SaveInitProc
 0002:00002C1C       NeedToUninitialize
 0002:00002C20       .1
 0002:00002C24       .02
 0002:00002C28       xParkingWindow
 0002:00002C2C       OlePro32DLL
 0002:00002C30       _OleCreatePropertyFrame
 0002:00002C34       _OleCreateFontIndirect
 0002:00002C38       _OleCreatePictureIndirect
 0002:00002C3C       _OleLoadPicture
 0002:00002C40       Form1
 0002:00002C44       .7


Line numbers for Unit1(Unit1.pas) segment .text

   216 0001:0006FD54   218 0001:0006FD5B   220 0001:0006FD6D   222 0001:0006FD7F
   223 0001:0006FD93   224 0001:0006FD9F   226 0001:0006FDAC   227 0001:0006FDC0
   228 0001:0006FDCC   230 0001:0006FDD9   232 0001:0006FDEB   233 0001:0006FDFF
   234 0001:0006FE0B   237 0001:0006FE18   238 0001:0006FE2C   239 0001:0006FE38
   241 0001:0006FE45   242 0001:0006FE57   244 0001:0006FE69   246 0001:0006FE7F
   247 0001:0006FE81   250 0001:0006FE86   252 0001:0006FE9C   253 0001:0006FE9E
   256 0001:0006FEA3   258 0001:0006FEB9   259 0001:0006FEBB   263 0001:0006FEBD
   265 0001:0006FED3   266 0001:0006FED5   269 0001:0006FED7   271 0001:0006FEED
   272 0001:0006FEEF   275 0001:0006FEF1   277 0001:0006FF07   278 0001:0006FF09
   282 0001:0006FF0B   284 0001:0006FF21   285 0001:0006FF23   292 0001:0006FF25
   294 0001:0006FF27   297 0001:0006FFEC   298 0001:0006FFF3   299 0001:0006FFF8
   300 0001:00070003   303 0001:0007000F   305 0001:00070016   306 0001:00070020
   307 0001:0007002A   308 0001:00070032   309 0001:00070041   311 0001:00070048
   316 0001:0007005A   317 0001:0007007B   318 0001:00070088   324 0001:00070098
   326 0001:0007009F   329 0001:000700AB   334 0001:000700C0   335 0001:000700CB
   337 0001:000700D4   338 0001:000700D6   341 0001:000700DB   345 0001:000700E6
   346 0001:000700F4   350 0001:00070102   352 0001:00070131   353 0001:00070143
   354 0001:00070161   355 0001:00070167   357 0001:00070186   359 0001:00070192
   360 0001:0007019D   363 0001:000701B5   366 0001:000701BC   370 0001:000701D1
   373 0001:00070222   378 0001:00070277   366 0001:00070278   383 0001:00070281
   384 0001:00070283   393 0001:0007028C   394 0001:000702B0   395 0001:000702BF
   397 0001:000702CD   398 0001:000702E0   399 0001:000702EA   402 0001:000702F1
   403 0001:00070302   404 0001:00070313   410 0001:00070342   412 0001:00070344
   414 0001:0007034C   419 0001:00070358   421 0001:00070360   423 0001:00070381
   427 0001:00070388   429 0001:0007038F   433 0001:00070390   435 0001:00070397
   438 0001:00070398   439 0001:000703B8   440 0001:000703E9   446 0001:000703F0
   448 0001:0007040A   450 0001:00070418   453 0001:0007043B   456 0001:00070447
   460 0001:00070471   469 0001:00070478   470 0001:00070499   471 0001:000704A7
   474 0001:000704C1   476 0001:000704D1   479 0001:000704DA   481 0001:000704E4
   487 0001:000704F4   489 0001:000704FE   492 0001:0007051A   495 0001:00070532
   489 0001:00070535   500 0001:0007053C   501 0001:00070542   502 0001:0007055E
   504 0001:00070567   505 0001:00070574   506 0001:00070580   507 0001:00070587
   512 0001:00070593   513 0001:0007059A   514 0001:000705A7   515 0001:000705AE
   516 0001:000705B0   523 0001:000705BD   525 0001:000705C3   526 0001:000705CD
   531 0001:00070615   537 0001:00070658   542 0001:0007065F   471 0001:00070662
   545 0001:00070678   546 0001:0007067A   549 0001:00070686   552 0001:000706AC
   555 0001:000706D4   556 0001:000706DD   558 0001:000706E8   559 0001:000706F2
   560 0001:000706F4   563 0001:000706F6   564 0001:00070701   566 0001:0007070D
   568 0001:00070718   569 0001:00070722   570 0001:00070724   573 0001:00070726
   575 0001:00070751   577 0001:00070753   583 0001:0007079C   585 0001:000707C9
   588 0001:000707D0   589 0001:000707EA   586 0001:000707EB   591 0001:00070801
   595 0001:00070804   596 0001:0007081E   593 0001:0007081F   599 0001:0007082B
   601 0001:00070837   602 0001:00070845   605 0001:0007085F   606 0001:00070861
   610 0001:00070870   614 0001:0007087F   615 0001:00070888   616 0001:000708B4
   617 0001:000708E3   618 0001:000708E5   622 0001:000708EA   624 0001:000708F9
   626 0001:00070908   628 0001:00070915   629 0001:00070921   630 0001:0007092D
   624 0001:0007092E   632 0001:00070932   633 0001:00070942   634 0001:00070944
   636 0001:00070946   639 0001:0007094D   641 0001:0007095C   642 0001:00070965
   643 0001:00070989   646 0001:0007098B   648 0001:000709BE   652 0001:00070A58
   654 0001:00070A78   656 0001:00070A87   657 0001:00070AAD   660 0001:00070ABF
   662 0001:00070ACE   663 0001:00070AF4   666 0001:00070B03   668 0001:00070B12
   669 0001:00070B38   672 0001:00070B62   675 0001:00070BA8   676 0001:00070BAF
   677 0001:00070BC3   678 0001:00070BCF   679 0001:00070BDF   680 0001:00070BEF
   687 0001:00070C34   688 0001:00070C49   689 0001:00070C4C   690 0001:00070C55
   691 0001:00070C61   692 0001:00070C7F   695 0001:00070C88   698 0001:00070C96
   702 0001:00070C98   703 0001:00070C9B   706 0001:00070C9C   707 0001:00070C9E
   708 0001:00070CAA   717 0001:00070CB0   718 0001:00070CB6   719 0001:00070CB9
   723 0001:00070CBC   724 0001:00070CC6   725 0001:00070CC9   733 0001:00070CCC
   735 0001:00070CCD   738 0001:00070CD4   740 0001:00070CD5   741 0001:00070CE6
   743 0001:00070CF1   745 0001:00070CF5   748 0001:00070CF8   749 0001:00070CFB
   750 0001:00070D03   753 0001:00070D08   754 0001:00070D0B   755 0001:00070D10
   760 0001:00070D14   762 0001:00070D31   764 0001:00070D40   765 0001:00070D43
   766 0001:00070D46   767 0001:00070D4C   770 0001:00070D53   771 0001:00070D5A
   774 0001:00070D5D   776 0001:00070D60   779 0001:00070D99   783 0001:00070DBB
   792 0001:00070DC4   793 0001:00070DC6   794 0001:00070DD2   798 0001:00070DD8
   799 0001:00070DDB   802 0001:00070DDC   803 0001:00070DF4   804 0001:00070DFD
   805 0001:00070E47   808 0001:00070E60   813 0001:00070E66   816 0001:00070EA0
   818 0001:00070EA9   819 0001:00070EB6   822 0001:00070EBA   829 0001:00070EC0
   830 0001:00070EC3   831 0001:00070ECC   833 0001:00070ED9   838 0001:00070EEC
   839 0001:00070F04   840 0001:00070F0D   842 0001:00070F5D   845 0001:00070F78
   846 0001:00070F90   847 0001:00070F9E   849 0001:00070FC7   850 0001:00070FE9
   855 0001:00070FF0   857 0001:00070FF8   859 0001:00071003   860 0001:0007100E
   861 0001:00071019   862 0001:00071024   863 0001:0007102F   864 0001:0007103A
   865 0001:00071045   868 0001:00071050   870 0001:00071061   871 0001:0007106E
   872 0001:00071073   868 0001:00071074   873 0001:00071077   875 0001:00071082
   878 0001:0007108D   885 0001:00071094   889 0001:00071098   890 0001:000710A1
   891 0001:000710A7   895 0001:000710A8   896 0001:000710B1   897 0001:000710B7
   902 0001:000710B8   903 0001:000710C1   904 0001:000710C7   908 0001:000710C8
   909 0001:000710D1   910 0001:000710D7   915 0001:000710D8   929 0001:000710DB
   930 0001:000710EB   931 0001:000710F8   936 0001:00071103   939 0001:00071108
   940 0001:00071120   941 0001:0007112D   942 0001:00071137   943 0001:0007113F
   945 0001:0007115B   946 0001:00071165   947 0001:0007117D   950 0001:000711AD
   954 0001:000711B4   955 0001:000711BA   959 0001:000711BC   960 0001:000711BF
   961 0001:000711C9   963 0001:00071210   963 0001:00071217

Line numbers for Project1(H:\Game\Project1.dpr) segment .text

     9 0001:00071450    10 0001:00071460    11 0001:0007146C    12 0001:00071484
    13 0001:00071490

Bound resource files

d:\program\delphi\Lib\Buttons.res
d:\program\delphi\Lib\ExtDlgs.res
d:\program\delphi\Lib\Controls.res
Unit1.dfm
Project1.res
Project1.drf


Program entry point at 0001:00071450
