
 Start         Length     Name                   Class
 0001:00000000 00075B4CH .text                   CODE
 0002:00000000 00001C34H .data                   DATA
 0002:00001C34 00000C5DH .bss                    BSS


Detailed map of segments

 0001:00000000 00004EA7 C=CODE     S=.text    G=(none)   M=System   ACBP=A9
 0001:00004EA8 00000140 C=CODE     S=.text    G=(none)   M=SysInit  ACBP=A9
 0001:00004FE8 00000078 C=CODE     S=.text    G=(none)   M=Types    ACBP=A9
 0001:00005060 00000CBC C=CODE     S=.text    G=(none)   M=Windows  ACBP=A9
 0001:00005D1C 00000038 C=CODE     S=.text    G=(none)   M=Messages ACBP=A9
 0001:00005D54 00000318 C=CODE     S=.text    G=(none)   M=SysConst ACBP=A9
 0001:0000606C 00006884 C=CODE     S=.text    G=(none)   M=SysUtils ACBP=A9
 0001:0000C8F0 000007FB C=CODE     S=.text    G=(none)   M=VarUtils ACBP=A9
 0001:0000D0EC 00005B12 C=CODE     S=.text    G=(none)   M=Variants ACBP=A9
 0001:00012C00 00000120 C=CODE     S=.text    G=(none)   M=RTLConsts ACBP=A9
 0001:00012D20 000007E8 C=CODE     S=.text    G=(none)   M=TypInfo  ACBP=A9
 0001:00013508 000000C8 C=CODE     S=.text    G=(none)   M=ActiveX  ACBP=A9
 0001:000135D0 000097BE C=CODE     S=.text    G=(none)   M=Classes  ACBP=A9
 0001:0001CD90 000002E8 C=CODE     S=.text    G=(none)   M=Consts   ACBP=A9
 0001:0001D078 000090CF C=CODE     S=.text    G=(none)   M=Graphics ACBP=A9
 0001:00026148 00000048 C=CODE     S=.text    G=(none)   M=Math     ACBP=A9
 0001:00026190 000002B8 C=CODE     S=.text    G=(none)   M=Contnrs  ACBP=A9
 0001:00026448 000000FC C=CODE     S=.text    G=(none)   M=CommCtrl ACBP=A9
 0001:00026544 00000787 C=CODE     S=.text    G=(none)   M=MultiMon ACBP=A9
 0001:00026CCC 00000038 C=CODE     S=.text    G=(none)   M=Imm      ACBP=A9
 0001:00026D04 00000FF8 C=CODE     S=.text    G=(none)   M=HelpIntfs ACBP=A9
 0001:00027CFC 00000038 C=CODE     S=.text    G=(none)   M=WinSpool ACBP=A9
 0001:00027D34 00000044 C=CODE     S=.text    G=(none)   M=Printers ACBP=A9
 0001:00027D78 0000031F C=CODE     S=.text    G=(none)   M=FlatSB   ACBP=A9
 0001:00028098 000001A4 C=CODE     S=.text    G=(none)   M=SyncObjs ACBP=A9
 0001:0002823C 000009BB C=CODE     S=.text    G=(none)   M=UxTheme  ACBP=A9
 0001:00028BF8 00000038 C=CODE     S=.text    G=(none)   M=RichEdit ACBP=A9
 0001:00028C30 00000038 C=CODE     S=.text    G=(none)   M=ToolWin  ACBP=A9
 0001:00028C68 00000038 C=CODE     S=.text    G=(none)   M=ShellAPI ACBP=A9
 0001:00028CA0 00000038 C=CODE     S=.text    G=(none)   M=RegStr   ACBP=A9
 0001:00028CD8 00000038 C=CODE     S=.text    G=(none)   M=WinInet  ACBP=A9
 0001:00028D10 00000038 C=CODE     S=.text    G=(none)   M=UrlMon   ACBP=A9
 0001:00028D48 00000038 C=CODE     S=.text    G=(none)   M=ShlObj   ACBP=A9
 0001:00028D80 00000038 C=CODE     S=.text    G=(none)   M=CommDlg  ACBP=A9
 0001:00028DB8 00000038 C=CODE     S=.text    G=(none)   M=Dlgs     ACBP=A9
 0001:00028DF0 0000130D C=CODE     S=.text    G=(none)   M=Dialogs  ACBP=A9
 0001:0002A100 000026FA C=CODE     S=.text    G=(none)   M=ExtCtrls ACBP=A9
 0001:0002C7FC 00000038 C=CODE     S=.text    G=(none)   M=ComStrs  ACBP=A9
 0001:0002C834 00000094 C=CODE     S=.text    G=(none)   M=Clipbrd  ACBP=A9
 0001:0002C8C8 00000038 C=CODE     S=.text    G=(none)   M=StrUtils ACBP=A9
 0001:0002C900 000023BD C=CODE     S=.text    G=(none)   M=Buttons  ACBP=A9
 0001:0002ECC0 00000038 C=CODE     S=.text    G=(none)   M=ExtDlgs  ACBP=A9
 0001:0002ECF8 00000068 C=CODE     S=.text    G=(none)   M=IniFiles ACBP=A9
 0001:0002ED60 00000068 C=CODE     S=.text    G=(none)   M=Registry ACBP=A9
 0001:0002EDC8 0000006C C=CODE     S=.text    G=(none)   M=Mapi     ACBP=A9
 0001:0002EE34 00000058 C=CODE     S=.text    G=(none)   M=ExtActns ACBP=A9
 0001:0002EE8C 00000038 C=CODE     S=.text    G=(none)   M=ListActns ACBP=A9
 0001:0002EEC4 00000180 C=CODE     S=.text    G=(none)   M=ComCtrls ACBP=A9
 0001:0002F044 00000B28 C=CODE     S=.text    G=(none)   M=Themes   ACBP=A9
 0001:0002FB6C 0000526C C=CODE     S=.text    G=(none)   M=StdCtrls ACBP=A9
 0001:00034DD8 00000168 C=CODE     S=.text    G=(none)   M=StdActns ACBP=A9
 0001:00034F40 00000D1F C=CODE     S=.text    G=(none)   M=WinHelpViewer ACBP=A9
 0001:00035C60 00010E73 C=CODE     S=.text    G=(none)   M=Controls ACBP=A9
 0001:00046AD4 00001292 C=CODE     S=.text    G=(none)   M=ActnList ACBP=A9
 0001:00047D68 00001B9C C=CODE     S=.text    G=(none)   M=ImgList  ACBP=A9
 0001:00049904 00006639 C=CODE     S=.text    G=(none)   M=Menus    ACBP=A9
 0001:0004FF40 0000C408 C=CODE     S=.text    G=(none)   M=Forms    ACBP=A9
 0001:0005C348 00000050 C=CODE     S=.text    G=(none)   M=JConsts  ACBP=A9
 0001:0005C398 000133EC C=CODE     S=.text    G=(none)   M=jpeg     ACBP=A9
 0001:0006F784 00000058 C=CODE     S=.text    G=(none)   M=ComConst ACBP=A9
 0001:0006F7DC 00000E65 C=CODE     S=.text    G=(none)   M=ComObj   ACBP=A9
 0001:00070644 00000038 C=CODE     S=.text    G=(none)   M=StdVCL   ACBP=A9
 0001:0007067C 0000079B C=CODE     S=.text    G=(none)   M=AxCtrls  ACBP=A9
 0001:00070E18 00000920 C=CODE     S=.text    G=(none)   M=SQLite3  ACBP=A9
 0001:00071738 00001BF0 C=CODE     S=.text    G=(none)   M=SQLiteTable3 ACBP=A9
 0001:00073328 000001F4 C=CODE     S=.text    G=(none)   M=resultWindow ACBP=A9
 0001:0007351C 00000204 C=CODE     S=.text    G=(none)   M=nameGetter ACBP=A9
 0001:00073720 000005D0 C=CODE     S=.text    G=(none)   M=dbMgr    ACBP=A9
 0001:00073CF0 00001BB4 C=CODE     S=.text    G=(none)   M=Unit1    ACBP=A9
 0001:000758A4 000002A5 C=CODE     S=.text    G=(none)   M=Project1 ACBP=A9
 0002:00000000 000000A0 C=DATA     S=.data    G=DGROUP   M=System   ACBP=A9
 0002:000000A0 00000020 C=DATA     S=.data    G=DGROUP   M=SysInit  ACBP=A9
 0002:000000C0 00000254 C=DATA     S=.data    G=DGROUP   M=SysUtils ACBP=A9
 0002:00000314 00000008 C=DATA     S=.data    G=DGROUP   M=VarUtils ACBP=A9
 0002:0000031C 0000008E C=DATA     S=.data    G=DGROUP   M=Variants ACBP=A9
 0002:000003AC 0000000C C=DATA     S=.data    G=DGROUP   M=TypInfo  ACBP=A9
 0002:000003B8 00000010 C=DATA     S=.data    G=DGROUP   M=ActiveX  ACBP=A9
 0002:000003C8 00000064 C=DATA     S=.data    G=DGROUP   M=Classes  ACBP=A9
 0002:0000042C 0000030C C=DATA     S=.data    G=DGROUP   M=Graphics ACBP=A9
 0002:00000738 00000004 C=DATA     S=.data    G=DGROUP   M=Printers ACBP=A9
 0002:0000073C 000000B4 C=DATA     S=.data    G=DGROUP   M=Dialogs  ACBP=A9
 0002:000007F0 00000178 C=DATA     S=.data    G=DGROUP   M=ExtCtrls ACBP=A9
 0002:00000968 00000088 C=DATA     S=.data    G=DGROUP   M=Buttons  ACBP=A9
 0002:000009F0 00000008 C=DATA     S=.data    G=DGROUP   M=IniFiles ACBP=A9
 0002:000009F8 00000008 C=DATA     S=.data    G=DGROUP   M=Registry ACBP=A9
 0002:00000A00 00000008 C=DATA     S=.data    G=DGROUP   M=Mapi     ACBP=A9
 0002:00000A08 00000018 C=DATA     S=.data    G=DGROUP   M=ComCtrls ACBP=A9
 0002:00000A20 00000068 C=DATA     S=.data    G=DGROUP   M=Themes   ACBP=A9
 0002:00000A88 000000A4 C=DATA     S=.data    G=DGROUP   M=StdCtrls ACBP=A9
 0002:00000B2C 0000013C C=DATA     S=.data    G=DGROUP   M=Controls ACBP=A9
 0002:00000C68 00000020 C=DATA     S=.data    G=DGROUP   M=ImgList  ACBP=A9
 0002:00000C88 000000EC C=DATA     S=.data    G=DGROUP   M=Menus    ACBP=A9
 0002:00000D74 0000011C C=DATA     S=.data    G=DGROUP   M=Forms    ACBP=A9
 0002:00000E90 00000908 C=DATA     S=.data    G=DGROUP   M=jpeg     ACBP=A9
 0002:00001798 00000030 C=DATA     S=.data    G=DGROUP   M=ComObj   ACBP=A9
 0002:00002000 00000664 C=BSS      S=.bss     G=DGROUP   M=System   ACBP=A9
 0002:00002664 00000010 C=BSS      S=.bss     G=DGROUP   M=SysInit  ACBP=A9
 0002:00002674 00000004 C=BSS      S=.bss     G=DGROUP   M=Types    ACBP=A9
 0002:00002678 00000004 C=BSS      S=.bss     G=DGROUP   M=Windows  ACBP=A9
 0002:0000267C 00000004 C=BSS      S=.bss     G=DGROUP   M=Messages ACBP=A9
 0002:00002680 00000004 C=BSS      S=.bss     G=DGROUP   M=SysConst ACBP=A9
 0002:00002684 00000120 C=BSS      S=.bss     G=DGROUP   M=SysUtils ACBP=A9
 0002:000027A4 0000005C C=BSS      S=.bss     G=DGROUP   M=VarUtils ACBP=A9
 0002:00002800 00000040 C=BSS      S=.bss     G=DGROUP   M=Variants ACBP=A9
 0002:00002840 00000004 C=BSS      S=.bss     G=DGROUP   M=RTLConsts ACBP=A9
 0002:00002844 00000004 C=BSS      S=.bss     G=DGROUP   M=TypInfo  ACBP=A9
 0002:00002848 00000004 C=BSS      S=.bss     G=DGROUP   M=ActiveX  ACBP=A9
 0002:0000284C 00000040 C=BSS      S=.bss     G=DGROUP   M=Classes  ACBP=A9
 0002:0000288C 00000004 C=BSS      S=.bss     G=DGROUP   M=Consts   ACBP=A9
 0002:00002890 00000060 C=BSS      S=.bss     G=DGROUP   M=Graphics ACBP=A9
 0002:000028F0 00000004 C=BSS      S=.bss     G=DGROUP   M=Math     ACBP=A9
 0002:000028F4 00000004 C=BSS      S=.bss     G=DGROUP   M=Contnrs  ACBP=A9
 0002:000028F8 00000004 C=BSS      S=.bss     G=DGROUP   M=CommCtrl ACBP=A9
 0002:000028FC 00000031 C=BSS      S=.bss     G=DGROUP   M=MultiMon ACBP=A9
 0002:00002930 00000004 C=BSS      S=.bss     G=DGROUP   M=Imm      ACBP=A9
 0002:00002934 00000008 C=BSS      S=.bss     G=DGROUP   M=HelpIntfs ACBP=A9
 0002:0000293C 00000004 C=BSS      S=.bss     G=DGROUP   M=WinSpool ACBP=A9
 0002:00002940 00000004 C=BSS      S=.bss     G=DGROUP   M=Printers ACBP=A9
 0002:00002944 00000034 C=BSS      S=.bss     G=DGROUP   M=FlatSB   ACBP=A9
 0002:00002978 00000004 C=BSS      S=.bss     G=DGROUP   M=SyncObjs ACBP=A9
 0002:0000297C 000000CC C=BSS      S=.bss     G=DGROUP   M=UxTheme  ACBP=A9
 0002:00002A48 00000004 C=BSS      S=.bss     G=DGROUP   M=RichEdit ACBP=A9
 0002:00002A4C 00000004 C=BSS      S=.bss     G=DGROUP   M=ToolWin  ACBP=A9
 0002:00002A50 00000004 C=BSS      S=.bss     G=DGROUP   M=ShellAPI ACBP=A9
 0002:00002A54 00000004 C=BSS      S=.bss     G=DGROUP   M=RegStr   ACBP=A9
 0002:00002A58 00000004 C=BSS      S=.bss     G=DGROUP   M=WinInet  ACBP=A9
 0002:00002A5C 00000004 C=BSS      S=.bss     G=DGROUP   M=UrlMon   ACBP=A9
 0002:00002A60 00000004 C=BSS      S=.bss     G=DGROUP   M=ShlObj   ACBP=A9
 0002:00002A64 00000004 C=BSS      S=.bss     G=DGROUP   M=CommDlg  ACBP=A9
 0002:00002A68 00000004 C=BSS      S=.bss     G=DGROUP   M=Dlgs     ACBP=A9
 0002:00002A6C 00000038 C=BSS      S=.bss     G=DGROUP   M=Dialogs  ACBP=A9
 0002:00002AA4 00000004 C=BSS      S=.bss     G=DGROUP   M=ExtCtrls ACBP=A9
 0002:00002AA8 00000004 C=BSS      S=.bss     G=DGROUP   M=ComStrs  ACBP=A9
 0002:00002AAC 0000000C C=BSS      S=.bss     G=DGROUP   M=Clipbrd  ACBP=A9
 0002:00002AB8 00000004 C=BSS      S=.bss     G=DGROUP   M=StrUtils ACBP=A9
 0002:00002ABC 00000030 C=BSS      S=.bss     G=DGROUP   M=Buttons  ACBP=A9
 0002:00002AEC 00000004 C=BSS      S=.bss     G=DGROUP   M=ExtDlgs  ACBP=A9
 0002:00002AF0 00000004 C=BSS      S=.bss     G=DGROUP   M=IniFiles ACBP=A9
 0002:00002AF4 00000004 C=BSS      S=.bss     G=DGROUP   M=Registry ACBP=A9
 0002:00002AF8 00000004 C=BSS      S=.bss     G=DGROUP   M=Mapi     ACBP=A9
 0002:00002AFC 00000009 C=BSS      S=.bss     G=DGROUP   M=ExtActns ACBP=A9
 0002:00002B08 00000004 C=BSS      S=.bss     G=DGROUP   M=ListActns ACBP=A9
 0002:00002B0C 00000010 C=BSS      S=.bss     G=DGROUP   M=ComCtrls ACBP=A9
 0002:00002B1C 00000008 C=BSS      S=.bss     G=DGROUP   M=Themes   ACBP=A9
 0002:00002B24 00000004 C=BSS      S=.bss     G=DGROUP   M=StdCtrls ACBP=A9
 0002:00002B28 00000004 C=BSS      S=.bss     G=DGROUP   M=StdActns ACBP=A9
 0002:00002B2C 00000014 C=BSS      S=.bss     G=DGROUP   M=WinHelpViewer ACBP=A9
 0002:00002B40 00000080 C=BSS      S=.bss     G=DGROUP   M=Controls ACBP=A9
 0002:00002BC0 00000004 C=BSS      S=.bss     G=DGROUP   M=ActnList ACBP=A9
 0002:00002BC4 0000000C C=BSS      S=.bss     G=DGROUP   M=ImgList  ACBP=A9
 0002:00002BD0 00000010 C=BSS      S=.bss     G=DGROUP   M=Menus    ACBP=A9
 0002:00002BE0 00000020 C=BSS      S=.bss     G=DGROUP   M=Forms    ACBP=A9
 0002:00002C00 00000004 C=BSS      S=.bss     G=DGROUP   M=JConsts  ACBP=A9
 0002:00002C04 00000004 C=BSS      S=.bss     G=DGROUP   M=jpeg     ACBP=A9
 0002:00002C08 00000004 C=BSS      S=.bss     G=DGROUP   M=ComConst ACBP=A9
 0002:00002C0C 00000011 C=BSS      S=.bss     G=DGROUP   M=ComObj   ACBP=A9
 0002:00002C20 00000004 C=BSS      S=.bss     G=DGROUP   M=StdVCL   ACBP=A9
 0002:00002C24 0000001C C=BSS      S=.bss     G=DGROUP   M=AxCtrls  ACBP=A9
 0002:00002C40 00000004 C=BSS      S=.bss     G=DGROUP   M=SQLite3  ACBP=A9
 0002:00002C44 00000004 C=BSS      S=.bss     G=DGROUP   M=SQLiteTable3 ACBP=A9
 0002:00002C48 00000004 C=BSS      S=.bss     G=DGROUP   M=resultWindow ACBP=A9
 0002:00002C4C 00000004 C=BSS      S=.bss     G=DGROUP   M=nameGetter ACBP=A9
 0002:00002C50 00000004 C=BSS      S=.bss     G=DGROUP   M=dbMgr    ACBP=A9
 0002:00002C54 00000008 C=BSS      S=.bss     G=DGROUP   M=Unit1    ACBP=A9


  Address         Publics by Name

 0001:00065D40       ..
 0002:00001138       ..
 0001:0006577C       ..
 0001:000646EC       ..
 0001:00067294       ..
 0001:00064014       ..
 0001:00062D14       ..
 0002:0000102C       ..
 0001:000620CC       ..
 0001:00061B24       ..
 0001:00061538       ..
 0002:00000FAC       ..
 0001:000609AC       ..
 0002:00000F2C       ..
 0001:0005FC84       ..
 0001:00069210       ..
 0001:00069320       ..
 0002:00001338       ..
 0001:0005F544       ..
 0001:0005F080       ..
 0001:0005EB1C       ..
 0001:0006A2CC       ..
 0002:00000F1C       ..
 0001:0006AAF4       ..
 0001:0005DEB8       ..
 0001:0006B624       ..
 0001:0006B780       ..
 0001:0006BCBC       ..
 0001:0006C4C0       ..
 0001:0006CB48       ..
 0001:0006D470       ..
 0002:000016D8       ..
 0001:0006D988       ..
 0001:00065A70       ..
 0001:0006E9F4       ..
 0002:00002C24       .02
 0002:00002A54       .1
 0002:0000267C       .1
 0002:00002A58       .1
 0002:0000288C       .1
 0002:00002C40       .1
 0002:00002A5C       .1
 0002:00002A60       .1
 0002:00002C20       .1
 0002:00002C08       .1
 0002:00002A48       .1
 0002:000028F8       .1
 0002:00002B34       .1
 0002:00002840       .1
 0002:00002AA8       .1
 0002:00002A64       .1
 0002:0000266C       .1
 0002:00002A50       .1
 0002:0000291C       .1
 0002:00002C00       .1
 0002:00002A38       .1
 0002:00002674       .1
 0002:00002930       .1
 0002:00002AF8       .1
 0002:00002680       .1
 0002:00002A68       .1
 0002:00002964       .1
 0002:00002AB8       .1
 0002:00002A6C       .11
 0002:00002AA4       .12
 0002:00002894       .12
 0002:00002B1C       .2
 0002:00002C48       .2
 0002:000028F0       .2
 0002:00002C4C       .2
 0002:00002C50       .2
 0002:00002AB0       .2
 0002:00002934       .2
 0002:000028F4       .21
 0002:00002848       .3
 0002:00002678       .3
 0002:00002AEC       .3
 0002:00002BC4       .3
 0002:0000293C       .3
 0002:00002940       .3
 0002:00002C04       .3
 0002:00002794       .35
 0002:00002B0C       .36
 0002:00002ABC       .4
 0002:00002A4C       .4
 0002:00002C0C       .41
 0002:00002BE8       .41
 0002:00002B24       .42
 0002:00002858       .45
 0002:000025BC       .5
 0002:000027FC       .5
 0002:00002AF4       .5
 0002:00002C44       .6
 0002:00002844       .6
 0002:00002978       .6
 0002:00002C58       .7
 0002:00002B48       .72
 0002:00002AFC       .72
 0002:00002B28       .73
 0002:00002AF0       .8
 0002:00002BC0       .8
 0002:00002B08       .8
 0002:00002820       .81
 0002:00002BD8       .9
 0001:00001994       @AbstractError
 0001:000024F0       @AfterConstruction
 0001:00002324       @AsClass
 0001:00001AFC       @AStrCmp
 0001:00002500       @BeforeDestruction
 0001:000020B4       @BoundErr
 0001:00002370       @CallDynaInst
 0001:00002498       @ClassCreate
 0001:000024E8       @ClassDestroy
 0001:00001A04       @Close
 0001:00001874       @Copy
 0001:00003BB4       @CopyArray
 0001:00003A98       @CopyRecord
 0001:00003D20       @DispCallByIDError
 0001:0000DC10       @DispInvokeError
 0001:00003CBC       @Dispose
 0001:0000297C       @DoneExcept
 0001:00004180       @DynArrayAsg
 0001:00004144       @DynArrayClear
 0001:00003F84       @DynArrayHigh
 0001:00003F7C       @DynArrayLength
 0001:00004138       @DynArraySetLength
 0001:00002A64       @ExceptionHandler
 0001:00001B6C       @FillChar
 0001:00003A74       @Finalize
 0001:00003988       @FinalizeArray
 0001:0000393C       @FinalizeRecord
 0001:00002388       @FindDynaInst
 0001:000020A8       @FpuInit
 0001:00001FE4       @FpuMaskInit
 0001:000016FC       @FreeMem
 0001:000016DC       @GetMem
 0001:00004F20       @GetTls
 0001:00002EAC       @Halt
 0001:00002DD4       @Halt0
 0001:00002614       @HandleAnyException
 0001:000028C8       @HandleFinally
 0001:00002740       @HandleOnException
 0001:00004F6C       @InitExe
 0001:00003930       @Initialize
 0001:0000389C       @InitializeArray
 0001:0000386C       @InitializeRecord
 0001:00002C98       @InitImports
 0001:00002C70       @InitResStringImports
 0001:00002C4C       @InitResStrings
 0001:00004864       @IntfAddRef
 0001:00004834       @IntfCast
 0001:000047F0       @IntfClear
 0001:00004808       @IntfCopy
 0001:00002300       @IsClass
 0001:00001FB4       @isNECWindows
 0001:00069160       @jcopy_block_row
 0001:00069114       @jcopy_sample_rows
 0001:000690EC       @jdiv_round_up
 0001:00062C80       @jinit_1pass_quantizer
 0001:00063EF4       @jinit_2pass_quantizer
 0001:0006C8FC       @jinit_color_converter
 0001:00061F00       @jinit_color_deconverter
 0001:0006A220       @jinit_compress_master
 0001:0006C3F8       @jinit_c_coef_controller
 0001:0006B6FC       @jinit_c_main_controller
 0001:0006B55C       @jinit_c_master_control
 0001:0006BC14       @jinit_c_prep_controller
 0001:0006D2E8       @jinit_downsampler
 0001:00065668       @jinit_d_coef_controller
 0001:0006460C       @jinit_d_main_controller
 0001:000659DC       @jinit_d_post_controller
 0001:0006D90C       @jinit_forward_dct
 0001:000614F8       @jinit_huff_decoder
 0001:0006F650       @jinit_huff_encoder
 0001:0005F038       @jinit_input_controller
 0001:00065CC4       @jinit_inverse_dct
 0001:00068F90       @jinit_marker_reader
 0001:0006AAA0       @jinit_marker_writer
 0001:0005FC4C       @jinit_master_decompress
 0001:0005E9E4       @jinit_memory_mgr
 0001:00061AA4       @jinit_merged_upsampler
 0001:00060938       @jinit_phuff_decoder
 0001:0006E418       @jinit_phuff_encoder
 0001:00066224       @jinit_upsampler
 0001:00069180       @jpeg_abort
 0001:000691F8       @jpeg_alloc_huff_table
 0001:000691E0       @jpeg_alloc_quant_table
 0001:0006E6C8       @jpeg_fdct_float
 0001:0006E45C       @jpeg_fdct_ifast
 0001:00060DE0       @jpeg_fill_bit_buffer
 0001:0005EAF0       @jpeg_free_large
 0001:0005EAE0       @jpeg_free_small
 0001:0006F394       @jpeg_gen_optimal_table
 0001:0005EAE8       @jpeg_get_large
 0001:0005EAD8       @jpeg_get_small
 0001:00060F2C       @jpeg_huff_decode
 0001:00067258       @jpeg_idct_1x1
 0001:00067068       @jpeg_idct_2x2
 0001:00066CB4       @jpeg_idct_4x4
 0001:0006643C       @jpeg_idct_float
 0001:00066880       @jpeg_idct_ifast
 0001:0006EB84       @jpeg_make_c_derived_tbl
 0001:00060AE4       @jpeg_make_d_derived_tbl
 0001:0005EAF8       @jpeg_mem_available
 0001:0005EB14       @jpeg_mem_init
 0001:0005EB18       @jpeg_mem_term
 0001:0005EB04       @jpeg_open_backing_store
 0001:00068E5C       @jpeg_resync_to_restart
 0001:00069FE4       @jpeg_suppress_tables
 0001:000690FC       @jround_up
 0001:00069170       @jzero_far
 0001:00003374       @LStrAddRef
 0001:00002EE8       @LStrArrayClr
 0001:00002F18       @LStrAsg
 0001:0000318C       @LStrCat
 0001:000031D0       @LStrCat3
 0001:00003244       @LStrCatN
 0001:00002EC4       @LStrClr
 0001:000032D0       @LStrCmp
 0001:000033E4       @LStrCopy
 0001:00003424       @LStrDelete
 0001:00003134       @LStrFromArray
 0001:000030AC       @LStrFromChar
 0001:000030BC       @LStrFromPChar
 0001:00002FB4       @LStrFromPCharLen
 0001:000030EC       @LStrFromPWChar
 0001:00003020       @LStrFromPWCharLen
 0001:00003128       @LStrFromString
 0001:0000314C       @LStrFromWStr
 0001:0000346C       @LStrInsert
 0001:00002F5C       @LStrLAsg
 0001:00003184       @LStrLen
 0001:00003574       @LStrOfChar
 0001:000034C8       @LStrPos
 0001:00003510       @LStrSetLength
 0001:00003384       @LStrToPChar
 0001:00003160       @LStrToString
 0001:00003CA8       @New
 0001:00002F88       @NewAnsiString
 0001:000035A8       @NewWideString
 0001:00001CC8       @Pow10
 0001:00001A78       @PStrCmp
 0001:00001A5C       @PStrNCpy
 0001:00002928       @RaiseAgain
 0001:00002900       @RaiseExcept
 0001:00001B8C       @RandInt
 0001:0000171C       @ReallocMem
 0001:00001964       @ROUND
 0001:00002EB8       @RunError
 0001:00001CAC       @SetEq
 0001:00002C0C       @StartExe
 0001:000002AC       @strlen
 0001:00001970       @TRUNC
 0001:000029AC       @TryFinallyExit
 0001:000033DC       @UniqueStringA
 0001:00003D4C       @ValInt64
 0001:00001BA8       @ValLong
 0001:00012354       @VarAddRef
 0001:0000E4F0       @VarCast
 0001:0000DEFC       @VarClear
 0001:0000DF10       @VarClr
 0001:00003970       @VarClr
 0001:0000E224       @VarCopy
 0001:00003A80       @VarCopy
 0001:00012234       @VarFromBool
 0001:000120C0       @VarFromByte
 0001:00012284       @VarFromCurr
 0001:000121DC       @VarFromCurrency
 0001:00012208       @VarFromDate
 0001:00012328       @VarFromDisp
 0001:000121B0       @VarFromDouble
 0001:00012064       @VarFromInt
 0001:00012160       @VarFromInt64
 0001:000120A0       @VarFromInteger
 0001:000122FC       @VarFromIntf
 0001:00012100       @VarFromLongWord
 0001:00012298       @VarFromLStr
 0001:0001225C       @VarFromReal
 0001:00012120       @VarFromShortInt
 0001:0001218C       @VarFromSingle
 0001:00012140       @VarFromSmallInt
 0001:00012270       @VarFromTDateTime
 0001:000120E0       @VarFromWord
 0001:000122C4       @VarFromWStr
 0001:0000DC64       @VarNull
 0001:0000F974       @VarToBoolean
 0001:0000EDB4       @VarToByte
 0001:00010B38       @VarToCurrency
 0001:000105D0       @VarToDate
 0001:00011FB8       @VarToDisp
 0001:0000FE7C       @VarToDouble
 0001:0000F378       @VarToInt64
 0001:0000E8B4       @VarToInteger
 0001:00011EEC       @VarToIntf
 0001:0000F02C       @VarToLongWord
 0001:000111EC       @VarToLStr
 0001:0000ED04       @VarToShortInt
 0001:000101F8       @VarToSingle
 0001:0000EE5C       @VarToSmallInt
 0001:0000EF54       @VarToWord
 0001:00011914       @VarToWStr
 0001:000035E8       @WStrArrayClr
 0001:0000360C       @WStrAsg
 0001:000035D0       @WStrClr
 0001:00003758       @WStrCmp
 0001:000037DC       @WStrCopy
 0001:0000372C       @WStrFromLStr
 0001:00003630       @WStrFromPCharLen
 0001:000036F0       @WStrFromPWChar
 0001:000036BC       @WStrFromPWCharLen
 0001:000036E0       @WStrFromWChar
 0001:0000374C       @WStrLen
 0001:00003828       @WStrSetLength
 0001:0000373C       @WStrToPWChar
 0001:00001C88       @_CLenToPasStr
 0001:00001C7C       @_CToPasStr
 0001:00001844       @_IOTest
 0001:00003D28       @_llmul
 0001:00038A98       AbsMin
 0001:0000AB8C       AbstractErrorHandler
 0002:0000202C       AbstractErrorProc
 0002:00000144       AccessMode
 0001:000017AC       AcquireExceptionObject
 0001:0001592C       ActivateClassGroup
 0001:00005574       ActivateKeyboardLayout
 0002:00002B7C       ActiveDrag
 0001:000135C8       ActiveX
 0001:00047D3C       ActnList
 0001:000003E8       AddBlockAfter
 0002:000003C8       AddDataModule
 0001:00006CE8       AddExitProc
 0001:00018A0C       AddFinished
 0001:0004B538       AddIn
 0001:00004684       AddModuleUnloadProc
 0001:00004694       AddModuleUnloadProc
 0001:00018A44       AddNotFinished
 0001:00019468       AddSubComponentsToLoaded
 0001:00020A24       AdjustColor
 0001:00006FC0       AdjustLineBreaks
 0001:00052548       Adjustment
 0001:0000557C       AdjustWindowRectEx
 0002:00000D5C       Alignments
 0002:00000B08       Alignments
 0002:00000AD0       Alignments
 0002:00000A90       Alignments
 0002:00000D4C       Alignments
 0001:0003E104       AlignWork
 0001:00059440       AlignWork
 0001:0001CB70       AllocateHWnd
 0001:00006C9C       AllocMem
 0002:000025B4       AllocMemCount
 0002:000025B8       AllocMemSize
 0001:00025F40       AllocPatternBitmap
 0001:00004EC8       AllocTlsBuffer
 0002:00000B38       AnchorAlign
 0002:00000B2C       AnimateWindowProc
 0002:00000C34       AnimationStyle
 0001:00006EC8       AnsiCompareStr
 0001:00006F00       AnsiCompareText
 0001:00007678       AnsiLastChar
 0001:00005584       AnsiLower
 0001:00006E94       AnsiLowerCase
 0001:0000B4CC       AnsiLowerCaseFileName
 0001:0000B494       AnsiPos
 0001:0004FD4C       AnsiSameCaption
 0001:00006F38       AnsiSameText
 0001:00006F50       AnsiStrLIComp
 0001:0000B558       AnsiStrPos
 0001:0000B5F8       AnsiStrRScan
 0001:0000B620       AnsiStrScan
 0001:00004C64       AnsiToUtf8
 0001:00006E60       AnsiUpperCase
 0001:00011E74       AnyToIntf
 0001:00008B04       AppendChars
 0001:00008EC8       AppendFormat
 0001:00008B68       AppendNumber
 0001:00008B48       AppendString
 0002:00002BE0       Application
 0002:000003D8       ApplicationHandleException
 0002:000003E0       ApplicationShowException
 0002:00000E88       AppVisible
 0001:0000AB70       AssertErrorHandler
 0002:00002024       AssertErrorProc
 0001:00012FD0       AssignLongStr
 0001:00013374       AssignVariant
 0002:0000260C       avail
 0001:00070DF4       AxCtrls
 0001:000077B4       BackfillGetDiskFreeSpaceEx
 0001:0003B62C       BackgroundClipped
 0001:0000CB80       BackupVarBoolFromStr
 0001:0000CCE0       BackupVarBStrFromBool
 0001:0000CC00       BackupVarBStrFromCy
 0001:0000CC70       BackupVarBStrFromDate
 0001:0000CB14       BackupVarCyFromStr
 0001:0000CAA8       BackupVarDateFromStr
 0001:0000C964       BackupVarI4FromStr
 0001:0000C910       BackupVariantChangeTypeEx
 0001:0000C9D0       BackupVarR4FromStr
 0001:0000CA3C       BackupVarR8FromStr
 0001:0000B164       Beep
 0001:00015C84       BeginGlobalLoading
 0001:0000558C       BeginPaint
 0001:00020A30       BetterSize
 0001:0004C3AC       BiDiDraw
 0001:00005354       BitBlt
 0002:00000994       BitBtnCaptions
 0002:00002AC0       BitBtnGlyphs
 0002:000009C0       BitBtnModalResults
 0002:00000968       BitBtnResNames
 0002:000006EC       BitCounts
 0002:000006E4       BitmapCanvasList
 0002:000028AC       BitmapImageLock
 0001:0000C94C       BiUnimplemented
 0002:00000400       BlockCode
 0002:000025E4       blockDescBlockList
 0002:000025E8       blockDescFreeList
 0002:000003AC       BooleanIdents
 0002:00000328       BooleanToStringRule
 0001:00007510       BoolToStr
 0001:00010F74       BoolToWStrViaOS
 0002:00000B20       Borders
 0002:00000A88       BorderStyles
 0001:00014C44       Bounds
 0001:0000500C       Bounds
 0002:00000CF4       Breaks
 0002:000028E4       BrushManager
 0001:0005D070       BuildColorMap
 0001:0004EB60       BuildImage
 0001:0005CFC8       BuildPalette
 0002:00000798       ButtonCaptions
 0002:0000076C       ButtonNames
 0001:0002EC98       Buttons
 0002:00000D70       Buttons
 0002:00000B00       ButtonStyles
 0002:00002A78       ButtonWidths
 0001:00020210       BytesPerScanline
 0001:00020568       ByteSwapColors
 0001:0000B248       ByteToCharIndex
 0001:0000B220       ByteToCharLen
 0001:0000B1E4       ByteType
 0001:0000B16C       ByteTypeTest
 0002:00002BC8       CachedComCtrlVer
 0001:0001CAAC       CalcJmpOffset
 0001:00045DC4       CalcSplitterPos
 0001:00005594       CallNextHookEx
 0001:0000BE20       CallTerminateProcs
 0001:0000559C       CallWindowProc
 0001:00039AD0       CancelDrag
 0002:000028E8       CanvasList
 0002:00002B90       CanvasList
 0002:00000744       Captions
 0002:00000BF0       CaptureControl
 0002:00000C94       cBooleanToItemAutoFlag
 0002:00002AAE       CF_COMPONENT
 0002:00002AAC       CF_PICTURE
 0002:00002818       ChangeAnyProc
 0001:00038050       ChangeBiDiModeAlignment
 0002:00000AB0       CharCases
 0001:00002FE4       CharFromWChar
 0001:0000B41C       CharLength
 0001:000055A4       CharLowerBuff
 0001:000055AC       CharNext
 0001:0000022C       CharNext
 0001:0001EB40       CharsetToIdent
 0001:0000B330       CharToByteIndex
 0001:0000B394       CharToByteLen
 0001:000055B4       CharToOemA
 0001:000055BC       CharUpperBuff
 0001:00020FF8       CheckBool
 0001:00002590       CheckJmp
 0001:000055C4       CheckMenuItem
 0002:00000CE4       Checks
 0001:000194A4       CheckSubComponents
 0001:0001B870       CheckSynchronize
 0001:00051F84       CheckTaskWindow
 0001:00039784       CheckUndock
 0001:0000B058       CheckWin32Version
 0002:0000032C       CInvalidCustomVariantType
 0002:00000C98       cItemAutoFlagToBoolean
 0002:00000C90       cItemAutoFlagToMenu
 0001:0001CCFC       Classes
 0001:000156F0       ClassNotFound
 0002:00002814       ClearAnyProc
 0001:0001E3D0       ClearColor
 0001:00070324       ClearExcepInfo
 0001:00012690       ClearVariantTypeList
 0001:000055CC       ClientToScreen
 0001:00043368       ClientToWindow
 0002:000006DC       ClipboardFormats
 0001:0002C870       Clipbrd
 0001:000055D4       CloseClipboard
 0001:00005144       CloseHandle
 0002:00002980       CloseThemeData
 0002:00002040       CmdLine
 0002:0000203C       CmdShow
 0002:00000C8C       cMenuAutoFlagToItem
 0001:0000C958       CmpUnimplemented
 0002:000017A0       CoAddRefServerProcess
 0002:00001798       CoCreateInstanceEx
 0002:000017B0       CoInitFlags
 0001:0001356C       CoInitialize
 0002:0000179C       CoInitializeEx
 0002:0000045C       Colors
 0001:0001E938       ColorToIdent
 0002:000007F0       ColorToPretyName
 0001:0001E928       ColorToRGB
 0002:00002C14       ComClassManagerVar
 0001:0006F7D4       ComConst
 0002:00002B18       ComCtlVersion
 0001:0002F03C       ComCtrls
 0002:00002BDC       CommandPool
 0001:0002653C       CommCtrl
 0001:00028DB0       CommDlg
 0001:000006C8       Commit
 0002:00002628       committedRoot
 0001:000705EC       ComObj
 0001:0004AB1C       CompareFront
 0001:00006DC8       CompareMem
 0001:00006D98       CompareStr
 0001:0000514C       CompareString
 0001:00006DE8       CompareText
 0001:00007438       CompareWith
 0001:00019584       ComponentCreated
 0001:00020DC8       ComputeAldusChecksum
 0001:0002C82C       ComStrs
 0001:0001D070       Consts
 0001:00026440       Contnrs
 0002:00002B4E       ControlAtom
 0002:00002B54       ControlAtomString
 0001:00056D10       ControlHasHelp
 0001:00046A44       Controls
 0001:0000A584       ConvertAddr
 0001:00008C58       ConvertEraString
 0001:00006C78       ConvertErrorFmt
 0001:00008DC0       ConvertYearString
 0001:00003F8C       CopyArray
 0001:0002327C       CopyBitmap
 0001:00023944       CopyBitmapAsMask
 0001:0000535C       CopyEnhMetaFile
 0001:0002EA48       CopyImage
 0001:000238E0       CopyPalette
 0002:00000A24       Copyright
 0001:0004DC0C       CopyToBest
 0002:000017A4       CoReleaseServerProcess
 0002:000017A8       CoResumeClassObjects
 0002:000017AC       CoSuspendClassObjects
 0001:00013574       CoUninitialize
 0001:0000B2A0       CountChars
 0002:000028C4       CounterLock
 0002:00000330       CRangeToType
 0001:0000AAB4       CreateAssertException
 0001:0000AC3C       CreateAVObject
 0001:00005364       CreateBitmap
 0001:0000536C       CreateBrushIndirect
 0001:00005374       CreateCompatibleBitmap
 0001:0000537C       CreateCompatibleDC
 0001:00019604       CreateComponent
 0001:0000538C       CreateDIBitmap
 0001:00005384       CreateDIBSection
 0001:00005154       CreateEvent
 0001:0000515C       CreateFile
 0001:00005394       CreateFontIndirect
 0001:0000539C       CreateHalftonePalette
 0001:000055DC       CreateIcon
 0001:0000A9E0       CreateInOutError
 0001:000055E4       CreateMenu
 0001:00029870       CreateMessageDialog
 0001:000053A4       CreatePalette
 0001:000053AC       CreatePenIndirect
 0001:000055EC       CreatePopupMenu
 0001:000053B4       CreateSolidBrush
 0001:000205C0       CreateSystemPalette
 0001:00005164       CreateThread
 0001:00005B94       CreateWindow
 0001:00005B3C       CreateWindowEx
 0002:00000B30       CreationControl
 0002:0000073C       CreationControl
 0002:00000398       CRelationshipToBoolean
 0002:00000314       CResult
 0002:0000013C       cSimpleBoolStrs
 0002:00000344       CText
 0002:00000C2C       Ctl3DStyles
 0002:00002620       curAlloc
 0002:0000268C       CurrencyDecimals
 0002:00002688       CurrencyFormat
 0002:00002684       CurrencyString
 0001:00008AF0       CurrentYear
 0001:0000864C       CurrToStr
 0001:00010F04       CurrToWStrViaOS
 0002:00000E0C       CursorMap
 0002:00000B40       Cursors
 0001:00038370       CursorToIdent
 0002:00000DFC       cUseAlpha
 0002:00000E04       cUseColorKey
 0001:0000718C       CvtInt
 0001:000071F8       CvtInt64
 0002:0000017C       CWNear
 0002:0000268D       DateSeparator
 0001:000096D8       DateTimeToStr
 0001:0000967C       DateTimeToString
 0001:00008748       DateTimeToTimeStamp
 0001:00010F3C       DateToWStrViaOS
 0001:00008AC8       DayOfWeek
 0001:00073CE8       dbMgr
 0002:00000178       DCon10
 0002:00000458       DDBsOnly
 0001:0001CC24       DeallocateHWnd
 0002:0000002C       DebugHook
 0002:0000268B       DecimalSeparator
 0001:00008AA8       DecodeDate
 0001:0000895C       DecodeDateFully
 0001:000087FC       DecodeTime
 0001:0000075C       Decommit
 0001:00000D78       DecommitFree
 0002:000025FC       decommittedRoot
 0001:00054998       Default
 0001:0005A068       Default
 0002:00000024       Default8087CW
 0002:00000B34       DefaultDockTreeClass
 0002:000025C0       DefaultUserCodePage
 0002:000006AC       DefBrushData
 0002:0000042C       DefFontData
 0001:000055F4       DefFrameProc
 0002:00000208       DefLongDayNames
 0002:000001BC       DefLongMonthNames
 0001:000055FC       DefMDIChildProc
 0002:0000068C       DefPenData
 0002:000001EC       DefShortDayNames
 0002:0000018C       DefShortMonthNames
 0001:00005604       DefWindowProc
 0001:000041D8       DelayLoadResourceModule
 0001:00000418       DeleteBlock
 0001:00000388       DeleteCriticalSection
 0001:0000516C       DeleteCriticalSection
 0001:000053BC       DeleteDC
 0001:000053C4       DeleteEnhMetaFile
 0001:00000BC0       DeleteFree
 0001:0000560C       DeleteMenu
 0001:000053CC       DeleteObject
 0001:00022E38       DeselectBitmap
 0001:00005614       DestroyCursor
 0001:0000561C       DestroyIcon
 0001:0002EB58       DestroyLocals
 0001:00005624       DestroyMenu
 0001:0000562C       DestroyWindow
 0001:00035914       DialogEnumerationTester
 0001:0002A0C0       Dialogs
 0002:000006E8       DIBPalSizes
 0002:00000090       dig
 0001:00051DD8       DisableTaskWindows
 0001:0006FD38       DispatchInvoke
 0001:00070318       DispatchInvokeError
 0001:00005634       DispatchMessage
 0001:00057FF0       DispatchShortCut
 0001:00070334       DispCall
 0001:00070418       DispCallByID
 0002:00002000       DispCallByIDProc
 0001:00070244       DispCallError
 0001:00071850       DisposePointer
 0001:00006C5C       DivMod
 0001:00028DE8       Dlgs
 0001:000592F4       DoAlign
 0001:0003DF94       DoAlign
 0001:00042048       DoCalcConstraints
 0002:00002B84       DockSiteList
 0001:0004E82C       DoClick
 0001:0003F6D8       DoControlMsg
 0001:00051D88       DoDisableWindow
 0001:000390B0       DoDragOver
 0001:00006CBC       DoExitProc
 0001:00044098       DoFindControlZone
 0001:00051EC4       DoFindWindow
 0001:00044624       DoFindZone
 0001:0004411C       DoForEach
 0001:00045A28       DoGetNextLimit
 0001:00051D50       DoneApplication
 0001:00046788       DoneControls
 0001:0000AF68       DoneExceptions
 0001:0005636C       DoNestedActivation
 0001:0001B830       DoneThreadSynchronization
 0001:00059144       DoPosition
 0001:0003DB54       DoPosition
 0001:00045050       DoPrune
 0001:00045528       DoSaveZone
 0001:0004572C       DoSetNewBounds
 0002:000003B4       DotSep
 0001:0004917C       DoWrite
 0001:00021F54       DoWrite
 0001:00016AD8       DoWrite
 0001:00021250       DoWrite
 0001:0003ECC0       DoWriteDesignSize
 0001:0003C72C       DoWriteIsControl
 0002:00002B68       DragCapture
 0002:00002B5C       DragControl
 0001:000397F8       DragDone
 0001:00039060       DragFindTarget
 0001:00039034       DragFindWindow
 0002:00002B80       DragImageList
 0001:00039450       DragInit
 0001:000395C0       DragInitControl
 0002:00002B64       DragInternalObject
 0001:00038F7C       DragMessage
 0002:00002B60       DragObject
 0002:00002B8C       DragSave
 0002:00002B74       DragSaveCursor
 0002:00002B6C       DragStartPos
 0002:00002B78       DragThreshold
 0001:00039180       DragTo
 0001:0005A0A4       DrawAppIcon
 0001:00044BBC       DrawCloseButton
 0001:0000563C       DrawEdge
 0001:00005644       DrawFocusRect
 0001:0000564C       DrawFrameControl
 0001:00044C14       DrawGrabberLine
 0001:00005654       DrawIcon
 0001:0000565C       DrawIconEx
 0002:00000C68       DrawingStyles
 0001:00005664       DrawMenuBar
 0001:0004FB6C       DrawMenuItem
 0001:0000566C       DrawText
 0002:00002984       DrawThemeBackground
 0002:000029A8       DrawThemeEdge
 0002:000029AC       DrawThemeIcon
 0002:00002A30       DrawThemeParentBackground
 0002:00002988       DrawThemeText
 0001:00020090       DupBits
 0001:00003FA4       DynArrayClear
 0001:00003FAC       DynArraySetLength
 0002:00000D54       EdgeStyle
 0002:00000C1C       EdgeStyles
 0001:0000A9B4       EHeapException.FreeInstance
 0001:0005C658       EmitMessage
 0002:00000ACC       Empty
 0001:00005674       EmptyClipboard
 0002:00002800       EmptyParam
 0002:000000C0       EmptyStr
 0002:000000C4       EmptyWideStr
 0001:0000567C       EnableMenuItem
 0002:00000CEC       Enables
 0001:00005684       EnableScrollBar
 0001:00051E8C       EnableTaskWindows
 0002:00002A18       EnableThemeDialogTexture
 0002:00002A34       EnableTheming
 0001:0000568C       EnableWindow
 0001:00015D0C       EndGlobalLoading
 0001:00005694       EndPaint
 0001:00000378       EnterCriticalSection
 0001:00005174       EnterCriticalSection
 0001:0000517C       EnumCalendarInfoA
 0002:00002918       EnumDisplayMonitors
 0001:0000A1F8       EnumEraNames
 0001:0000A234       EnumEraYearOffsets
 0001:00054F5C       EnumMonitorsProc
 0001:0000569C       EnumThreadWindows
 0001:00018DB4       EnumValue
 0001:000056A4       EnumWindows
 0001:0006FA68       EOleException.Create
 0001:0006F998       EOleSysError.Create
 0001:000056AC       EqualRect
 0002:00002754       EraNames
 0001:00009950       EraToYear
 0002:00002770       EraYearOffsets
 0002:00000068       errCaption
 0001:00001838       Error
 0001:0004A86C       Error
 0001:00015294       Error
 0001:00018598       Error
 0002:00000004       ErrorAddr
 0001:000017EC       ErrorAt
 0001:0000AA60       ErrorHandler
 0002:00000224       ErrorMap
 0002:00002008       ErrorProc
 0002:000023E8       ErrOutput
 0001:0000178C       ExceptAddr
 0002:0000200C       ExceptClsProc
 0001:0000AED4       ExceptHandler
 0001:0000A7E0       Exception.Create
 0001:0000A81C       Exception.CreateFmt
 0001:0000A96C       Exception.CreateHelp
 0001:0000A89C       Exception.CreateRes
 0001:0000A8D8       Exception.CreateResFmt
 0002:0000201C       ExceptionClass
 0001:0000A590       ExceptionErrorMessage
 0002:0000025C       ExceptMap
 0001:0000176C       ExceptObject
 0002:00002010       ExceptObjProc
 0002:00002004       ExceptProc
 0001:000053D4       ExcludeClipRect
 0002:00000000       ExitCode
 0001:00002D18       ExitDll
 0002:00002048       ExitProc
 0001:00000234       ExitProcess
 0002:00002028       ExitProcessProc
 0002:00000138       ExitProcList
 0001:00007778       ExpandFileName
 0001:0002EE84       ExtActns
 0001:0002C7CC       ExtCtrls
 0001:0002ECF0       ExtDlgs
 0001:00007730       ExtractFileExt
 0001:000076F8       ExtractFileName
 0002:00002790       FalseBoolStrs
 0002:00002AB4       FClipboard
 0002:0000016C       FCon1E18
 0001:00007670       FileClose
 0001:000075D8       FileCreate
 0001:000075B4       FileCreate
 0002:000006E0       FileFormats
 0002:0000000C       FileMode
 0001:0000755C       FileOpen
 0001:000075E0       FileRead
 0002:000003F0       FilerSignature
 0001:00007638       FileSeek
 0001:0000760C       FileWrite
 0001:00000CA8       FillAfterGap
 0001:00000C54       FillBeforeGap
 0001:00000D40       FillerSizeAfterGap
 0001:00000CD0       FillerSizeBeforeGap
 0001:000056B4       FillRect
 0001:00012ADC       Finalization
 0001:00004D80       Finalization
 0001:0002C8C8       Finalization
 0001:0002C834       Finalization
 0001:00026C8C       Finalization
 0001:00073CB8       Finalization
 0001:00026CCC       Finalization
 0001:0002C7FC       Finalization
 0001:0002C784       Finalization
 0001:00027CB4       Finalization
 0001:0002A064       Finalization
 0001:00004FB0       Finalization
 0001:00028DB8       Finalization
 0001:00028D80       Finalization
 0001:00028D48       Finalization
 0001:0005C2A8       Finalization
 0001:00005028       Finalization
 0001:00027CFC       Finalization
 0001:00028D10       Finalization
 0001:00005CE4       Finalization
 0001:00012CE8       Finalization
 0001:00028CD8       Finalization
 0001:0004FE48       Finalization
 0001:00035B8C       Finalization
 0001:0007056C       Finalization
 0001:0002EC60       Finalization
 0001:000134B0       Finalization
 0001:0002650C       Finalization
 0001:00013598       Finalization
 0001:0002ECC0       Finalization
 0001:00071700       Finalization
 0001:0002ED10       Finalization
 0001:00028CA0       Finalization
 0001:0000C6F0       Finalization
 0001:0002ED78       Finalization
 0001:0005C360       Finalization
 0001:00025F78       Finalization
 0001:0002EDDC       Finalization
 0001:00027D34       Finalization
 0001:000758A4       Finalization
 0001:0002EE34       Finalization
 0001:00028204       Finalization
 0001:0007586C       Finalization
 0001:0002EE8C       Finalization
 0001:00070644       Finalization
 0001:00026158       Finalization
 0001:0002EFC4       Finalization
 0001:0002FB20       Finalization
 0001:00026410       Finalization
 0001:0000D0AC       Finalization
 0001:00028C68       Finalization
 0001:00070D94       Finalization
 0001:00028C30       Finalization
 0001:000469DC       Finalization
 0001:00006034       Finalization
 0001:000498CC       Finalization
 0001:00034F08       Finalization
 0001:000736E8       Finalization
 0001:00028BF8       Finalization
 0001:00028058       Finalization
 0001:0006F694       Finalization
 0001:000734E4       Finalization
 0001:0006F7A4       Finalization
 0001:00005D1C       Finalization
 0001:000732F0       Finalization
 0001:00028B88       Finalization
 0001:0001CC4C       Finalization
 0001:0001D040       Finalization
 0001:00047D0C       Finalization
 0001:00034DA0       Finalization
 0001:00003F9C       FinalizeArray
 0001:00002B4C       FinalizeUnits
 0001:0004E5EC       Find
 0001:00004248       FindBS
 0001:000157B0       FindClass
 0001:000041D0       FindClassHInstance
 0001:00000244       FindClose
 0001:00000C24       FindCommitted
 0001:00038150       FindControl
 0001:00044850       FindControlAtPos
 0001:00012934       FindCustomVariantType
 0001:000129EC       FindCustomVariantType
 0001:00039B1C       FindDragTarget
 0001:000197B4       FindExistingComponent
 0001:0000024C       FindFirstFile
 0001:00015B9C       FindGlobalComponent
 0001:00051FD0       FindGlobalComponent
 0002:00002864       FindGlobalComponentProcs
 0001:000041A8       FindHInstance
 0001:00015A44       FindIdentToInt
 0002:00002A74       FindMsg
 0001:00018944       FindNestedComponent
 0001:0004A834       FindPopupControl
 0001:0000CD74       FindProc
 0001:00005184       FindResource
 0001:00004220       FindResourceHInstance
 0001:0005BAFC       FindScanline
 0001:00051F28       FindTopMostWindow
 0001:0001A698       FindUniqueName
 0001:00039AE8       FindVCLWindow
 0001:000056BC       FindWindow
 0001:0003596C       FindWinHelp
 0001:00023230       FixupBitFields
 0002:00000D64       Flags
 0002:000027A0       FLanguages
 0001:00028088       FlatSB
 0002:00002944       FlatSB_EnableScrollBar
 0002:00002950       FlatSB_GetScrollInfo
 0002:00002954       FlatSB_GetScrollPos
 0002:0000294C       FlatSB_GetScrollRange
 0002:0000295C       FlatSB_SetScrollInfo
 0002:00002958       FlatSB_SetScrollPos
 0001:00027D78       FlatSB_SetScrollProp
 0002:00002960       FlatSB_SetScrollRange
 0002:00002948       FlatSB_ShowScrollBar
 0001:000082DC       FloatToDecimal
 0001:0000861C       FloatToStr
 0001:00008008       FloatToText
 0001:000019F8       Flush
 0002:00000180       FMSecsPerDay
 0001:00007F04       FmtStr
 0002:00000D80       FocusCount
 0002:00000D7C       FocusMessages
 0002:000005FC       FontCharsets
 0002:000028DC       FontManager
 0001:00051FA4       ForegroundTask
 0002:00002C54       Form1
 0002:00000188       Format
 0001:00007EF0       Format
 0001:00007AF8       FormatBuf
 0001:00007AEC       FormatClearStr
 0001:00007A70       FormatError
 0002:00000164       FormatErrorStrs
 0001:0000518C       FormatMessage
 0001:0005C660       FormatMessage
 0001:00007AC8       FormatVarToStr
 0001:0005C304       Forms
 0001:00001CC0       FPower10
 0002:00000738       FPrinter
 0001:000056C4       FrameRect
 0001:0000C2D0       FreeAndNil
 0001:00000990       FreeCommitted
 0001:00000EB0       FreeCurAlloc
 0001:00039BDC       FreeDeviceContext
 0001:00039C98       FreeDeviceContexts
 0001:0001CA18       FreeIntConstList
 0001:00005194       FreeLibrary
 0001:00000254       FreeLibrary
 0001:00022D8C       FreeMemoryContexts
 0001:0001CB4C       FreeObjectInstance
 0001:000051A4       FreeResource
 0001:00000610       FreeSpace
 0001:0000BE3C       FreeTerminateProcs
 0001:0002823C       FreeThemeLibrary
 0002:00002B14       FRichEditModule
 0001:00020080       GDICheck
 0001:0001FFD8       GDIError
 0001:000053DC       GdiFlush
 0001:0000195C       Get8087CW
 0001:000051AC       GetACP
 0001:000056CC       GetActiveWindow
 0001:000597D0       GetAnimation
 0001:000291CC       GetAveCharSize
 0001:0002CF54       GetBitBtnGlyph
 0001:000053E4       GetBitmapBits
 0001:00000390       GetBlockDesc
 0001:000053EC       GetBrushOrgEx
 0001:000056D4       GetCapture
 0001:00038418       GetCaptureControl
 0001:0001575C       GetClass
 0001:000056DC       GetClassInfo
 0001:000056E4       GetClassName
 0001:000056EC       GetClientRect
 0001:000056F4       GetClipboardData
 0001:00021AAC       GetClipboardFormats
 0001:000053F4       GetClipBox
 0001:0000032C       GetCmdShow
 0001:00047F64       GetColor
 0001:0002EF64       GetComCtlVersion
 0001:0000025C       GetCommandLine
 0001:000007DC       GetCommitted
 0001:0000086C       GetCommittedAt
 0001:0003F28C       GetControlAtPos
 0001:00008BB4       GetCount
 0001:000051B4       GetCPInfo
 0001:000053FC       GetCurrentPositionEx
 0001:000051BC       GetCurrentProcessId
 0002:00002A28       GetCurrentThemeName
 0001:0000030C       GetCurrentThreadId
 0001:000051C4       GetCurrentThreadId
 0001:00005AA8       GetCurrentTime
 0001:000056FC       GetCursor
 0001:0005BB0C       GetCursorHeightMargin
 0001:00005704       GetCursorPos
 0001:00008BE0       GetDate
 0001:000051CC       GetDateFormat
 0001:00009868       GetDateOrder
 0001:0000570C       GetDC
 0001:00005714       GetDCEx
 0001:00005404       GetDCOrgEx
 0001:00025B88       GetDefFontCharSet
 0001:0000571C       GetDesktopWindow
 0001:0000541C       GetDeviceCaps
 0001:00020FE0       GetDIB
 0001:0000540C       GetDIBColorTable
 0001:00005414       GetDIBits
 0001:00020F28       GetDIBSizes
 0001:000201F0       GetDInColors
 0001:000051D4       GetDiskFreeSpaceA
 0002:00000134       GetDiskFreeSpaceEx
 0001:00045B08       GetDockAlign
 0001:00038DC0       GetDockSiteAtPos
 0001:000390EC       GetDropCtl
 0001:00002340       GetDynaMethod
 0001:00005424       GetEnhMetaFileBits
 0001:0000542C       GetEnhMetaFileHeader
 0001:00005434       GetEnhMetaFilePaletteEntries
 0001:00012D58       GetEnumNameValue
 0001:00012DA4       GetEnumValue
 0001:0000A2AC       GetEraNamesAndYearOffsets
 0001:000098FC       GetEraYearOffset
 0001:00013584       GetErrorInfo
 0001:0000AC24       GetExceptionClass
 0001:0000AE08       GetExceptionObject
 0001:000156E4       GetFieldClassTable
 0001:00021A8C       GetFileFormats
 0001:0000B078       GetFileVersion
 0001:0000533C       GetFileVersionInfo
 0001:00005344       GetFileVersionInfoSize
 0001:00005724       GetFocus
 0001:0001EB60       GetFontData
 0001:0000572C       GetForegroundWindow
 0001:0000B8C0       GetFormatSettings
 0001:000051DC       GetFullPathName
 0001:0001E0CC       GetHashCode
 0001:00056D48       GetHelpInfo
 0001:0002714C       GetHelpSystem
 0001:000595B4       GetHint
 0001:000595EC       GetHintControl
 0001:0004FCE8       GetHotkey
 0001:00005734       GetIconInfo
 0001:000700B0       GetIDsOfNames
 0001:0000574C       GetKeyboardLayout
 0001:00005754       GetKeyboardLayoutList
 0001:0000575C       GetKeyboardState
 0001:00001FAC       GetKeyboardType
 0001:0000573C       GetKeyNameText
 0001:00005744       GetKeyState
 0001:00005764       GetLastActivePopup
 0001:00043DD0       GetLastChildZone
 0001:000051E4       GetLastError
 0001:0000A070       GetLocaleChar
 0001:00000264       GetLocaleInfo
 0001:000051F4       GetLocaleInfo
 0001:0000A024       GetLocaleStr
 0001:000051EC       GetLocalTime
 0001:000383D4       GetLongHint
 0001:0000576C       GetMenu
 0001:00056CD0       GetMenuHelpContext
 0001:00005774       GetMenuItemCount
 0001:0000577C       GetMenuItemID
 0001:00005784       GetMenuItemInfo
 0001:0004CE38       GetMenuSize
 0001:0000578C       GetMenuState
 0001:00005794       GetMenuString
 0001:0000026C       GetModuleFileName
 0001:000051FC       GetModuleFileName
 0001:00000274       GetModuleHandle
 0001:00004EA8       GetModuleHandle
 0001:00005204       GetModuleHandle
 0002:0000290C       GetMonitorInfo
 0002:00002910       GetMonitorInfoA
 0002:00002914       GetMonitorInfoW
 0001:0000A0D4       GetMonthDayNames
 0001:0000579C       GetNextWindow
 0001:0000543C       GetObject
 0001:00012E78       GetOrdProp
 0001:00005444       GetPaletteEntries
 0001:000057A4       GetParent
 0001:0005219C       GetParentForm
 0001:0000544C       GetPixel
 0001:0000027C       GetProcAddress
 0001:0000520C       GetProcAddress
 0001:000057AC       GetProp
 0001:00012E08       GetPropInfo
 0001:0005265C       GetRealScrollPosition
 0001:00047F44       GetRGBColor
 0001:000057B4       GetScrollInfo
 0001:000057BC       GetScrollPos
 0001:000057C4       GetScrollRange
 0001:00038390       GetShortHint
 0001:00000534       GetSpace
 0001:00000598       GetSpaceAt
 0001:0004A8C4       GetSpecialName
 0001:00000284       GetStartupInfo
 0001:00000204       GetStdHandle
 0001:00005214       GetStdHandle
 0001:00005454       GetStockObject
 0001:0000521C       GetStringTypeEx
 0001:000057CC       GetSubMenu
 0001:000057D4       GetSysColor
 0001:000057DC       GetSysColorBrush
 0001:00005224       GetSystemInfo
 0001:000057E4       GetSystemMenu
 0002:000028FC       GetSystemMetrics
 0001:000057EC       GetSystemMetrics
 0001:0000545C       GetSystemPaletteEntries
 0001:0000546C       GetTextExtentPoint
 0001:00005464       GetTextExtentPoint32
 0001:00005474       GetTextMetrics
 0002:00002A20       GetThemeAppProperties
 0002:0000298C       GetThemeBackgroundContentRect
 0002:00002990       GetThemeBackgroundExtent
 0002:000029A0       GetThemeBackgroundRegion
 0002:000029C4       GetThemeBool
 0002:000029B8       GetThemeColor
 0002:00002A2C       GetThemeDocumentationProperty
 0002:000029CC       GetThemeEnumValue
 0002:000029EC       GetThemeFilename
 0002:000029D4       GetThemeFont
 0002:000029C8       GetThemeInt
 0002:000029E0       GetThemeIntList
 0002:000029DC       GetThemeMargins
 0002:000029BC       GetThemeMetric
 0002:00002994       GetThemePartSize
 0002:000029D0       GetThemePosition
 0002:000029E4       GetThemePropertyOrigin
 0002:000029D8       GetThemeRect
 0002:000029C0       GetThemeString
 0002:000029F8       GetThemeSysBool
 0002:000029F0       GetThemeSysColor
 0002:000029F4       GetThemeSysColorBrush
 0002:00002A00       GetThemeSysFont
 0002:00002A08       GetThemeSysInt
 0002:000029FC       GetThemeSysSize
 0002:00002A04       GetThemeSysString
 0002:00002998       GetThemeTextExtent
 0002:0000299C       GetThemeTextMetrics
 0001:0000522C       GetThreadLocale
 0001:0000028C       GetThreadLocale
 0001:00005234       GetTickCount
 0001:00000324       GetTickCount
 0001:00008C18       GetTime
 0001:00004ED4       GetTlsSize
 0001:00059D80       GetTopMostWindows
 0001:00038520       GetTopParent
 0001:000057F4       GetTopWindow
 0001:00012D4C       GetTypeData
 0001:0000523C       GetVersion
 0001:00000314       GetVersion
 0001:00005244       GetVersionEx
 0001:000057FC       GetWindow
 0001:00005804       GetWindowDC
 0001:0000580C       GetWindowLong
 0001:00005484       GetWindowOrgEx
 0001:00005814       GetWindowPlacement
 0001:0000581C       GetWindowRect
 0001:00005824       GetWindowText
 0002:00002A14       GetWindowTheme
 0001:0000582C       GetWindowThreadProcessId
 0001:00005834       GetWindowThreadProcessId
 0001:0000547C       GetWinMetaFileBits
 0001:0000524C       GlobalAddAtom
 0001:00005254       GlobalAlloc
 0001:00005AB4       GlobalAllocPtr
 0001:0000525C       GlobalDeleteAtom
 0001:00005264       GlobalFindAtom
 0002:00002868       GlobalFixupList
 0001:00018A8C       GlobalFixupReferences
 0001:0000526C       GlobalFree
 0001:00005AE0       GlobalFreePtr
 0001:0000527C       GlobalHandle
 0001:00005274       GlobalLock
 0002:0000284C       GlobalNameSpace
 0001:00005284       GlobalReAlloc
 0001:00005AC4       GlobalReAllocPtr
 0001:0000528C       GlobalUnlock
 0002:000009EC       GlyphCache
 0001:0002604C       Graphics
 0001:000158D8       GroupDescendentsWith
 0002:000003B8       GUID_NULL
 0001:0000DB8C       HandleConversionException
 0001:00056F50       HandleEdge
 0001:00019EF0       HandleException
 0002:00000028       HeapAllocFlags
 0002:000025C8       heapErrorCode
 0002:000025CC       heapLock
 0001:00027CF4       HelpIntfs
 0002:00002938       HelpManager
 0002:00002A70       HelpMsg
 0002:00002B38       HelpViewer
 0002:00002B3C       HelpViewerIntf
 0002:00000130       HexDisplayPrefix
 0002:00000ABC       HideSelections
 0001:00045B84       HideZone
 0001:000708E4       HIMETRICtoDP
 0002:00002668       HInstance
 0002:00002BF4       HintDoneEvent
 0001:000596BC       HintGetMsgHook
 0002:00002BF8       HintHook
 0001:00059660       HintMouseThread
 0002:00002BFC       HintThread
 0002:00002BF0       HintThreadID
 0001:0005960C       HintTimerProc
 0002:00000D74       HintWindowClass
 0002:000029A4       HitTestThemeBackground
 0001:00059700       HookHintHooks
 0001:00005BEC       HwndMSWheel
 0002:00000D08       IBreaks
 0002:00000D14       IChecks
 0002:00000758       IconIDs
 0002:00000D1C       IDefaults
 0001:0001EB50       IdentToCharset
 0001:0001E948       IdentToColor
 0001:00038380       IdentToCursor
 0001:00015AC0       IdentToInt
 0002:00000D24       IEnables
 0001:0004DBDC       IfHotkeyAvailable
 0002:00002BCC       ImageListWriteExProc
 0001:00026460       ImageList_Add
 0001:00026480       ImageList_AddIcon
 0001:000264AC       ImageList_BeginDrag
 0001:00026448       ImageList_Create
 0001:00026450       ImageList_Destroy
 0001:000264BC       ImageList_DragEnter
 0001:000264C4       ImageList_DragLeave
 0001:000264CC       ImageList_DragMove
 0001:000264DC       ImageList_DragShowNolock
 0001:0002648C       ImageList_Draw
 0001:0002649C       ImageList_DrawEx
 0001:000264B4       ImageList_EndDrag
 0001:00026478       ImageList_GetBkColor
 0001:000264E4       ImageList_GetDragImage
 0001:000264FC       ImageList_GetIconSize
 0001:00026458       ImageList_GetImageCount
 0001:000264EC       ImageList_Read
 0001:000264A4       ImageList_Remove
 0001:00026494       ImageList_Replace
 0001:00026468       ImageList_ReplaceIcon
 0001:00026470       ImageList_SetBkColor
 0001:000264D4       ImageList_SetDragCursorImage
 0001:00026504       ImageList_SetIconSize
 0001:000264F4       ImageList_Write
 0002:00000C78       Images
 0001:000498FC       ImgList
 0001:00026CFC       Imm
 0002:00000C5C       IMM32DLL
 0001:00046774       Imm32IsIME
 0002:00000184       IMSecsPerDay
 0001:0000DC78       InBounds
 0001:0000DF18       InBounds
 0001:0000DF48       Increment
 0001:0000DCA8       Increment
 0001:0000583C       InflateRect
 0001:0002ED58       IniFiles
 0001:00000A1C       InitAllocator
 0001:00026544       InitAnApi
 0002:00002924       InitApis
 0001:000704F4       InitComObj
 0001:00015D68       InitComponent
 0002:00002638       InitContext
 0001:00046810       InitControls
 0001:0005C930       InitDecompressor
 0001:0005D980       InitDefaults
 0001:00025BCC       InitDefFontData
 0001:0000BE5C       InitDriveSpacePtr
 0001:0000AEE4       InitExceptions
 0001:00027DD4       InitFlatSB
 0001:00029F10       InitGlobals
 0001:00020DE0       InitializeBitmapInfoHeader
 0001:00000370       InitializeCriticalSection
 0001:00005294       InitializeCriticalSection
 0002:000025C4       initialized
 0001:00027DAC       InitializeFlatSB
 0001:00004F60       InitializeModule
 0001:0000CDA0       InitializeVarUtils
 0001:00046414       InitIMM32
 0001:00015E10       InitInheritedComponent
 0001:0000B6D4       InitLeadBytes
 0001:00026C20       InitMultiMonStubs
 0001:00070C34       InitOlePro32
 0001:0000AFE8       InitPlatformId
 0002:00002044       InitProc
 0001:0005C21C       InitProcs
 0001:00025B50       InitScreenLogPixels
 0001:0000B74C       InitSysLocale
 0001:000283FC       InitThemeLibrary
 0001:0001B7FC       InitThreadSynchronization
 0001:00004EDC       InitThreadTLS
 0001:00002BAC       InitUnits
 0001:00038064       InitWndProc
 0002:00000BFC       InnerStyles
 0002:00002050       Input
 0001:000590E4       InsertBefore
 0001:0003DAC8       InsertBefore
 0001:00000E28       InsertFree
 0001:0004DC90       InsertHotkeyFarEastFormat
 0001:00005844       InsertMenu
 0001:0000584C       InsertMenuItem
 0002:00002884       InstBlockList
 0002:00002888       InstFreeList
 0002:0000285C       IntConstList
 0001:00000304       InterlockedDecrement
 0001:0000BEC4       InterlockedDecrement
 0001:0000BED0       InterlockedExchange
 0001:0000519C       InterlockedExchange
 0001:0000BED8       InterlockedExchangeAdd
 0001:0000BEB8       InterlockedIncrement
 0001:000002FC       InterlockedIncrement
 0001:0001E058       InternalDeletePalette
 0001:000019B0       InternalFlush
 0001:00000C84       InternalFreeMem
 0001:00020F30       InternalGetDIB
 0001:00020EC4       InternalGetDIBSizes
 0001:00015C00       InternalReadComponentRes
 0002:00002B20       InternalServices
 0001:00003390       InternalUniqueString
 0001:0000548C       IntersectClipRect
 0001:00005854       IntersectRect
 0001:000072EC       IntToHex
 0001:00015B00       IntToIdent
 0001:000072C4       IntToStr
 0001:000071D8       IntToStr
 0001:0000585C       InvalidateRect
 0001:0001FF60       InvalidBitmap
 0001:0001FF48       InvalidGraphic
 0001:0001FF6C       InvalidIcon
 0001:0001FF78       InvalidMetafile
 0001:0005C5CC       InvalidOperation
 0001:000709FC       InvalidOperation
 0001:0001FF30       InvalidOperation
 0001:00014C6C       InvalidPoint
 0002:0000279C       InvalidPointer
 0001:000021F8       InvokeImplGetter
 0001:000018B8       IOResult
 0002:00000D44       IOwnerDraw
 0002:00000D2C       IRadios
 0002:00000D3C       IRTL
 0001:0005212C       IsAccel
 0001:0004EE40       IsAccelChar
 0002:00002A10       IsAppThemed
 0001:00038B78       IsBeforeTargetWindow
 0001:00005864       IsChild
 0002:0000204C       IsConsole
 0001:00038FD4       IsDelphiHandle
 0001:0000586C       IsDialogMessage
 0002:00000D34       ISeparators
 0001:00005874       IsIconic
 0001:0004EE9C       IsInitialChar
 0001:00008858       IsLeapYear
 0002:00002038       IsLibrary
 0002:0000204D       IsMultiThread
 0001:00043834       IsOrientationSet
 0001:0000587C       IsRectEmpty
 0001:00038D7C       IsSiteChildOfClient
 0002:00002A0C       IsThemeActive
 0002:000029B4       IsThemeBackgroundPartiallyTransparent
 0002:00002A1C       IsThemeDialogTextureEnabled
 0002:000029B0       IsThemePartDefined
 0001:00015BDC       IsUniqueGlobalComponentName
 0002:00002850       IsUniqueGlobalComponentNameProc
 0001:00007128       IsValidIdent
 0001:0000B734       IsWesternGroup
 0001:00005884       IsWindow
 0001:0000588C       IsWindowEnabled
 0001:00005894       IsWindowVisible
 0001:0000589C       IsZoomed
 0001:0004AC90       Iterate
 0001:0004ACF0       IterateMenus
 0001:0005C390       JConsts
 0002:00000030       JITEnable
 0001:0006F6D4       jpeg
 0002:00000E90       JPEGDefaults
 0001:0005C5E4       JpegError
 0001:0005F5D4       jpeg_calc_output_dimensions
 0001:0005DCF4       jpeg_consume_input
 0001:00069F0C       jpeg_CreateCompress
 0001:0005D9C0       jpeg_CreateDecompress
 0001:000691C0       jpeg_destroy
 0001:0005DA90       jpeg_destroy_decompress
 0001:0006A02C       jpeg_finish_compress
 0001:0005DE08       jpeg_finish_decompress
 0001:0005F4BC       jpeg_finish_output
 0001:0005DDD4       jpeg_has_multiple_scans
 0001:0005DC88       jpeg_read_header
 0001:0005F320       jpeg_read_scanlines
 0001:00069004       jpeg_save_markers
 0001:000696AC       jpeg_set_colorspace
 0001:00069538       jpeg_set_defaults
 0001:0006943C       jpeg_set_quality
 0001:00069B14       jpeg_simple_progression
 0001:00069D2C       jpeg_start_compress
 0001:0005F198       jpeg_start_decompress
 0001:0005F45C       jpeg_start_output
 0001:000692E0       jpeg_stdio_dest
 0001:0005F12C       jpeg_stdio_src
 0002:00000E98       jpeg_std_error
 0001:00069DA0       jpeg_write_scanlines
 0001:000520E0       KeyboardStateToShiftState
 0001:000520A4       KeyDataToShiftState
 0001:00052050       KeysToShiftState
 0001:000058A4       KillTimer
 0001:000076A8       LastDelimiter
 0001:0000B660       LCIDToCodePage
 0001:00004D0C       LCIDToCodePage
 0002:00000110       LeadBytes
 0001:00000380       LeaveCriticalSection
 0001:0000529C       LeaveCriticalSection
 0002:00000038       LibModuleList
 0001:0000549C       LineTo
 0001:0002EEBC       ListActns
 0001:00039B64       ListAdd
 0001:00039B8C       ListRemove
 0002:00002752       ListSeparator
 0001:000058AC       LoadBitmap
 0001:0006FB34       LoadComExProcs
 0001:000058B4       LoadCursor
 0001:000058BC       LoadIcon
 0001:000058C4       LoadKeyboardLayout
 0001:000052A4       LoadLibrary
 0001:00000294       LoadLibraryEx
 0001:000052AC       LoadResource
 0001:00004414       LoadResourceModule
 0001:00004CB4       LoadResString
 0001:000058CC       LoadString
 0001:0000029C       LoadString
 0001:00000350       LocalAlloc
 0001:00004EB0       LocalAlloc
 0001:00000358       LocalFree
 0001:0000A098       LocalGetLocaleStr
 0002:00002A44       Lock
 0001:000052B4       LockResource
 0002:00002694       LongDateFormat
 0002:00002728       LongDayNames
 0002:000026DC       LongMonthNames
 0002:000026A8       LongTimeFormat
 0001:00006D5C       LowerCase
 0001:00005494       LPtoDP
 0001:00005334       lstrcpy
 0001:000002A4       lstrcpyn
 0002:00002824       LVarTypes
 0002:00002828       LVarTypeSync
 0002:00002030       MainInstance
 0002:00002034       MainThreadID
 0001:000003E0       MakeEmpty
 0001:00002CBC       MakeErrorMessage
 0002:00000C48       MakeLast
 0001:00005A9C       MakeLong
 0001:0001CAB4       MakeObjectInstance
 0001:00005AF4       MakeROP4
 0001:00005B2C       MakeWParam
 0001:0000ABA4       MapException
 0001:0002EE2C       Mapi
 0002:00000A00       MAPIDLL
 0002:00000A04       MAPIModule
 0001:000029C4       MapToRunError
 0001:000058D4       MapVirtualKey
 0001:000058DC       MapWindowPoints
 0002:00000C80       Mask
 0001:000054A4       MaskBlt
 0001:00026188       Math
 0001:00026150       Max
 0001:000549E4       MaximizedChildren
 0002:00000040       MemoryManager
 0002:00000C9C       MenuKeyCaps
 0001:0004FEB8       Menus
 0001:00000430       MergeBlockAfter
 0001:00000EFC       MergeCommit
 0001:000058E4       MessageBeep
 0001:0000023C       MessageBox
 0001:000058EC       MessageBox
 0001:00029E14       MessageDlgPos
 0001:00029E38       MessageDlgPosHelp
 0001:00005D4C       Messages
 0001:00016474       Min
 0001:00026148       Min
 0001:0003D410       MinVar
 0002:0000292C       MMAvailable
 0002:000007C4       ModalResults
 0002:00000C60       ModeMap
 0001:000566DC       ModifySystemMenu
 0002:000000A8       Module
 0002:00002665       ModuleIsCpp
 0002:00002664       ModuleIsLib
 0001:0001CA84       ModuleUnload
 0002:0000003C       ModuleUnloadList
 0002:00002908       MonitorFromPoint
 0002:00002904       MonitorFromRect
 0002:00002900       MonitorFromWindow
 0002:000000E0       MonthDays
 0002:00002B40       Mouse
 0001:000018D8       Move
 0001:000054AC       MoveToEx
 0001:00039BAC       MoveWindowOrg
 0001:000052BC       MulDiv
 0001:000002B4       MultiByteToWideChar
 0001:000052C4       MultiByteToWideChar
 0001:0005BCC0       MultiLineWidth
 0001:00026CBC       MultiMon
 0001:00073718       nameGetter
 0002:00002C1C       NeedToUninitialize
 0002:00002689       NegCurrFormat
 0001:00000F88       NewCommit
 0001:00000FB4       NewCommitAt
 0002:00002B44       NewStyleControls
 0001:0000B458       NextCharIndex
 0001:00043818       NextVisibleZone
 0002:000003F4       NilMethod
 0002:00000034       NoErrMsg
 0001:0004BAA4       NormalDraw
 0001:0000257C       NotifyAnyExcept
 0001:00002550       NotifyExcept
 0001:000025B0       NotifyExceptFinally
 0001:00015CDC       NotifyGlobalLoading
 0001:00004714       NotifyModuleUnload
 0001:0000252C       NotifyNonDelphiException
 0001:00002568       NotifyOnExcept
 0001:00002510       NotifyReRaise
 0001:000025D8       NotifyTerminate
 0001:000025F4       NotifyUnhandled
 0001:0004E81C       NthParentOf
 0001:00012AD4       Null
 0002:00000320       NullAsStringValue
 0002:0000031C       NullStrictConvert
 0001:0003811C       ObjectFromHWnd
 0002:00000AC4       OEMConverts
 0001:000058F4       OemToAnsi
 0001:000058FC       OffsetRect
 0001:0006FB1C       OleCheck
 0001:0006FB00       OleError
 0001:00070D24       OleLoadPicture
 0002:00002C2C       OlePro32DLL
 0001:00003CD8       OleStrToStrVar
 0002:00002C10       OleUninitializing
 0001:00005904       OpenClipboard
 0002:0000297C       OpenThemeData
 0002:00000C40       OrientArray
 0002:00000C0C       OuterStyles
 0002:00002798       OutOfMemory
 0001:0001FF84       OutOfResources
 0002:0000221C       Output
 0001:0005C65C       OutputMessage
 0002:00000324       PackVarCreation
 0002:000006F8       Pal16
 0001:0001E43C       PaletteChanged
 0001:00020770       PaletteFromDIBColorTable
 0001:00020814       PaletteToDIBColorTable
 0002:000006F4       PalSize
 0001:00043BFC       ParentNotLast
 0002:00000AA0       Passwords
 0001:000054B4       PatBlt
 0002:000028EC       PatternManager
 0001:0000590C       PeekMessage
 0002:000028E0       PenManager
 0002:000006BC       PenModes
 0002:0000069C       PenStyles
 0001:000054BC       PlayEnhMetaFile
 0001:00014BF4       Point
 0001:00005004       Point
 0001:0001502C       PointerInModule
 0001:0003ECAC       PointsEqual
 0001:00005B14       PointToSmallPoint
 0002:00002BD0       PopupList
 0001:00005914       PostMessage
 0001:0000591C       PostQuitMessage
 0001:00027D70       Printers
 0001:00057DF0       ProcessExecute
 0001:0005235C       ProcessHorz
 0001:00057EF0       ProcessUpdate
 0001:000523C8       ProcessVert
 0001:0005C818       ProgressCallback
 0001:00075B04       Project1
 0001:00018D88       PropertyNotFound
 0001:00019FF0       PropPathError
 0002:00000DA4       Props
 0001:00018D7C       PropValueError
 0001:00005924       PtInRect
 0002:000000A4       PtrToNil
 0001:00007FC4       PutExponent
 0002:00002B88       QualifyingSites
 0001:0000031C       QueryPerformanceCounter
 0001:0000AB60       RaiseAssertException
 0001:0000020C       RaiseException
 0001:00070190       RaiseException
 0001:00017D9C       RaiseException
 0002:00002014       RaiseExceptionProc
 0001:0000BD74       RaiseLastOSError
 0001:0007007C       RaiseNameException
 0001:00001918       Randomize
 0002:00000008       RandSeed
 0001:0004496C       ReadControlName
 0001:0001B230       ReadCustomVariant
 0001:00018D64       ReadError
 0001:000052CC       ReadFile
 0001:00020AC0       ReadIcon
 0002:00000AA8       ReadOnlys
 0001:000054C4       RealizePalette
 0001:000195A4       Recover
 0001:00014C1C       Rect
 0001:00004FE8       Rect
 0001:000054D4       Rectangle
 0001:000054CC       RectVisible
 0001:0000592C       RedrawWindow
 0002:0000281C       RefAnyProc
 0002:00002A40       ReferenceCount
 0001:0000512C       RegCloseKey
 0001:000002BC       RegCloseKey
 0002:00002860       RegGroups
 0001:00005934       RegisterClass
 0001:000157D0       RegisterClass
 0001:0000593C       RegisterClipboardFormat
 0001:00038F1C       RegisterDockSite
 0001:00015B44       RegisterFindGlobalComponentProc
 0001:00015A18       RegisterIntegerConsts
 0001:00004770       RegisterModule
 0001:000270C8       RegisterViewer
 0001:00005944       RegisterWindowMessage
 0001:0002EDC0       Registry
 0001:00005134       RegOpenKeyEx
 0001:000002C4       RegOpenKeyEx
 0001:000002CC       RegQueryValueEx
 0001:0000513C       RegQueryValueEx
 0001:00028CD0       RegStr
 0001:0000594C       ReleaseCapture
 0001:0005C90C       ReleaseContext
 0001:00005954       ReleaseDC
 0002:0000004C       reMap
 0002:0000261C       remBytes
 0001:000004A0       RemoveBlock
 0002:000003D0       RemoveDataModule
 0001:00018C34       RemoveFixupReferences
 0001:00018CE0       RemoveFixups
 0001:00018FD8       RemoveGlobalFixup
 0001:0000595C       RemoveMenu
 0001:0000468C       RemoveModuleUnloadProc
 0001:000046B4       RemoveModuleUnloadProc
 0001:00005964       RemoveProp
 0001:0005C664       ResetErrorMgr
 0001:000052D4       ResetEvent
 0001:0001B848       ResetSyncEvent
 0001:0000143C       ResizeInPlace
 0001:000054DC       RestoreDC
 0001:00051CFC       RestoreFocusState
 0001:00073514       resultWindow
 0001:00015FA0       ReturnAddr
 0001:0004A864       ReturnAddr
 0001:00016C38       ReturnAddr
 0001:000204F0       RGBQuadToTriple
 0001:000204B8       RGBTripleToQuad
 0001:00028C28       RichEdit
 0002:00002B58       RM_GetObjectInstance
 0002:00002BEC       RM_TaskbarCreated
 0002:00002618       rover
 0002:00000A08       RTFConversionFormat
 0001:00012D18       RTLConsts
 0001:00000214       RtlUnwind
 0002:00002018       RTLUnwindProc
 0002:00000070       runErrMsg
 0001:000017E0       RunErrorAt
 0001:0000CD54       SafeArrayCreate
 0001:0000CD5C       SafeArrayGetLBound
 0001:0000CD64       SafeArrayGetUBound
 0001:0000CD6C       SafeArrayPtrOfIndex
 0001:0006FC38       SafeCallError
 0002:00002020       SafeCallErrorProc
 0001:0000C39C       SafeLoadLibrary
 0001:00006E3C       SameText
 0001:000054E4       SaveDC
 0001:00051CF4       SaveFocusState
 0002:00002C18       SaveInitProc
 0001:000096EC       ScanBlanks
 0001:00009830       ScanChar
 0001:000099AC       ScanDate
 0001:00009710       ScanNumber
 0001:000097A4       ScanString
 0001:00009CF0       ScanTime
 0001:000098B4       ScanToNumber
 0002:00002BE4       Screen
 0002:00002898       ScreenLogPixels
 0001:0000596C       ScreenToClient
 0002:00000AE8       ScrollBar
 0001:00052514       ScrollBarVisible
 0001:00005974       ScrollWindow
 0001:00000FE8       SearchSmallBlocks
 0001:000054EC       SelectObject
 0001:000054F4       SelectPalette
 0001:000381AC       SendAppMessage
 0001:00051F64       SendFocusMessage
 0001:0000597C       SendMessage
 0002:00000D00       Separators
 0001:0000194C       Set8087CW
 0001:00005984       SetActiveWindow
 0001:00059800       SetAnimation
 0001:000054FC       SetBkColor
 0001:00005504       SetBkMode
 0001:0000550C       SetBrushOrgEx
 0001:0000598C       SetCapture
 0001:00038440       SetCaptureControl
 0001:00005994       SetClassLong
 0001:00012660       SetClearVarToEmptyParam
 0001:0000599C       SetClipboardData
 0001:00019714       SetCompName
 0001:000059A4       SetCursor
 0001:00005514       SetDIBColorTable
 0001:000052DC       SetEndOfFile
 0001:0000551C       SetEnhMetaFileBits
 0001:000052E4       SetErrorMode
 0001:000052EC       SetEvent
 0001:00002B04       SetExceptionHandler
 0001:000052F4       SetFilePointer
 0001:0001317C       SetFloatProp
 0001:000059AC       SetFocus
 0001:000059B4       SetForegroundWindow
 0001:00046698       SetImeMode
 0001:00001864       SetInOutRes
 0001:00013400       SetInt64Prop
 0001:0001343C       SetInterfaceProp
 0001:0001A2D0       SetInterfaceReference
 0001:0001A1EC       SetIntIdent
 0002:00000D78       SetLayeredWindowAttributes
 0001:00012FE4       SetLongStrProp
 0001:00005524       SetMapMode
 0001:000059BC       SetMenu
 0001:000059C4       SetMenuItemInfo
 0001:000133C8       SetMethodProp
 0001:0001A234       SetObjectIdent
 0001:00012EEC       SetOrdProp
 0001:000059CC       SetParent
 0001:0000552C       SetPixel
 0001:000059D4       SetProp
 0001:000059DC       SetRect
 0001:00005534       SetROP2
 0001:000059E4       SetScrollInfo
 0001:000059EC       SetScrollPos
 0001:000059F4       SetScrollRange
 0001:00012F48       SetShortStrProp
 0001:00012F9C       SetShortStrPropAsLongStr
 0001:0000553C       SetStretchBltMode
 0001:0001307C       SetStrProp
 0001:0001951C       SetSubComponentState
 0001:00005544       SetTextColor
 0002:00002A24       SetThemeAppProperties
 0001:000052FC       SetThreadLocale
 0001:000059FC       SetTimer
 0001:00012648       SetVarAsError
 0001:00013388       SetVariantProp
 0001:0001A274       SetVariantReference
 0001:0000554C       SetViewportOrgEx
 0001:0005B7D0       SetVisible
 0001:000130A8       SetWideStrProp
 0001:00013024       SetWideStrPropAsLongStr
 0001:00005A04       SetWindowLong
 0001:0000555C       SetWindowOrgEx
 0001:00005A0C       SetWindowPlacement
 0001:00005A14       SetWindowPos
 0001:00005A24       SetWindowsHookEx
 0001:00005A1C       SetWindowText
 0002:000029E8       SetWindowTheme
 0001:00005554       SetWinMetaFileBits
 0002:00000150       ShareMode
 0001:00028C98       ShellAPI
 0002:00002B10       ShellModule
 0001:00028D78       ShlObj
 0001:0004A88C       ShortCut
 0002:00002BD4       ShortCutItems
 0001:0004A918       ShortCutToText
 0002:00002690       ShortDateFormat
 0002:0000270C       ShortDayNames
 0002:000026AC       ShortMonthNames
 0002:000026A4       ShortTimeFormat
 0002:00000DD8       ShowCommands
 0002:00000DE4       ShowCommands
 0002:00000DF0       ShowCommands
 0001:00005A2C       ShowCursor
 0001:0000A718       ShowException
 0002:00000BF4       ShowFlags
 0002:00000E8C       ShowFlags
 0001:00051D04       ShowMDIClientEdge
 0001:00029EEC       ShowMessage
 0001:00029EF8       ShowMessagePos
 0001:00005A34       ShowOwnedPopups
 0001:00005A3C       ShowScrollBar
 0001:00005A44       ShowWindow
 0001:00059828       ShowWinNoAnimate
 0001:00045C04       ShowZone
 0002:00000C54       SizeCursors
 0001:00005304       SizeofResource
 0001:0001AD64       SkipBinary
 0001:0001AD94       SkipCollection
 0001:0001AD3C       SkipList
 0001:0000BD6C       Sleep
 0001:0000530C       Sleep
 0001:00014C0C       SmallPoint
 0001:00005B00       SmallPointToPoint
 0002:00002624       smallTab
 0002:000025EC       spaceRoot
 0001:00071730       SQLite3
 0001:00070EA8       sqlite3_bind_blob
 0001:00070EB8       sqlite3_bind_double
 0001:00070EC0       sqlite3_bind_int
 0001:00070EC8       sqlite3_bind_int64
 0001:00070ED0       sqlite3_bind_null
 0001:00070ED8       sqlite3_bind_parameter_index
 0001:00070EB0       sqlite3_bind_text
 0001:00070E20       SQLite3_Close
 0001:00070E68       SQLite3_ColumnBlob
 0001:00070E70       SQLite3_ColumnBytes
 0001:00070E48       SQLite3_ColumnCount
 0001:00070E58       SQLite3_ColumnDeclType
 0001:00070E78       SQLite3_ColumnDouble
 0001:00070E90       SQLite3_ColumnInt64
 0001:00070E50       SQLite3_ColumnName
 0001:00070E80       SQLite3_ColumnText
 0001:00070E88       SQLite3_ColumnType
 0001:00070E30       SQLite3_ErrCode
 0001:00070E28       SQLite3_ErrMsg
 0001:00070E98       SQLite3_Finalize
 0001:00070E38       SQlite3_Free
 0001:00070E18       SQLite3_Open
 0001:00070E40       SQLite3_Prepare_v2
 0001:00070EA0       SQLite3_Reset
 0001:00070E60       SQLite3_Step
 0001:00070EE0       SQLiteErrorStr
 0001:00073320       SQLiteTable3
 0001:0001588C       StartClassGroup
 0001:00034F38       StdActns
 0001:00034DD0       StdCtrls
 0001:00070674       StdVCL
 0001:0001CA8C       StdWndProc
 0002:000028A0       StockBrush
 0002:000028A4       StockFont
 0002:000028A8       StockIcon
 0002:0000289C       StockPen
 0001:00007A14       StrAlloc
 0001:00007A28       StrBufSize
 0001:0000B208       StrByteType
 0001:0000B3F4       StrCharLength
 0001:00007904       StrComp
 0001:00007864       StrCopy
 0001:00007A60       StrDispose
 0001:00049048       StreamsEqual
 0001:00007840       StrEnd
 0001:00005564       StretchBlt
 0001:00007E70       StrFmt
 0001:00007928       StrIComp
 0001:00017C38       StringListCompareStrings
 0001:0000BC38       StringReplace
 0001:00003CFC       StringToOleStr
 0001:0004FC54       StripHotkey
 0001:0000788C       StrLCopy
 0001:00007828       StrLen
 0001:00007EB0       StrLFmt
 0001:00007968       StrLIComp
 0001:00007854       StrMove
 0001:00007A34       StrNew
 0001:0000B414       StrNextChar
 0001:000078C0       StrPCopy
 0001:000078E4       StrPLCopy
 0001:000079C0       StrPos
 0001:000079AC       StrScan
 0001:0000867C       StrToFloat
 0001:00007314       StrToInt
 0001:00007350       StrToIntDef
 0001:0002C8F8       StrUtils
 0002:00000DCC       Styles
 0001:0001358C       Succeeded
 0001:0000C2E0       Supports
 0001:0000C304       Supports
 0002:00002854       SyncEvent
 0002:000003FC       SyncList
 0001:00028234       SyncObjs
 0001:000002E4       SysAllocStringLen
 0001:00006064       SysConst
 0002:00000D94       SysConsts
 0002:00000D9C       SysConsts
 0001:00009FD8       SysErrorMessage
 0001:00001298       SysFreeMem
 0001:000002F4       SysFreeString
 0001:0001357C       SysFreeString
 0001:00001108       SysGetMem
 0001:00004FE0       SysInit
 0002:00002744       SysLocale
 0001:00001618       SysReallocMem
 0001:000002EC       SysReAllocStringLen
 0001:00004DD4       System
 0002:00002890       SystemPalette16
 0001:000206D8       SystemPaletteOverride
 0001:00005A4C       SystemParametersInfo
 0001:0000C870       SysUtils
 0001:0004752C       TActionLink.IsCaptionLinked
 0001:00047540       TActionLink.IsCheckedLinked
 0001:00047554       TActionLink.IsEnabledLinked
 0001:00047568       TActionLink.IsGroupIndexLinked
 0001:0004757C       TActionLink.IsHelpContextLinked
 0001:00047590       TActionLink.IsHelpLinked
 0001:000475A4       TActionLink.IsHintLinked
 0001:000475B8       TActionLink.IsImageIndexLinked
 0001:000475CC       TActionLink.IsShortCutLinked
 0001:000475E0       TActionLink.IsVisibleLinked
 0001:000475F4       TActionLink.SetAutoCheck
 0001:000475F8       TActionLink.SetCaption
 0001:000475FC       TActionLink.SetChecked
 0001:00047600       TActionLink.SetEnabled
 0001:00047604       TActionLink.SetGroupIndex
 0001:00047608       TActionLink.SetHelpContext
 0001:0004760C       TActionLink.SetHelpKeyword
 0001:00047610       TActionLink.SetHelpType
 0001:00047614       TActionLink.SetHint
 0001:00047618       TActionLink.SetImageIndex
 0001:0004761C       TActionLink.SetShortCut
 0001:00047620       TActionLink.SetVisible
 0001:0005BD6C       TApplication.ActivateHint
 0001:0005A9C0       TApplication.BringToFront
 0001:0005BAD4       TApplication.CancelHint
 0001:00059FA4       TApplication.CheckIniChange
 0001:00059D20       TApplication.ControlDestroyed
 0001:00059868       TApplication.Create
 0001:0005ADC0       TApplication.CreateForm
 0001:00059B70       TApplication.CreateHandle
 0001:00059A54       TApplication.Destroy
[...]
 0002:00002A78       ButtonWidths
 0002:00002AA4       .12
 0002:00002AA8       .1
 0002:00002AAC       CF_PICTURE
 0002:00002AAE       CF_COMPONENT
 0002:00002AB0       .2
 0002:00002AB4       FClipboard
 0002:00002AB8       .1
 0002:00002ABC       .4
 0002:00002AC0       BitBtnGlyphs
 0002:00002AEC       .3
 0002:00002AF0       .8
 0002:00002AF4       .5
 0002:00002AF8       .1
 0002:00002AFC       .72
 0002:00002B00       UrlMonHandle
 0002:00002B04       UrlMonInitialized
 0002:00002B08       .8
 0002:00002B0C       .36
 0002:00002B10       ShellModule
 0002:00002B14       FRichEditModule
 0002:00002B18       ComCtlVersion
 0002:00002B1C       .2
 0002:00002B20       InternalServices
 0002:00002B24       .42
 0002:00002B28       .73
 0002:00002B2C       WinHelpTester
 0002:00002B30       ViewerName
 0002:00002B34       .1
 0002:00002B38       HelpViewer
 0002:00002B3C       HelpViewerIntf
 0002:00002B40       Mouse
 0002:00002B44       NewStyleControls
 0002:00002B48       .72
 0002:00002B4C       WindowAtom
 0002:00002B4E       ControlAtom
 0002:00002B50       WindowAtomString
 0002:00002B54       ControlAtomString
 0002:00002B58       RM_GetObjectInstance
 0002:00002B5C       DragControl
 0002:00002B60       DragObject
 0002:00002B64       DragInternalObject
 0002:00002B68       DragCapture
 0002:00002B6C       DragStartPos
 0002:00002B74       DragSaveCursor
 0002:00002B78       DragThreshold
 0002:00002B7C       ActiveDrag
 0002:00002B80       DragImageList
 0002:00002B84       DockSiteList
 0002:00002B88       QualifyingSites
 0002:00002B8C       DragSave
 0002:00002B90       CanvasList
 0002:00002B94       _WINNLSEnableIME
 0002:00002B98       _ImmGetContext
 0002:00002B9C       _ImmReleaseContext
 0002:00002BA0       _ImmGetConversionStatus
 0002:00002BA4       _ImmSetConversionStatus
 0002:00002BA8       _ImmSetOpenStatus
 0002:00002BAC       _ImmSetCompositionWindow
 0002:00002BB0       _ImmSetCompositionFont
 0002:00002BB4       _ImmGetCompositionString
 0002:00002BB8       _ImmIsIME
 0002:00002BBC       _ImmNotifyIME
 0002:00002BC0       .8
 0002:00002BC4       .3
 0002:00002BC8       CachedComCtrlVer
 0002:00002BCC       ImageListWriteExProc
 0002:00002BD0       PopupList
 0002:00002BD4       ShortCutItems
 0002:00002BD8       .9
 0002:00002BDC       CommandPool
 0002:00002BE0       Application
 0002:00002BE4       Screen
 0002:00002BE8       .41
 0002:00002BEC       RM_TaskbarCreated
 0002:00002BF0       HintThreadID
 0002:00002BF4       HintDoneEvent
 0002:00002BF8       HintHook
 0002:00002BFC       HintThread
 0002:00002C00       .1
 0002:00002C04       .3
 0002:00002C08       .1
 0002:00002C0C       .41
 0002:00002C10       OleUninitializing
 0002:00002C14       ComClassManagerVar
 0002:00002C18       SaveInitProc
 0002:00002C1C       NeedToUninitialize
 0002:00002C20       .1
 0002:00002C24       .02
 0002:00002C28       xParkingWindow
 0002:00002C2C       OlePro32DLL
 0002:00002C30       _OleCreatePropertyFrame
 0002:00002C34       _OleCreateFontIndirect
 0002:00002C38       _OleCreatePictureIndirect
 0002:00002C3C       _OleLoadPicture
 0002:00002C40       .1
 0002:00002C44       .6
 0002:00002C48       .2
 0002:00002C4C       .2
 0002:00002C50       .2
 0002:00002C54       Form1
 0002:00002C58       .7


Line numbers for SQLite3(SQLite3.pas) segment .text

   101 0001:00070E18   102 0001:00070E20   105 0001:00070E28   106 0001:00070E30
   107 0001:00070E38   118 0001:00070E40   119 0001:00070E48   120 0001:00070E50
   121 0001:00070E58   122 0001:00070E60   125 0001:00070E68   126 0001:00070E70
   127 0001:00070E78   129 0001:00070E80   130 0001:00070E88   131 0001:00070E90
   132 0001:00070E98   133 0001:00070EA0   170 0001:00070EA8   173 0001:00070EB0
   175 0001:00070EB8   177 0001:00070EC0   179 0001:00070EC8   181 0001:00070ED0
   184 0001:00070ED8   214 0001:00070EE0   215 0001:00070EF9   216 0001:00070FEF
   217 0001:00071000   218 0001:00071011   219 0001:00071022   220 0001:00071033
   221 0001:00071044   222 0001:00071055   223 0001:00071066   224 0001:00071077
   225 0001:00071088   226 0001:00071099   227 0001:000710AA   228 0001:000710BB
   229 0001:000710CC   230 0001:000710DD   231 0001:000710EE   232 0001:000710FF
   233 0001:00071110   234 0001:00071121   235 0001:00071132   236 0001:00071143
   237 0001:00071154   238 0001:00071165   239 0001:00071173   240 0001:00071181
   241 0001:0007118F   242 0001:0007119D   243 0001:000711AB   244 0001:000711B9
   246 0001:000711C7   248 0001:00071207   259 0001:00071730   259 0001:00071737

Line numbers for SQLiteTable3(SQLiteTable3.pas) segment .text

   257 0001:00071850   258 0001:00071856   259 0001:0007185A   260 0001:0007185F
   280 0001:00071864   281 0001:00071892   282 0001:0007189C   284 0001:000718AE
   286 0001:000718B5   287 0001:000718BA   288 0001:000718C8   289 0001:000718D6
   291 0001:000718EE   292 0001:000718F2   294 0001:000718FC   295 0001:00071906
   299 0001:00071935   310 0001:00071965   311 0001:0007196B   314 0001:000719B5
   319 0001:00071A20   320 0001:00071A2E   321 0001:00071A34   322 0001:00071A3B
   323 0001:00071A42   324 0001:00071A49   325 0001:00071A50   326 0001:00071A58
   327 0001:00071A6F   346 0001:00071A74   348 0001:00071AAB   350 0001:00071AAD
   351 0001:00071AB9   352 0001:00071ABD   354 0001:00071AC9   355 0001:00071ACD
   357 0001:00071B25   359 0001:00071B84   382 0001:00071BC4   383 0001:00071BF1
   385 0001:00071C0A   391 0001:00071C57   393 0001:00071CAC   394 0001:00071CB7
   395 0001:00071CC2   398 0001:00071CD3   399 0001:00071CD9   402 0001:00071CE5
   403 0001:00071CE8   404 0001:00071CF2   407 0001:00071D02   408 0001:00071D23
   411 0001:00071D2F   412 0001:00071D47   415 0001:00071D50   416 0001:00071D66
   419 0001:00071D6F   420 0001:00071D91   423 0001:00071D9A   425 0001:00071DB0
   426 0001:00071DD3   429 0001:00071DEA   430 0001:00071E07   432 0001:00071E1E
   433 0001:00071E3F   435 0001:00071E56   436 0001:00071E7B   438 0001:00071E92
   439 0001:00071EB1   442 0001:00071EC8   444 0001:00071ECE   445 0001:00071EE7
   448 0001:00071EFE   452 0001:00071F19   455 0001:00071F2D   458 0001:00071F68
   461 0001:00071F7F   464 0001:00071F90   466 0001:00071F99   467 0001:00071FA4
   468 0001:00071FAA   470 0001:00071FC0   471 0001:00071FCB   473 0001:00071FD8
   474 0001:00071FFB   477 0001:0007200F   481 0001:00072027   484 0001:0007203D
   383 0001:00072043   485 0001:00072097   488 0001:0007223C   489 0001:0007223F
   490 0001:00072248   497 0001:0007224C   498 0001:0007225B   499 0001:00072269
   501 0001:0007228B   502 0001:00072299   503 0001:0007229F   504 0001:000722AD
   505 0001:000722B6   506 0001:000722C0   508 0001:000722D0   509 0001:000722DA
   511 0001:000722DF   512 0001:000722E9   515 0001:00072304   516 0001:0007230A
   518 0001:0007231C   657 0001:00072394   658 0001:00072397   659 0001:000723A6
   750 0001:000723A8   751 0001:000723AE   752 0001:000723BA   753 0001:000723BE
   759 0001:000723D8   761 0001:00072402   763 0001:00072427   764 0001:00072434
   765 0001:00072442   767 0001:0007245D   769 0001:0007249D   797 0001:00072504
   798 0001:0007250B   799 0001:00072517   798 0001:00072527   800 0001:0007252C
   801 0001:00072534   851 0001:00072538   852 0001:00072547   853 0001:00072555
   855 0001:0007256F   856 0001:0007257F   857 0001:00072596   859 0001:0007259A
   861 0001:000725AD   863 0001:000725C2   865 0001:000725D7   868 0001:000725FA
   871 0001:00072607   853 0001:0007260A   873 0001:0007261E   875 0001:0007262E
   884 0001:00072638   885 0001:00072658   886 0001:0007265F   887 0001:00072687
   917 0001:0007268C   918 0001:000726A1   919 0001:000726C8   937 0001:000726D0
   938 0001:00072719   939 0001:00072723   940 0001:00072731   941 0001:00072739
   944 0001:00072741   945 0001:00072767   946 0001:00072777   947 0001:0007277D
   948 0001:0007278D   949 0001:00072798   950 0001:000727A3   952 0001:000727B5
   953 0001:000727BF   955 0001:000727C8   958 0001:000727DA   959 0001:000727E0
   962 0001:000727ED   963 0001:000727FF   964 0001:00072811   965 0001:00072823
   966 0001:0007282D   965 0001:0007285E   967 0001:00072861   969 0001:00072873
   970 0001:00072880   971 0001:0007288F   972 0001:00072893   975 0001:000728AA
   976 0001:000728DC   978 0001:000728EA   982 0001:0007294E   984 0001:00072959
   985 0001:00072972   987 0001:0007297D   988 0001:00072986   989 0001:00072994
   967 0001:00072995   990 0001:0007299C   994 0001:000729AE   996 0001:000729C0
   997 0001:000729CD   998 0001:000729D2  1000 0001:000729E4  1002 0001:000729F6
  1003 0001:00072A03  1004 0001:00072A18  1007 0001:00072A2B  1009 0001:00072A3D
  1010 0001:00072A49  1011 0001:00072A59  1014 0001:00072A6B  1016 0001:00072A7D
  1017 0001:00072A8C  1018 0001:00072A90  1021 0001:00072A97  1022 0001:00072AA6
  1023 0001:00072AB2  1024 0001:00072ABF  1026 0001:00072ACB  1030 0001:00072ADB
  1031 0001:00072AEE  1032 0001:00072AFD  1033 0001:00072B10  1035 0001:00072B1E
   994 0001:00072B1F  1038 0001:00072B28  1042 0001:00072B5C  1043 0001:00072B66
  1046 0001:00072B76   953 0001:00072B80  1048 0001:00072B89  1050 0001:00072B9E
  1051 0001:00072BA4  1053 0001:00072BF3  1061 0001:00072CE8  1062 0001:00072CFB
  1064 0001:00072D06  1067 0001:00072D11  1068 0001:00072D1B  1070 0001:00072D30
  1072 0001:00072D41  1074 0001:00072D4F  1075 0001:00072D62  1078 0001:00072D75
  1080 0001:00072D86  1064 0001:00072D87  1081 0001:00072D8A  1083 0001:00072D92
  1084 0001:00072D99  1085 0001:00072D9E  1086 0001:00072DA5  1087 0001:00072DB0
  1086 0001:00072DC2  1088 0001:00072DC5  1089 0001:00072DCD  1090 0001:00072DE7
  1111 0001:00072DF0  1112 0001:00072DF3  1118 0001:00072DF4  1119 0001:00072DFD
  1161 0001:00072E00  1162 0001:00072E0D  1163 0001:00072E14  1164 0001:00072E1F
  1168 0001:00072E35  1170 0001:00072E42  1173 0001:00072E50  1174 0001:00072E64
  1175 0001:00072E68  1177 0001:00072E73  1180 0001:00072E7C  1182 0001:00072E91
  1184 0001:00072EAB  1186 0001:00072EB9  1188 0001:00072EC0  1191 0001:00072EE8
  1192 0001:00072EF1  1193 0001:00072EFC  1194 0001:00072F12  1195 0001:00072F27
  1197 0001:00072F2B  1198 0001:00072F3A  1200 0001:00072F4D  1201 0001:00072F63
  1207 0001:00072FA4  1208 0001:00072FB0  1209 0001:00072FB7  1210 0001:00072FC2
  1211 0001:00072FC6  1213 0001:00072FDA  1217 0001:00072FE5  1219 0001:00072FF3
  1220 0001:00073004  1221 0001:0007300F  1222 0001:00073020  1227 0001:00073027
  1231 0001:0007302C  1232 0001:00073038  1233 0001:00073043  1234 0001:00073059
  1235 0001:0007306E  1237 0001:0007307E  1238 0001:0007308D  1240 0001:000730AB
  1241 0001:000730BA  1243 0001:000730DF  1244 0001:000730FB  1247 0001:0007314C
  1248 0001:00073158  1249 0001:00073163  1250 0001:00073179  1251 0001:0007318E
  1253 0001:00073198  1254 0001:000731A7  1256 0001:000731C0  1257 0001:000731CF
  1259 0001:000731ED  1260 0001:00073206  1263 0001:00073254  1264 0001:00073260
  1265 0001:0007326B  1266 0001:00073281  1267 0001:00073296  1269 0001:0007329F
  1270 0001:000732AA  1285 0001:000732D0  1286 0001:000732D7  1287 0001:000732D9
  1289 0001:000732E4  1290 0001:000732E7  1292 0001:000732EB  1512 0001:00073320
  1512 0001:00073327

Line numbers for resultWindow(resultWindow.pas) segment .text

    28 0001:000734D8    29 0001:000734DB    30 0001:000734E0    32 0001:00073514
    32 0001:0007351B

Line numbers for nameGetter(nameGetter.pas) segment .text

    29 0001:000736DC    30 0001:000736DF    31 0001:000736E4    33 0001:00073718
    33 0001:0007371F

Line numbers for dbMgr(dbMgr.pas) segment .text

    35 0001:00073774    36 0001:00073792    38 0001:00073798    39 0001:000737AF
    40 0001:000737C3    43 0001:000737D7    44 0001:000737E5    46 0001:000737F9
    47 0001:00073809    48 0001:00073819    49 0001:00073829    52 0001:00073848
    55 0001:0007386E    69 0001:000739D8    70 0001:00073A04    71 0001:00073A35
    75 0001:00073A3D    77 0001:00073A48    80 0001:00073A53    84 0001:00073ABB
    86 0001:00073AC2    87 0001:00073AD0    89 0001:00073AEE    90 0001:00073AFB
    93 0001:00073B0A    95 0001:00073B1B    97 0001:00073B2B    98 0001:00073B8C
    95 0001:00073B93   103 0001:00073B98   105 0001:00073BD7   107 0001:00073CE8
   107 0001:00073CEF

Line numbers for Unit1(Unit1.pas) segment .text

   223 0001:0007424C   225 0001:00074253   227 0001:00074265   229 0001:00074277
   230 0001:0007428B   231 0001:00074297   233 0001:000742A4   234 0001:000742B8
   235 0001:000742C4   237 0001:000742D1   239 0001:000742E3   240 0001:000742F7
   241 0001:00074303   244 0001:00074310   245 0001:00074324   246 0001:00074330
   249 0001:0007433D   250 0001:00074351   251 0001:0007435D   253 0001:0007436A
   254 0001:0007437C   256 0001:0007438E   258 0001:000743A4   259 0001:000743A6
   262 0001:000743AB   264 0001:000743C1   265 0001:000743C3   268 0001:000743C8
   270 0001:000743DE   271 0001:000743E0   275 0001:000743E5   277 0001:000743FB
   278 0001:000743FD   281 0001:000743FF   283 0001:00074415   284 0001:00074417
   287 0001:00074419   289 0001:0007442F   290 0001:00074431   294 0001:00074433
   296 0001:00074449   297 0001:0007444B   301 0001:0007444D   303 0001:00074463
   304 0001:00074465   309 0001:00074467   311 0001:00074469   316 0001:0007454C
   317 0001:00074562   318 0001:00074577   319 0001:0007457D   322 0001:00074589
   323 0001:0007458E   324 0001:00074599   327 0001:000745A5   329 0001:000745AC
   330 0001:000745B6   331 0001:000745C0   332 0001:000745C8   333 0001:000745D7
   335 0001:000745DE   340 0001:000745F0   341 0001:00074611   342 0001:0007461E
   348 0001:00074633   350 0001:0007463A   353 0001:0007465B   358 0001:00074684
   359 0001:0007468F   361 0001:00074698   362 0001:0007469A   365 0001:0007469F
   369 0001:000746AA   370 0001:000746B8   374 0001:000746C6   376 0001:000746F5
   377 0001:00074707   378 0001:00074725   379 0001:0007472B   381 0001:0007474A
   383 0001:00074756   384 0001:00074761   387 0001:00074779   390 0001:00074780
   394 0001:00074795   397 0001:000747E6   400 0001:0007483B   402 0001:00074891
   405 0001:000748E8   390 0001:000748E9   410 0001:000748F2   411 0001:000748F4
   420 0001:000748FC   421 0001:00074920   422 0001:0007492F   424 0001:0007493D
   425 0001:00074950   426 0001:0007495A   429 0001:00074961   430 0001:00074972
   431 0001:00074983   437 0001:000749B2   439 0001:000749B4   441 0001:000749BC
   446 0001:000749C8   448 0001:000749D0   450 0001:000749F1   454 0001:000749F8
   456 0001:000749FF   460 0001:00074A00   462 0001:00074A07   465 0001:00074A08
   466 0001:00074A28   467 0001:00074A59   477 0001:00074A60   479 0001:00074A84
   480 0001:00074A92   483 0001:00074AAC   484 0001:00074ABC   487 0001:00074AC5
   489 0001:00074ACF   493 0001:00074AFE   494 0001:00074B08   496 0001:00074B20
   497 0001:00074B38   494 0001:00074B3B   499 0001:00074B40   500 0001:00074B47
   501 0001:00074B54   502 0001:00074B56   509 0001:00074B63   511 0001:00074B6D
   512 0001:00074B73   513 0001:00074B8F   515 0001:00074B98   516 0001:00074BA5
   517 0001:00074BB1   518 0001:00074BB8   520 0001:00074BC4   521 0001:00074BD8
   525 0001:00074BE2   526 0001:00074BEF   527 0001:00074BF6   528 0001:00074BF8
   536 0001:00074C05   538 0001:00074C0B   539 0001:00074C15   544 0001:00074C5D
   550 0001:00074CA0   555 0001:00074CA7   480 0001:00074CAA   558 0001:00074CC0
   559 0001:00074CC2   562 0001:00074CCE   565 0001:00074CFC   568 0001:00074D24
   569 0001:00074D2D   571 0001:00074D38   572 0001:00074D42   573 0001:00074D44
   576 0001:00074D46   577 0001:00074D51   579 0001:00074D5D   581 0001:00074D68
   582 0001:00074D72   583 0001:00074D74   586 0001:00074D76   588 0001:00074DA1
   590 0001:00074DA3   596 0001:00074DEC   598 0001:00074E19   601 0001:00074E20
   602 0001:00074E3A   599 0001:00074E3B   604 0001:00074E51   608 0001:00074E54
   609 0001:00074E6E   606 0001:00074E6F   612 0001:00074E7B   614 0001:00074E87
   615 0001:00074E95   618 0001:00074EAF   619 0001:00074EB1   623 0001:00074EC0
   627 0001:00074ECF   628 0001:00074ED8   629 0001:00074F04   630 0001:00074F33
   631 0001:00074F35   635 0001:00074F3A   637 0001:00074F49   639 0001:00074F58
   641 0001:00074F65   642 0001:00074F71   637 0001:00074F72   644 0001:00074F76
   645 0001:00074F86   646 0001:00074F88   648 0001:00074F8A   651 0001:00074F91
   653 0001:00074FA0   654 0001:00074FA9   655 0001:00074FCD   658 0001:00074FCF
   660 0001:00075002   664 0001:00075080   666 0001:000750A0   668 0001:000750AF
   669 0001:000750D5   672 0001:000750E7   674 0001:000750F6   675 0001:0007511C
   678 0001:0007512B   680 0001:0007513A   681 0001:00075160   684 0001:0007518A
   687 0001:000751D0   688 0001:000751D7   689 0001:000751EB   690 0001:000751F7
   691 0001:00075207   692 0001:00075217   699 0001:0007525C   700 0001:00075271
   701 0001:00075274   702 0001:0007527D   703 0001:0007528E   704 0001:000752AC
   707 0001:000752B4   710 0001:000752C2   714 0001:000752C4   715 0001:000752C7
   719 0001:000752C8   720 0001:000752CB   723 0001:000752CC   724 0001:000752CE
   725 0001:000752DA   729 0001:000752E0   730 0001:000752E6   732 0001:000752E9
   736 0001:000752EC   737 0001:000752F2   738 0001:000752F5   742 0001:000752F8
   743 0001:00075302   744 0001:00075305   748 0001:00075308   749 0001:0007530E
   751 0001:00075311   754 0001:00075314   756 0001:00075316   759 0001:0007531D
   761 0001:0007531E   762 0001:0007532F   764 0001:0007533B   765 0001:0007533F
   767 0001:00075342   770 0001:00075348   771 0001:0007534B   772 0001:00075356
   775 0001:00075358   776 0001:0007535B   777 0001:00075360   782 0001:00075364
   784 0001:00075381   786 0001:00075390   787 0001:00075393   788 0001:00075396
   789 0001:0007539C   792 0001:000753A3   793 0001:000753AA   796 0001:000753AD
   798 0001:000753B0   801 0001:000753E9   805 0001:0007540B   814 0001:00075414
   815 0001:00075416   816 0001:00075422   820 0001:00075428   821 0001:0007542B
   824 0001:0007542C   825 0001:00075444   826 0001:0007544D   827 0001:00075497
   830 0001:000754B0   835 0001:000754B6   838 0001:000754F0   840 0001:000754F9
   841 0001:00075506   843 0001:0007550A   844 0001:00075518   847 0001:0007551C
   854 0001:00075524   855 0001:00075527   856 0001:00075530   858 0001:0007553D
   863 0001:00075550   864 0001:00075568   865 0001:00075571   867 0001:000755C1
   870 0001:000755DC   871 0001:000755F4   872 0001:00075602   874 0001:0007562B
   875 0001:0007564D   880 0001:00075654   882 0001:0007565C   884 0001:00075667
   886 0001:00075672   887 0001:0007567D   888 0001:00075688   889 0001:00075693
   890 0001:0007569E   891 0001:000756A9   892 0001:000756B4   895 0001:000756BF
   897 0001:000756D0   898 0001:000756DD   899 0001:000756E2   895 0001:000756E3
   900 0001:000756E6   902 0001:000756F1   905 0001:000756FC   912 0001:00075704
   916 0001:00075708   917 0001:00075711   918 0001:00075717   922 0001:00075718
   923 0001:00075721   924 0001:00075727   929 0001:00075728   930 0001:00075731
   931 0001:00075737   935 0001:00075738   936 0001:00075741   937 0001:00075747
   942 0001:00075748   945 0001:0007574B   947 0001:00075757   948 0001:0007575D
   951 0001:0007575F   954 0001:00075769   955 0001:00075784   956 0001:00075791
   957 0001:0007579E   958 0001:000757AB   964 0001:000757B6   967 0001:000757B8
   968 0001:000757D0   969 0001:000757DD   970 0001:000757E7   971 0001:000757EF
   973 0001:0007580B   974 0001:00075815   975 0001:0007582D   978 0001:0007585D
   982 0001:00075864   983 0001:0007586A   985 0001:0007589C   985 0001:000758A3

Line numbers for Project1(G:\Game\Project1.dpr) segment .text

    14 0001:00075B04    15 0001:00075B14    16 0001:00075B20    17 0001:00075B38
    18 0001:00075B44

Bound resource files

d:\program\delphi\Lib\Buttons.res
d:\program\delphi\Lib\ExtDlgs.res
d:\program\delphi\Lib\Controls.res
resultWindow.dfm
nameGetter.dfm
Unit1.dfm
Project1.res
Project1.drf


Program entry point at 0001:00075B04
